Component: ARM Compiler 5.06 update 3 (build 300) Tool: armlink [4d35c9]

==============================================================================

Section Cross References

    startup_stm32f427xx.o(RESET) refers to startup_stm32f427xx.o(STACK) for __initial_sp
    startup_stm32f427xx.o(RESET) refers to startup_stm32f427xx.o(.text) for Reset_Handler
    startup_stm32f427xx.o(RESET) refers to stm32f4xx_it.o(i.NMI_Handler) for NMI_Handler
    startup_stm32f427xx.o(RESET) refers to stm32f4xx_it.o(i.HardFault_Handler) for HardFault_Handler
    startup_stm32f427xx.o(RESET) refers to stm32f4xx_it.o(i.MemManage_Handler) for MemManage_Handler
    startup_stm32f427xx.o(RESET) refers to stm32f4xx_it.o(i.BusFault_Handler) for BusFault_Handler
    startup_stm32f427xx.o(RESET) refers to stm32f4xx_it.o(i.UsageFault_Handler) for UsageFault_Handler
    startup_stm32f427xx.o(RESET) refers to port.o(.emb_text) for SVC_Handler
    startup_stm32f427xx.o(RESET) refers to stm32f4xx_it.o(i.DebugMon_Handler) for DebugMon_Handler
    startup_stm32f427xx.o(RESET) refers to stm32f4xx_it.o(i.SysTick_Handler) for SysTick_Handler
    startup_stm32f427xx.o(RESET) refers to stm32f4xx_it.o(i.EXTI2_IRQHandler) for EXTI2_IRQHandler
    startup_stm32f427xx.o(RESET) refers to stm32f4xx_it.o(i.EXTI4_IRQHandler) for EXTI4_IRQHandler
    startup_stm32f427xx.o(RESET) refers to stm32f4xx_it.o(i.DMA1_Stream3_IRQHandler) for DMA1_Stream3_IRQHandler
    startup_stm32f427xx.o(RESET) refers to stm32f4xx_it.o(i.DMA1_Stream5_IRQHandler) for DMA1_Stream5_IRQHandler
    startup_stm32f427xx.o(RESET) refers to stm32f4xx_it.o(i.DMA1_Stream6_IRQHandler) for DMA1_Stream6_IRQHandler
    startup_stm32f427xx.o(RESET) refers to stm32f4xx_it.o(i.CAN1_RX0_IRQHandler) for CAN1_RX0_IRQHandler
    startup_stm32f427xx.o(RESET) refers to stm32f4xx_it.o(i.EXTI9_5_IRQHandler) for EXTI9_5_IRQHandler
    startup_stm32f427xx.o(RESET) refers to stm32f4xx_it.o(i.TIM1_UP_TIM10_IRQHandler) for TIM1_UP_TIM10_IRQHandler
    startup_stm32f427xx.o(RESET) refers to stm32f4xx_it.o(i.TIM3_IRQHandler) for TIM3_IRQHandler
    startup_stm32f427xx.o(RESET) refers to stm32f4xx_it.o(i.USART1_IRQHandler) for USART1_IRQHandler
    startup_stm32f427xx.o(RESET) refers to stm32f4xx_it.o(i.TIM8_BRK_TIM12_IRQHandler) for TIM8_BRK_TIM12_IRQHandler
    startup_stm32f427xx.o(RESET) refers to stm32f4xx_it.o(i.TIM6_DAC_IRQHandler) for TIM6_DAC_IRQHandler
    startup_stm32f427xx.o(RESET) refers to stm32f4xx_it.o(i.DMA2_Stream1_IRQHandler) for DMA2_Stream1_IRQHandler
    startup_stm32f427xx.o(RESET) refers to stm32f4xx_it.o(i.DMA2_Stream2_IRQHandler) for DMA2_Stream2_IRQHandler
    startup_stm32f427xx.o(RESET) refers to stm32f4xx_it.o(i.DMA2_Stream4_IRQHandler) for DMA2_Stream4_IRQHandler
    startup_stm32f427xx.o(RESET) refers to stm32f4xx_it.o(i.CAN2_RX0_IRQHandler) for CAN2_RX0_IRQHandler
    startup_stm32f427xx.o(RESET) refers to stm32f4xx_it.o(i.USART6_IRQHandler) for USART6_IRQHandler
    startup_stm32f427xx.o(RESET) refers to stm32f4xx_it.o(i.UART8_IRQHandler) for UART8_IRQHandler
    startup_stm32f427xx.o(.text) refers to system_stm32f4xx.o(i.SystemInit) for SystemInit
    startup_stm32f427xx.o(.text) refers to entry.o(.ARM.Collect$$$$00000000) for __main
    main.o(i.SystemClock_Config) refers to memseta.o(.text) for __aeabi_memclr4
    main.o(i.SystemClock_Config) refers to stm32f4xx_hal_rcc.o(i.HAL_RCC_OscConfig) for HAL_RCC_OscConfig
    main.o(i.SystemClock_Config) refers to stm32f4xx_hal_rcc.o(i.HAL_RCC_ClockConfig) for HAL_RCC_ClockConfig
    main.o(i.SystemClock_Config) refers to stm32f4xx_hal_rcc.o(i.HAL_RCC_GetHCLKFreq) for HAL_RCC_GetHCLKFreq
    main.o(i.SystemClock_Config) refers to stm32f4xx_hal_cortex.o(i.HAL_SYSTICK_Config) for HAL_SYSTICK_Config
    main.o(i.SystemClock_Config) refers to stm32f4xx_hal_cortex.o(i.HAL_SYSTICK_CLKSourceConfig) for HAL_SYSTICK_CLKSourceConfig
    main.o(i.SystemClock_Config) refers to stm32f4xx_hal_cortex.o(i.HAL_NVIC_SetPriority) for HAL_NVIC_SetPriority
    main.o(i.main) refers to stm32f4xx_hal.o(i.HAL_Init) for HAL_Init
    main.o(i.main) refers to main.o(i.SystemClock_Config) for SystemClock_Config
    main.o(i.main) refers to port.o(i.vPortEnterCritical) for vPortEnterCritical
    main.o(i.main) refers to bsp.o(i.BSP_Init) for BSP_Init
    main.o(i.main) refers to freertos.o(i.MX_FREERTOS_Init) for MX_FREERTOS_Init
    main.o(i.main) refers to port.o(i.vPortExitCritical) for vPortExitCritical
    main.o(i.main) refers to cmsis_os.o(i.osKernelStart) for osKernelStart
    gpio.o(i.MX_GPIO_Init) refers to memseta.o(.text) for __aeabi_memclr4
    gpio.o(i.MX_GPIO_Init) refers to stm32f4xx_hal_gpio.o(i.HAL_GPIO_WritePin) for HAL_GPIO_WritePin
    gpio.o(i.MX_GPIO_Init) refers to stm32f4xx_hal_gpio.o(i.HAL_GPIO_Init) for HAL_GPIO_Init
    gpio.o(i.MX_GPIO_Init) refers to stm32f4xx_hal_cortex.o(i.HAL_NVIC_SetPriority) for HAL_NVIC_SetPriority
    gpio.o(i.MX_GPIO_Init) refers to stm32f4xx_hal_cortex.o(i.HAL_NVIC_EnableIRQ) for HAL_NVIC_EnableIRQ
[...]
    i.vTaskDelay                             0x080057b8   Section        0  tasks.o(i.vTaskDelay)
    i.vTaskDelayUntil                        0x08005804   Section        0  tasks.o(i.vTaskDelayUntil)
    i.vTaskNotifyGiveFromISR                 0x08005890   Section        0  tasks.o(i.vTaskNotifyGiveFromISR)
    i.vTaskStartScheduler                    0x08005948   Section        0  tasks.o(i.vTaskStartScheduler)
    i.vTaskSuspendAll                        0x080059b4   Section        0  tasks.o(i.vTaskSuspendAll)
    i.vTaskSwitchContext                     0x080059c4   Section        0  tasks.o(i.vTaskSwitchContext)
    i.xPortStartScheduler                    0x08005a20   Section        0  port.o(i.xPortStartScheduler)
    i.xPortSysTickHandler                    0x08005b14   Section        0  port.o(i.xPortSysTickHandler)
    i.xTaskCreate                            0x08005b40   Section        0  tasks.o(i.xTaskCreate)
    i.xTaskCreateStatic                      0x08005b9a   Section        0  tasks.o(i.xTaskCreateStatic)
    i.xTaskGetSchedulerState                 0x08005bf0   Section        0  tasks.o(i.xTaskGetSchedulerState)
    i.xTaskGetTickCount                      0x08005c0c   Section        0  tasks.o(i.xTaskGetTickCount)
    i.xTaskIncrementTick                     0x08005c18   Section        0  tasks.o(i.xTaskIncrementTick)
    i.xTaskResumeAll                         0x08005ce0   Section        0  tasks.o(i.xTaskResumeAll)
    .constdata                               0x08005da4   Section      112  freertos.o(.constdata)
    .constdata                               0x08005e14   Section        8  stm32f4xx_hal_dma.o(.constdata)
    flagBitshiftOffset                       0x08005e14   Data           8  stm32f4xx_hal_dma.o(.constdata)
    .constdata                               0x08005e1c   Section       16  system_stm32f4xx.o(.constdata)
    .constdata                               0x08005e2c   Section        8  system_stm32f4xx.o(.constdata)
    .constdata                               0x08005e34   Section       20  communication.o(.constdata)
    .conststring                             0x08005e48   Section       40  freertos.o(.conststring)
    .data                                    0x20000000   Section        4  can.o(.data)
    HAL_RCC_CAN1_CLK_ENABLED                 0x20000000   Data           4  can.o(.data)
    .data                                    0x20000004   Section       16  freertos.o(.data)
    .data                                    0x20000014   Section        4  freertos.o(.data)
    .data                                    0x20000018   Section        4  freertos.o(.data)
    .data                                    0x2000001c   Section       32  stm32f4xx_it.o(.data)
    i                                        0x2000001e   Data           2  stm32f4xx_it.o(.data)
    pxHigherPriorityTaskWoken                0x20000020   Data           4  stm32f4xx_it.o(.data)
    pxHigherPriorityTaskWoken                0x20000024   Data           4  stm32f4xx_it.o(.data)
    .data                                    0x2000003c   Section       12  stm32f4xx_hal.o(.data)
    .data                                    0x20000048   Section        4  system_stm32f4xx.o(.data)
    .data                                    0x2000004c   Section       60  tasks.o(.data)
    pxDelayedTaskList                        0x20000050   Data           4  tasks.o(.data)
    pxOverflowDelayedTaskList                0x20000054   Data           4  tasks.o(.data)
    uxDeletedTasksWaitingCleanUp             0x20000058   Data           4  tasks.o(.data)
    uxCurrentNumberOfTasks                   0x2000005c   Data           4  tasks.o(.data)
    xTickCount                               0x20000060   Data           4  tasks.o(.data)
    uxTopReadyPriority                       0x20000064   Data           4  tasks.o(.data)
    xSchedulerRunning                        0x20000068   Data           4  tasks.o(.data)
    uxPendedTicks                            0x2000006c   Data           4  tasks.o(.data)
    xYieldPending                            0x20000070   Data           4  tasks.o(.data)
    xNumOfOverflows                          0x20000074   Data           4  tasks.o(.data)
    uxTaskNumber                             0x20000078   Data           4  tasks.o(.data)
    xNextTaskUnblockTime                     0x2000007c   Data           4  tasks.o(.data)
    xIdleTaskHandle                          0x20000080   Data           4  tasks.o(.data)
    uxSchedulerSuspended                     0x20000084   Data           4  tasks.o(.data)
    .data                                    0x20000088   Section       24  heap_4.o(.data)
    pxEnd                                    0x20000088   Data           4  heap_4.o(.data)
    xFreeBytesRemaining                      0x2000008c   Data           4  heap_4.o(.data)
    xMinimumEverFreeBytesRemaining           0x20000090   Data           4  heap_4.o(.data)
    xBlockAllocatedBit                       0x20000094   Data           4  heap_4.o(.data)
    xStart                                   0x20000098   Data           8  heap_4.o(.data)
    .data                                    0x200000a0   Section       12  port.o(.data)
    ucMaxSysCallPriority                     0x200000a0   Data           1  port.o(.data)
    uxCriticalNesting                        0x200000a4   Data           4  port.o(.data)
    ulMaxPRIGROUPValue                       0x200000a8   Data           4  port.o(.data)
    .data                                    0x200000ac   Section       58  communication.o(.data)
    MPU_Rx                                   0x200000ad   Data           1  communication.o(.data)
    MPU_Tx                                   0x200000ae   Data           1  communication.o(.data)
    MPU_Rx                                   0x200000af   Data           1  communication.o(.data)
    MPU_Tx                                   0x200000b0   Data           1  communication.o(.data)
    MPU_Rx                                   0x200000b1   Data           1  communication.o(.data)
    MPU_Tx                                   0x200000b2   Data           1  communication.o(.data)
    i                                        0x200000b4   Data           2  communication.o(.data)
    tly_cnt                                  0x200000b6   Data           2  communication.o(.data)
    sum_gz                                   0x200000b8   Data           4  communication.o(.data)
    sum_gy                                   0x200000bc   Data           4  communication.o(.data)
    MPU_Tx_buff                              0x200000d8   Data          14  communication.o(.data)
    .data                                    0x200000e6   Section        2  communication.o(.data)
    .data                                    0x200000e8   Section       16  gun_control.o(.data)
    set_cnt                                  0x200000ea   Data           1  gun_control.o(.data)
    Delay_flg                                0x200000eb   Data           1  gun_control.o(.data)
    set_angle                                0x200000ec   Data           4  gun_control.o(.data)
    Guodu_Start_time                         0x200000f0   Data           4  gun_control.o(.data)
    Reverse_Start_time                       0x200000f4   Data           4  gun_control.o(.data)
    .data                                    0x200000f8   Section        4  other_tasks.o(.data)
    .bss                                     0x200000fc   Section      168  adc.o(.bss)
    .bss                                     0x200001a4   Section       80  can.o(.bss)
    .bss                                     0x200001f4   Section      596  freertos.o(.bss)
    xIdleTaskTCBBuffer                       0x200001f4   Data          84  freertos.o(.bss)
    xIdleStack                               0x20000248   Data         512  freertos.o(.bss)
    .bss                                     0x20000448   Section       88  spi.o(.bss)
    .bss                                     0x200004a0   Section      256  tim.o(.bss)
    .bss                                     0x200005a0   Section      864  usart.o(.bss)
    .bss                                     0x20000900   Section       56  stm32f4xx_it.o(.bss)
    .bss                                     0x20000938   Section       64  stm32f4xx_hal_timebase_tim.o(.bss)
    .bss                                     0x20000978   Section      240  tasks.o(.bss)
    pxReadyTasksLists                        0x20000978   Data         140  tasks.o(.bss)
    xDelayedTaskList1                        0x20000a04   Data          20  tasks.o(.bss)
    xDelayedTaskList2                        0x20000a18   Data          20  tasks.o(.bss)
    xPendingReadyList                        0x20000a2c   Data          20  tasks.o(.bss)
    xTasksWaitingTermination                 0x20000a40   Data          20  tasks.o(.bss)
    xSuspendedTaskList                       0x20000a54   Data          20  tasks.o(.bss)
    .bss                                     0x20000a68   Section    15360  heap_4.o(.bss)
    ucHeap                                   0x20000a68   Data       15360  heap_4.o(.bss)
    .bss                                     0x20004668   Section       60  motor_use_can.o(.bss)
    .bss                                     0x200046a4   Section       60  motor_use_can.o(.bss)
    .bss                                     0x200046e0   Section       60  motor_use_can.o(.bss)
    .bss                                     0x2000471c   Section      168  motor_use_can.o(.bss)
    Cloud_Platform_Data                      0x2000471c   Data          24  motor_use_can.o(.bss)
    Chassis_Motor_Data                       0x20004734   Data          24  motor_use_can.o(.bss)
    Allocate_Motor_Data                      0x2000474c   Data          24  motor_use_can.o(.bss)
    CANSend_Remote                           0x20004764   Data          24  motor_use_can.o(.bss)
    CANSend_Gimbal                           0x2000477c   Data          24  motor_use_can.o(.bss)
    CANSend_Error                            0x20004794   Data          24  motor_use_can.o(.bss)
    CANSend_Cilent                           0x200047ac   Data          24  motor_use_can.o(.bss)
    .bss                                     0x200047c8   Section      136  power_restriction.o(.bss)
    .bss                                     0x20004850   Section       68  systemstate.o(.bss)
    .bss                                     0x20004894   Section      368  communication.o(.bss)
    raw_gz                                   0x20004970   Data          24  communication.o(.bss)
    raw_gy                                   0x20004988   Data          24  communication.o(.bss)
    .bss                                     0x20004a04   Section        9  communication.o(.bss)
    .bss                                     0x20004a10   Section       24  gimbal_control.o(.bss)
    .bss                                     0x20004a28   Section      324  gun_control.o(.bss)
    STACK                                    0x20004b70   Section     1024  startup_stm32f427xx.o(STACK)

    Global Symbols

    Symbol Name                              Value     Ov Type        Size  Object(Section)

    BuildAttributes$$THM_ISAv4$E$P$D$K$B$S$7EM$VFPi3$EXTD16$VFPS$VFMA$PE$A:L22UL41UL21$X:L11$S22US41US21$IEEE1$IW$USESV6$~STKCKD$USESV7$~SHL$OTIME$ROPI$IEEEX$EBA8$MICROLIB$REQ8$PRES8$EABIv2 0x00000000   Number         0  anon$$obj.o ABSOLUTE
    __ARM_use_no_argv                        0x00000000   Number         0  main.o ABSOLUTE
    _printf_a                                0x00000000   Number         0  stubs.o ABSOLUTE
    _printf_c                                0x00000000   Number         0  stubs.o ABSOLUTE
    _printf_charcount                        0x00000000   Number         0  stubs.o ABSOLUTE
    _printf_d                                0x00000000   Number         0  stubs.o ABSOLUTE
    _printf_e                                0x00000000   Number         0  stubs.o ABSOLUTE
    _printf_f                                0x00000000   Number         0  stubs.o ABSOLUTE
    _printf_flags                            0x00000000   Number         0  stubs.o ABSOLUTE
    _printf_fp_dec                           0x00000000   Number         0  stubs.o ABSOLUTE
    _printf_fp_hex                           0x00000000   Number         0  stubs.o ABSOLUTE
    _printf_g                                0x00000000   Number         0  stubs.o ABSOLUTE
    _printf_i                                0x00000000   Number         0  stubs.o ABSOLUTE
    _printf_int_dec                          0x00000000   Number         0  stubs.o ABSOLUTE
    _printf_l                                0x00000000   Number         0  stubs.o ABSOLUTE
    _printf_lc                               0x00000000   Number         0  stubs.o ABSOLUTE
    _printf_ll                               0x00000000   Number         0  stubs.o ABSOLUTE
    _printf_lld                              0x00000000   Number         0  stubs.o ABSOLUTE
    _printf_lli                              0x00000000   Number         0  stubs.o ABSOLUTE
    _printf_llo                              0x00000000   Number         0  stubs.o ABSOLUTE
    _printf_llu                              0x00000000   Number         0  stubs.o ABSOLUTE
    _printf_llx                              0x00000000   Number         0  stubs.o ABSOLUTE
    _printf_longlong_dec                     0x00000000   Number         0  stubs.o ABSOLUTE
    _printf_longlong_hex                     0x00000000   Number         0  stubs.o ABSOLUTE
    _printf_longlong_oct                     0x00000000   Number         0  stubs.o ABSOLUTE
    _printf_ls                               0x00000000   Number         0  stubs.o ABSOLUTE
    _printf_mbtowc                           0x00000000   Number         0  stubs.o ABSOLUTE
    _printf_n                                0x00000000   Number         0  stubs.o ABSOLUTE
    _printf_o                                0x00000000   Number         0  stubs.o ABSOLUTE
    _printf_p                                0x00000000   Number         0  stubs.o ABSOLUTE
    _printf_percent                          0x00000000   Number         0  stubs.o ABSOLUTE
    _printf_pre_padding                      0x00000000   Number         0  stubs.o ABSOLUTE
    _printf_return_value                     0x00000000   Number         0  stubs.o ABSOLUTE
    _printf_s                                0x00000000   Number         0  stubs.o ABSOLUTE
    _printf_sizespec                         0x00000000   Number         0  stubs.o ABSOLUTE
    _printf_str                              0x00000000   Number         0  stubs.o ABSOLUTE
    _printf_truncate_signed                  0x00000000   Number         0  stubs.o ABSOLUTE
    _printf_truncate_unsigned                0x00000000   Number         0  stubs.o ABSOLUTE
    _printf_u                                0x00000000   Number         0  stubs.o ABSOLUTE
    _printf_wc                               0x00000000   Number         0  stubs.o ABSOLUTE
    _printf_wctomb                           0x00000000   Number         0  stubs.o ABSOLUTE
    _printf_widthprec                        0x00000000   Number         0  stubs.o ABSOLUTE
    _printf_x                                0x00000000   Number         0  stubs.o ABSOLUTE
    __cpp_initialize__aeabi_                  - Undefined Weak Reference
    __cxa_finalize                            - Undefined Weak Reference
    __decompress                              - Undefined Weak Reference
    _clock_init                               - Undefined Weak Reference
    _microlib_exit                            - Undefined Weak Reference
    __Vectors_Size                           0x000001ac   Number         0  startup_stm32f427xx.o ABSOLUTE
    __Vectors                                0x08000000   Data           4  startup_stm32f427xx.o(RESET)
    __Vectors_End                            0x080001ac   Data           0  startup_stm32f427xx.o(RESET)
    __main                                   0x080001ad   Thumb Code     0  entry.o(.ARM.Collect$$$$00000000)
    _main_stk                                0x080001ad   Thumb Code     0  entry2.o(.ARM.Collect$$$$00000001)
    _main_scatterload                        0x080001b1   Thumb Code     0  entry5.o(.ARM.Collect$$$$00000004)
    __main_after_scatterload                 0x080001b5   Thumb Code     0  entry5.o(.ARM.Collect$$$$00000004)
    _main_clock                              0x080001b5   Thumb Code     0  entry7b.o(.ARM.Collect$$$$00000008)
    _main_cpp_init                           0x080001b5   Thumb Code     0  entry8b.o(.ARM.Collect$$$$0000000A)
    _main_init                               0x080001b5   Thumb Code     0  entry9a.o(.ARM.Collect$$$$0000000B)
    __rt_final_cpp                           0x080001bd   Thumb Code     0  entry10a.o(.ARM.Collect$$$$0000000D)
    __rt_final_exit                          0x080001bd   Thumb Code     0  entry11a.o(.ARM.Collect$$$$0000000F)
    SVC_Handler                              0x080001c1   Thumb Code    28  port.o(.emb_text)
    __asm___6_port_c_39a90d8d__prvStartFirstTask 0x080001e1   Thumb Code    36  port.o(.emb_text)
    __asm___6_port_c_39a90d8d__prvEnableVFP  0x08000209   Thumb Code    16  port.o(.emb_text)
    PendSV_Handler                           0x0800021d   Thumb Code    88  port.o(.emb_text)
    vPortGetIPSR                             0x08000279   Thumb Code     6  port.o(.emb_text)
    Reset_Handler                            0x08000281   Thumb Code     8  startup_stm32f427xx.o(.text)
    ADC_IRQHandler                           0x0800029b   Thumb Code     0  startup_stm32f427xx.o(.text)
    CAN1_RX1_IRQHandler                      0x0800029b   Thumb Code     0  startup_stm32f427xx.o(.text)
    CAN1_SCE_IRQHandler                      0x0800029b   Thumb Code     0  startup_stm32f427xx.o(.text)
    CAN1_TX_IRQHandler                       0x0800029b   Thumb Code     0  startup_stm32f427xx.o(.text)
    CAN2_RX1_IRQHandler                      0x0800029b   Thumb Code     0  startup_stm32f427xx.o(.text)
    CAN2_SCE_IRQHandler                      0x0800029b   Thumb Code     0  startup_stm32f427xx.o(.text)
    CAN2_TX_IRQHandler                       0x0800029b   Thumb Code     0  startup_stm32f427xx.o(.text)
    DCMI_IRQHandler                          0x0800029b   Thumb Code     0  startup_stm32f427xx.o(.text)
    DMA1_Stream0_IRQHandler                  0x0800029b   Thumb Code     0  startup_stm32f427xx.o(.text)
    DMA1_Stream1_IRQHandler                  0x0800029b   Thumb Code     0  startup_stm32f427xx.o(.text)
    DMA1_Stream2_IRQHandler                  0x0800029b   Thumb Code     0  startup_stm32f427xx.o(.text)
    DMA1_Stream4_IRQHandler                  0x0800029b   Thumb Code     0  startup_stm32f427xx.o(.text)
    DMA1_Stream7_IRQHandler                  0x0800029b   Thumb Code     0  startup_stm32f427xx.o(.text)
    DMA2D_IRQHandler                         0x0800029b   Thumb Code     0  startup_stm32f427xx.o(.text)
    DMA2_Stream0_IRQHandler                  0x0800029b   Thumb Code     0  startup_stm32f427xx.o(.text)
    DMA2_Stream3_IRQHandler                  0x0800029b   Thumb Code     0  startup_stm32f427xx.o(.text)
    DMA2_Stream5_IRQHandler                  0x0800029b   Thumb Code     0  startup_stm32f427xx.o(.text)
    DMA2_Stream6_IRQHandler                  0x0800029b   Thumb Code     0  startup_stm32f427xx.o(.text)
    DMA2_Stream7_IRQHandler                  0x0800029b   Thumb Code     0  startup_stm32f427xx.o(.text)
    ETH_IRQHandler                           0x0800029b   Thumb Code     0  startup_stm32f427xx.o(.text)
    ETH_WKUP_IRQHandler                      0x0800029b   Thumb Code     0  startup_stm32f427xx.o(.text)
    EXTI0_IRQHandler                         0x0800029b   Thumb Code     0  startup_stm32f427xx.o(.text)
    EXTI15_10_IRQHandler                     0x0800029b   Thumb Code     0  startup_stm32f427xx.o(.text)
    EXTI1_IRQHandler                         0x0800029b   Thumb Code     0  startup_stm32f427xx.o(.text)
    EXTI3_IRQHandler                         0x0800029b   Thumb Code     0  startup_stm32f427xx.o(.text)
    FLASH_IRQHandler                         0x0800029b   Thumb Code     0  startup_stm32f427xx.o(.text)
    FMC_IRQHandler                           0x0800029b   Thumb Code     0  startup_stm32f427xx.o(.text)
    FPU_IRQHandler                           0x0800029b   Thumb Code     0  startup_stm32f427xx.o(.text)
    HASH_RNG_IRQHandler                      0x0800029b   Thumb Code     0  startup_stm32f427xx.o(.text)
    I2C1_ER_IRQHandler                       0x0800029b   Thumb Code     0  startup_stm32f427xx.o(.text)
    I2C1_EV_IRQHandler                       0x0800029b   Thumb Code     0  startup_stm32f427xx.o(.text)
    I2C2_ER_IRQHandler                       0x0800029b   Thumb Code     0  startup_stm32f427xx.o(.text)
    I2C2_EV_IRQHandler                       0x0800029b   Thumb Code     0  startup_stm32f427xx.o(.text)
    I2C3_ER_IRQHandler                       0x0800029b   Thumb Code     0  startup_stm32f427xx.o(.text)
    I2C3_EV_IRQHandler                       0x0800029b   Thumb Code     0  startup_stm32f427xx.o(.text)
    OTG_FS_IRQHandler                        0x0800029b   Thumb Code     0  startup_stm32f427xx.o(.text)
    OTG_FS_WKUP_IRQHandler                   0x0800029b   Thumb Code     0  startup_stm32f427xx.o(.text)
    OTG_HS_EP1_IN_IRQHandler                 0x0800029b   Thumb Code     0  startup_stm32f427xx.o(.text)
    OTG_HS_EP1_OUT_IRQHandler                0x0800029b   Thumb Code     0  startup_stm32f427xx.o(.text)
    OTG_HS_IRQHandler                        0x0800029b   Thumb Code     0  startup_stm32f427xx.o(.text)
    OTG_HS_WKUP_IRQHandler                   0x0800029b   Thumb Code     0  startup_stm32f427xx.o(.text)
    PVD_IRQHandler                           0x0800029b   Thumb Code     0  startup_stm32f427xx.o(.text)
    RCC_IRQHandler                           0x0800029b   Thumb Code     0  startup_stm32f427xx.o(.text)
    RTC_Alarm_IRQHandler                     0x0800029b   Thumb Code     0  startup_stm32f427xx.o(.text)
    RTC_WKUP_IRQHandler                      0x0800029b   Thumb Code     0  startup_stm32f427xx.o(.text)
    SAI1_IRQHandler                          0x0800029b   Thumb Code     0  startup_stm32f427xx.o(.text)
    SDIO_IRQHandler                          0x0800029b   Thumb Code     0  startup_stm32f427xx.o(.text)
    SPI1_IRQHandler                          0x0800029b   Thumb Code     0  startup_stm32f427xx.o(.text)
    SPI2_IRQHandler                          0x0800029b   Thumb Code     0  startup_stm32f427xx.o(.text)
    SPI3_IRQHandler                          0x0800029b   Thumb Code     0  startup_stm32f427xx.o(.text)
    SPI4_IRQHandler                          0x0800029b   Thumb Code     0  startup_stm32f427xx.o(.text)
    SPI5_IRQHandler                          0x0800029b   Thumb Code     0  startup_stm32f427xx.o(.text)
    SPI6_IRQHandler                          0x0800029b   Thumb Code     0  startup_stm32f427xx.o(.text)
    TAMP_STAMP_IRQHandler                    0x0800029b   Thumb Code     0  startup_stm32f427xx.o(.text)
    TIM1_BRK_TIM9_IRQHandler                 0x0800029b   Thumb Code     0  startup_stm32f427xx.o(.text)
    TIM1_CC_IRQHandler                       0x0800029b   Thumb Code     0  startup_stm32f427xx.o(.text)
    TIM1_TRG_COM_TIM11_IRQHandler            0x0800029b   Thumb Code     0  startup_stm32f427xx.o(.text)
    TIM2_IRQHandler                          0x0800029b   Thumb Code     0  startup_stm32f427xx.o(.text)
    TIM4_IRQHandler                          0x0800029b   Thumb Code     0  startup_stm32f427xx.o(.text)
    TIM5_IRQHandler                          0x0800029b   Thumb Code     0  startup_stm32f427xx.o(.text)
    TIM7_IRQHandler                          0x0800029b   Thumb Code     0  startup_stm32f427xx.o(.text)
    TIM8_CC_IRQHandler                       0x0800029b   Thumb Code     0  startup_stm32f427xx.o(.text)
    TIM8_TRG_COM_TIM14_IRQHandler            0x0800029b   Thumb Code     0  startup_stm32f427xx.o(.text)
    TIM8_UP_TIM13_IRQHandler                 0x0800029b   Thumb Code     0  startup_stm32f427xx.o(.text)
    UART4_IRQHandler                         0x0800029b   Thumb Code     0  startup_stm32f427xx.o(.text)
    UART5_IRQHandler                         0x0800029b   Thumb Code     0  startup_stm32f427xx.o(.text)
    UART7_IRQHandler                         0x0800029b   Thumb Code     0  startup_stm32f427xx.o(.text)
    USART2_IRQHandler                        0x0800029b   Thumb Code     0  startup_stm32f427xx.o(.text)
    USART3_IRQHandler                        0x0800029b   Thumb Code     0  startup_stm32f427xx.o(.text)
    WWDG_IRQHandler                          0x0800029b   Thumb Code     0  startup_stm32f427xx.o(.text)
    __aeabi_uldivmod                         0x080002a5   Thumb Code    98  uldiv.o(.text)
    __aeabi_memcpy                           0x08000307   Thumb Code    36  memcpya.o(.text)
    __aeabi_memcpy4                          0x08000307   Thumb Code     0  memcpya.o(.text)
    __aeabi_memcpy8                          0x08000307   Thumb Code     0  memcpya.o(.text)
    __aeabi_memset                           0x0800032b   Thumb Code    14  memseta.o(.text)
    __aeabi_memset4                          0x0800032b   Thumb Code     0  memseta.o(.text)
    __aeabi_memset8                          0x0800032b   Thumb Code     0  memseta.o(.text)
    __aeabi_memclr                           0x08000339   Thumb Code     4  memseta.o(.text)
    __aeabi_memclr4                          0x08000339   Thumb Code     0  memseta.o(.text)
    __aeabi_memclr8                          0x08000339   Thumb Code     0  memseta.o(.text)
    memset                                   0x0800033d   Thumb Code    18  memseta.o(.text)
    __aeabi_dadd                             0x0800034f   Thumb Code   322  dadd.o(.text)
    __aeabi_dsub                             0x08000491   Thumb Code     6  dadd.o(.text)
    __aeabi_drsub                            0x08000497   Thumb Code     6  dadd.o(.text)
    __aeabi_ddiv                             0x0800049d   Thumb Code   222  ddiv.o(.text)
    __aeabi_i2d                              0x0800057b   Thumb Code    34  dflti.o(.text)
    __aeabi_ui2d                             0x0800059d   Thumb Code    26  dfltui.o(.text)
    __aeabi_d2f                              0x080005b7   Thumb Code    56  d2f.o(.text)
    __aeabi_llsl                             0x080005ef   Thumb Code    30  llshl.o(.text)
    _ll_shift_l                              0x080005ef   Thumb Code     0  llshl.o(.text)
    __aeabi_llsr                             0x0800060d   Thumb Code    32  llushr.o(.text)
    _ll_ushift_r                             0x0800060d   Thumb Code     0  llushr.o(.text)
    __aeabi_lasr                             0x0800062d   Thumb Code    36  llsshr.o(.text)
    _ll_sshift_r                             0x0800062d   Thumb Code     0  llsshr.o(.text)
    __I$use$fp                               0x08000651   Thumb Code     0  iusefp.o(.text)
    _float_round                             0x08000651   Thumb Code    18  fepilogue.o(.text)
    _float_epilogue                          0x08000663   Thumb Code    92  fepilogue.o(.text)
    _double_round                            0x080006bf   Thumb Code    30  depilogue.o(.text)
    _double_epilogue                         0x080006dd   Thumb Code   156  depilogue.o(.text)
    __scatterload                            0x08000779   Thumb Code    28  init.o(.text)
    __scatterload_rt2                        0x08000779   Thumb Code     0  init.o(.text)
    ABS_limit                                0x0800079d   Thumb Code    42  pid.o(i.ABS_limit)
    Allocate_Motor                           0x0800097d   Thumb Code    52  motor_use_can.o(i.Allocate_Motor)
    BSP_Init                                 0x080009b5   Thumb Code   172  bsp.o(i.BSP_Init)
    Bsp_UART_Receive_DMA                     0x08000a89   Thumb Code   104  usart.o(i.Bsp_UART_Receive_DMA)
    Bsp_UART_Receive_IT                      0x08000af1   Thumb Code    22  usart.o(i.Bsp_UART_Receive_IT)
    BusFault_Handler                         0x08000b07   Thumb Code     2  stm32f4xx_it.o(i.BusFault_Handler)
    CAN1_RX0_IRQHandler                      0x08000b09   Thumb Code     6  stm32f4xx_it.o(i.CAN1_RX0_IRQHandler)
    CAN2_RX0_IRQHandler                      0x08000b15   Thumb Code     6  stm32f4xx_it.o(i.CAN2_RX0_IRQHandler)
    CAN_GET_CP                               0x08000b21   Thumb Code     2  motor_use_can.o(i.CAN_GET_CP)
    CAN_GET_ERROR                            0x08000b23   Thumb Code     2  motor_use_can.o(i.CAN_GET_ERROR)
    CanFilter_Init                           0x08000b25   Thumb Code    56  can.o(i.CanFilter_Init)
    DMA1_Stream3_IRQHandler                  0x08000b61   Thumb Code     6  stm32f4xx_it.o(i.DMA1_Stream3_IRQHandler)
    DMA1_Stream5_IRQHandler                  0x08000b6d   Thumb Code     6  stm32f4xx_it.o(i.DMA1_Stream5_IRQHandler)
    DMA1_Stream6_IRQHandler                  0x08000b79   Thumb Code     6  stm32f4xx_it.o(i.DMA1_Stream6_IRQHandler)
    DMA2_Stream1_IRQHandler                  0x08000b85   Thumb Code     6  stm32f4xx_it.o(i.DMA2_Stream1_IRQHandler)
    DMA2_Stream2_IRQHandler                  0x08000b91   Thumb Code     6  stm32f4xx_it.o(i.DMA2_Stream2_IRQHandler)
    DMA2_Stream4_IRQHandler                  0x08000b9d   Thumb Code     6  stm32f4xx_it.o(i.DMA2_Stream4_IRQHandler)
    DebugMon_Handler                         0x08000c4d   Thumb Code     2  stm32f4xx_it.o(i.DebugMon_Handler)
    EXTI2_IRQHandler                         0x08000c4f   Thumb Code     6  stm32f4xx_it.o(i.EXTI2_IRQHandler)
    EXTI4_IRQHandler                         0x08000c55   Thumb Code     6  stm32f4xx_it.o(i.EXTI4_IRQHandler)
    EXTI9_5_IRQHandler                       0x08000c5b   Thumb Code     6  stm32f4xx_it.o(i.EXTI9_5_IRQHandler)
    Error_Handler                            0x08000c61   Thumb Code     2  main.o(i.Error_Handler)
    Friction_Wheel_Motor                     0x08000c63   Thumb Code     4  motor_use_tim.o(i.Friction_Wheel_Motor)
    GUN_Init                                 0x08000c69   Thumb Code   118  motor_use_tim.o(i.GUN_Init)
    GetSystemTimer                           0x08000ce9   Thumb Code    62  systemstate.o(i.GetSystemTimer)
    Gun_Pid_Init                             0x08000d35   Thumb Code    76  gun_control.o(i.Gun_Pid_Init)
    Gun_Task                                 0x08000d91   Thumb Code   496  gun_control.o(i.Gun_Task)
    HAL_ADC_ConfigChannel                    0x08000fb9   Thumb Code   334  stm32f4xx_hal_adc.o(i.HAL_ADC_ConfigChannel)
    HAL_ADC_ConvCpltCallback                 0x0800111d   Thumb Code     2  stm32f4xx_hal_adc.o(i.HAL_ADC_ConvCpltCallback)
    HAL_ADC_ConvHalfCpltCallback             0x0800111f   Thumb Code     2  stm32f4xx_hal_adc.o(i.HAL_ADC_ConvHalfCpltCallback)
    HAL_ADC_ErrorCallback                    0x08001121   Thumb Code     2  stm32f4xx_hal_adc.o(i.HAL_ADC_ErrorCallback)
    HAL_ADC_Init                             0x08001123   Thumb Code    84  stm32f4xx_hal_adc.o(i.HAL_ADC_Init)
    HAL_ADC_MspInit                          0x08001179   Thumb Code   132  adc.o(i.HAL_ADC_MspInit)
    HAL_ADC_Start                            0x08001211   Thumb Code   210  stm32f4xx_hal_adc.o(i.HAL_ADC_Start)
    HAL_ADC_Start_DMA                        0x080012fd   Thumb Code   268  stm32f4xx_hal_adc.o(i.HAL_ADC_Start_DMA)
    HAL_CAN_ActivateNotification             0x0800142d   Thumb Code    36  stm32f4xx_hal_can.o(i.HAL_CAN_ActivateNotification)
    HAL_CAN_AddTxMessage                     0x08001451   Thumb Code   200  stm32f4xx_hal_can.o(i.HAL_CAN_AddTxMessage)
    HAL_CAN_ConfigFilter                     0x08001519   Thumb Code   262  stm32f4xx_hal_can.o(i.HAL_CAN_ConfigFilter)
    HAL_CAN_ErrorCallback                    0x08001625   Thumb Code     2  stm32f4xx_hal_can.o(i.HAL_CAN_ErrorCallback)
    HAL_CAN_GetRxMessage                     0x08001627   Thumb Code   232  stm32f4xx_hal_can.o(i.HAL_CAN_GetRxMessage)
    HAL_CAN_IRQHandler                       0x0800170f   Thumb Code   508  stm32f4xx_hal_can.o(i.HAL_CAN_IRQHandler)
    HAL_CAN_Init                             0x0800190b   Thumb Code   282  stm32f4xx_hal_can.o(i.HAL_CAN_Init)
    HAL_CAN_MspInit                          0x08001a25   Thumb Code   228  can.o(i.HAL_CAN_MspInit)
    HAL_CAN_RxFifo0FullCallback              0x08001b21   Thumb Code     2  stm32f4xx_hal_can.o(i.HAL_CAN_RxFifo0FullCallback)
    HAL_CAN_RxFifo0MsgPendingCallback        0x08001b25   Thumb Code   208  stm32f4xx_it.o(i.HAL_CAN_RxFifo0MsgPendingCallback)
    HAL_CAN_RxFifo1FullCallback              0x08001c11   Thumb Code     2  stm32f4xx_hal_can.o(i.HAL_CAN_RxFifo1FullCallback)
    HAL_CAN_RxFifo1MsgPendingCallback        0x08001c13   Thumb Code     2  stm32f4xx_hal_can.o(i.HAL_CAN_RxFifo1MsgPendingCallback)
    HAL_CAN_SleepCallback                    0x08001c15   Thumb Code     2  stm32f4xx_hal_can.o(i.HAL_CAN_SleepCallback)
    HAL_CAN_Start                            0x08001c19   Thumb Code    88  stm32f4xx_hal_can.o(i.HAL_CAN_Start)
    HAL_CAN_TxMailbox0AbortCallback          0x08001c71   Thumb Code     2  stm32f4xx_hal_can.o(i.HAL_CAN_TxMailbox0AbortCallback)
    HAL_CAN_TxMailbox0CompleteCallback       0x08001c73   Thumb Code     2  stm32f4xx_hal_can.o(i.HAL_CAN_TxMailbox0CompleteCallback)
    HAL_CAN_TxMailbox1AbortCallback          0x08001c75   Thumb Code     2  stm32f4xx_hal_can.o(i.HAL_CAN_TxMailbox1AbortCallback)
    HAL_CAN_TxMailbox1CompleteCallback       0x08001c77   Thumb Code     2  stm32f4xx_hal_can.o(i.HAL_CAN_TxMailbox1CompleteCallback)
    HAL_CAN_TxMailbox2AbortCallback          0x08001c79   Thumb Code     2  stm32f4xx_hal_can.o(i.HAL_CAN_TxMailbox2AbortCallback)
    HAL_CAN_TxMailbox2CompleteCallback       0x08001c7b   Thumb Code     2  stm32f4xx_hal_can.o(i.HAL_CAN_TxMailbox2CompleteCallback)
    HAL_CAN_WakeUpFromRxMsgCallback          0x08001c7d   Thumb Code     2  stm32f4xx_hal_can.o(i.HAL_CAN_WakeUpFromRxMsgCallback)
    HAL_DMA_IRQHandler                       0x08001c81   Thumb Code   412  stm32f4xx_hal_dma.o(i.HAL_DMA_IRQHandler)
    HAL_DMA_Init                             0x08001e21   Thumb Code   206  stm32f4xx_hal_dma.o(i.HAL_DMA_Init)
    HAL_DMA_Start                            0x08001ef5   Thumb Code    70  stm32f4xx_hal_dma.o(i.HAL_DMA_Start)
    HAL_DMA_Start_IT                         0x08001f3b   Thumb Code   120  stm32f4xx_hal_dma.o(i.HAL_DMA_Start_IT)
    HAL_Delay                                0x08001fb5   Thumb Code    32  stm32f4xx_hal.o(i.HAL_Delay)
    HAL_GPIO_EXTI_Callback                   0x08001fd9   Thumb Code     2  stm32f4xx_it.o(i.HAL_GPIO_EXTI_Callback)
    HAL_GPIO_EXTI_IRQHandler                 0x08001fdd   Thumb Code    18  stm32f4xx_hal_gpio.o(i.HAL_GPIO_EXTI_IRQHandler)
    HAL_GPIO_Init                            0x08001ff5   Thumb Code   408  stm32f4xx_hal_gpio.o(i.HAL_GPIO_Init)
    HAL_GPIO_ReadPin                         0x080021c1   Thumb Code    10  stm32f4xx_hal_gpio.o(i.HAL_GPIO_ReadPin)
    HAL_GPIO_WritePin                        0x080021cb   Thumb Code    10  stm32f4xx_hal_gpio.o(i.HAL_GPIO_WritePin)
    HAL_GetTick                              0x080021d5   Thumb Code     6  stm32f4xx_hal.o(i.HAL_GetTick)
    HAL_IncTick                              0x080021e1   Thumb Code    12  stm32f4xx_hal.o(i.HAL_IncTick)
    HAL_Init                                 0x080021f1   Thumb Code    48  stm32f4xx_hal.o(i.HAL_Init)
    HAL_InitTick                             0x08002225   Thumb Code   100  stm32f4xx_hal_timebase_tim.o(i.HAL_InitTick)
    HAL_MspInit                              0x08002299   Thumb Code    52  stm32f4xx_hal_msp.o(i.HAL_MspInit)
    HAL_NVIC_EnableIRQ                       0x080022d1   Thumb Code    26  stm32f4xx_hal_cortex.o(i.HAL_NVIC_EnableIRQ)
    HAL_NVIC_SetPriority                     0x080022ed   Thumb Code    60  stm32f4xx_hal_cortex.o(i.HAL_NVIC_SetPriority)
    HAL_NVIC_SetPriorityGrouping             0x0800232d   Thumb Code    26  stm32f4xx_hal_cortex.o(i.HAL_NVIC_SetPriorityGrouping)
    HAL_RCC_ClockConfig                      0x08002351   Thumb Code   286  stm32f4xx_hal_rcc.o(i.HAL_RCC_ClockConfig)
    HAL_RCC_GetClockConfig                   0x08002481   Thumb Code    54  stm32f4xx_hal_rcc.o(i.HAL_RCC_GetClockConfig)
    HAL_RCC_GetHCLKFreq                      0x080024c1   Thumb Code     6  stm32f4xx_hal_rcc.o(i.HAL_RCC_GetHCLKFreq)
    HAL_RCC_GetPCLK1Freq                     0x080024cd   Thumb Code    20  stm32f4xx_hal_rcc.o(i.HAL_RCC_GetPCLK1Freq)
    HAL_RCC_GetPCLK2Freq                     0x080024ed   Thumb Code    20  stm32f4xx_hal_rcc.o(i.HAL_RCC_GetPCLK2Freq)
    HAL_RCC_GetSysClockFreq                  0x0800250d   Thumb Code    88  stm32f4xx_hal_rcc.o(i.HAL_RCC_GetSysClockFreq)
    HAL_RCC_OscConfig                        0x08002571   Thumb Code   770  stm32f4xx_hal_rcc.o(i.HAL_RCC_OscConfig)
    HAL_SPI_Init                             0x0800288d   Thumb Code   128  stm32f4xx_hal_spi.o(i.HAL_SPI_Init)
    HAL_SPI_MspInit                          0x0800290d   Thumb Code    94  spi.o(i.HAL_SPI_MspInit)
    HAL_SPI_TransmitReceive                  0x08002979   Thumb Code   482  stm32f4xx_hal_spi.o(i.HAL_SPI_TransmitReceive)
    HAL_SYSTICK_CLKSourceConfig              0x08002b5b   Thumb Code    24  stm32f4xx_hal_cortex.o(i.HAL_SYSTICK_CLKSourceConfig)
    HAL_SYSTICK_Config                       0x08002b73   Thumb Code    40  stm32f4xx_hal_cortex.o(i.HAL_SYSTICK_Config)
    HAL_TIMEx_BreakCallback                  0x08002b9b   Thumb Code     2  stm32f4xx_hal_tim_ex.o(i.HAL_TIMEx_BreakCallback)
    HAL_TIMEx_CommutCallback                 0x08002b9d   Thumb Code     2  stm32f4xx_hal_tim_ex.o(i.HAL_TIMEx_CommutCallback)
    HAL_TIMEx_MasterConfigSynchronization    0x08002b9f   Thumb Code    66  stm32f4xx_hal_tim_ex.o(i.HAL_TIMEx_MasterConfigSynchronization)
    HAL_TIM_Base_Init                        0x08002be1   Thumb Code    54  stm32f4xx_hal_tim.o(i.HAL_TIM_Base_Init)
    HAL_TIM_Base_MspInit                     0x08002c19   Thumb Code   144  tim.o(i.HAL_TIM_Base_MspInit)
    HAL_TIM_Base_Start_IT                    0x08002cbd   Thumb Code    34  stm32f4xx_hal_tim.o(i.HAL_TIM_Base_Start_IT)
    HAL_TIM_ConfigClockSource                0x08002cdf   Thumb Code   214  stm32f4xx_hal_tim.o(i.HAL_TIM_ConfigClockSource)
    HAL_TIM_IC_CaptureCallback               0x08002db5   Thumb Code     2  stm32f4xx_it.o(i.HAL_TIM_IC_CaptureCallback)
    HAL_TIM_IRQHandler                       0x08002db7   Thumb Code   358  stm32f4xx_hal_tim.o(i.HAL_TIM_IRQHandler)
    HAL_TIM_MspPostInit                      0x08002f1d   Thumb Code    70  tim.o(i.HAL_TIM_MspPostInit)
    HAL_TIM_OC_DelayElapsedCallback          0x08002f71   Thumb Code     2  stm32f4xx_hal_tim.o(i.HAL_TIM_OC_DelayElapsedCallback)
    HAL_TIM_PWM_ConfigChannel                0x08002f73   Thumb Code   208  stm32f4xx_hal_tim.o(i.HAL_TIM_PWM_ConfigChannel)
    HAL_TIM_PWM_Init                         0x08003043   Thumb Code    54  stm32f4xx_hal_tim.o(i.HAL_TIM_PWM_Init)
    HAL_TIM_PWM_MspInit                      0x08003079   Thumb Code     2  stm32f4xx_hal_tim.o(i.HAL_TIM_PWM_MspInit)
    HAL_TIM_PWM_PulseFinishedCallback        0x0800307b   Thumb Code     2  stm32f4xx_hal_tim.o(i.HAL_TIM_PWM_PulseFinishedCallback)
    HAL_TIM_PWM_Start                        0x0800307d   Thumb Code    58  stm32f4xx_hal_tim.o(i.HAL_TIM_PWM_Start)
    HAL_TIM_PeriodElapsedCallback            0x080030c1   Thumb Code   100  stm32f4xx_it.o(i.HAL_TIM_PeriodElapsedCallback)
    HAL_TIM_TriggerCallback                  0x08003145   Thumb Code     2  stm32f4xx_hal_tim.o(i.HAL_TIM_TriggerCallback)
    HAL_UART_Init                            0x08003147   Thumb Code    98  stm32f4xx_hal_uart.o(i.HAL_UART_Init)
    HAL_UART_MspInit                         0x080031a9   Thumb Code   834  usart.o(i.HAL_UART_MspInit)
    HardFault_Handler                        0x08003529   Thumb Code     2  stm32f4xx_it.o(i.HardFault_Handler)
    IMU_Get_Data                             0x0800352d   Thumb Code   178  communication.o(i.IMU_Get_Data)
    JY901_Data_Pro                           0x080035e5   Thumb Code   524  communication.o(i.JY901_Data_Pro)
    LPF_1st                                  0x08003815   Thumb Code    18  power_restriction.o(i.LPF_1st)
    Limit_filter                             0x08003827   Thumb Code    52  power_restriction.o(i.Limit_filter)
    MPU6500_Init                             0x0800385d   Thumb Code   212  communication.o(i.MPU6500_Init)
    MPU6500_Read_Reg                         0x08003941   Thumb Code    68  communication.o(i.MPU6500_Read_Reg)
    MPU6500_Read_Regs                        0x08003991   Thumb Code    80  communication.o(i.MPU6500_Read_Regs)
    MPU6500_Write_Reg                        0x080039ed   Thumb Code    72  communication.o(i.MPU6500_Write_Reg)
    MX_ADC1_Init                             0x08003a41   Thumb Code    88  adc.o(i.MX_ADC1_Init)
    MX_CAN1_Init                             0x08003aa5   Thumb Code    60  can.o(i.MX_CAN1_Init)
    MX_CAN2_Init                             0x08003ae9   Thumb Code    60  can.o(i.MX_CAN2_Init)
    MX_DMA_Init                              0x08003b2d   Thumb Code   136  dma.o(i.MX_DMA_Init)
    MX_FREERTOS_Init                         0x08003bb9   Thumb Code    96  freertos.o(i.MX_FREERTOS_Init)
    MX_GPIO_Init                             0x08003c21   Thumb Code   424  gpio.o(i.MX_GPIO_Init)
    MX_SPI5_Init                             0x08003ded   Thumb Code    62  spi.o(i.MX_SPI5_Init)
    MX_TIM12_Init                            0x08003e35   Thumb Code    72  tim.o(i.MX_TIM12_Init)
    MX_TIM3_Init                             0x08003e85   Thumb Code    98  tim.o(i.MX_TIM3_Init)
    MX_TIM5_Init                             0x08003ef1   Thumb Code   182  tim.o(i.MX_TIM5_Init)
    MX_TIM6_Init                             0x08003fb1   Thumb Code    66  tim.o(i.MX_TIM6_Init)
    MX_UART7_Init                            0x08003ffd   Thumb Code    48  usart.o(i.MX_UART7_Init)
    MX_UART8_Init                            0x08004035   Thumb Code    48  usart.o(i.MX_UART8_Init)
    MX_USART1_UART_Init                      0x0800406d   Thumb Code    46  usart.o(i.MX_USART1_UART_Init)
    MX_USART2_UART_Init                      0x080040a9   Thumb Code    48  usart.o(i.MX_USART2_UART_Init)
    MX_USART3_UART_Init                      0x080040e1   Thumb Code    48  usart.o(i.MX_USART3_UART_Init)
    MX_USART6_UART_Init                      0x08004119   Thumb Code    48  usart.o(i.MX_USART6_UART_Init)
    MemManage_Handler                        0x08004151   Thumb Code     2  stm32f4xx_it.o(i.MemManage_Handler)
    Mocha_Task                               0x08004155   Thumb Code    90  gun_control.o(i.Mocha_Task)
    Moto_dial_Angle_Reset                    0x080041c5   Thumb Code    14  gun_control.o(i.Moto_dial_Angle_Reset)
    NMI_Handler                              0x080041d9   Thumb Code     2  stm32f4xx_it.o(i.NMI_Handler)
    PID_struct_init                          0x080041dd   Thumb Code    16  pid.o(i.PID_struct_init)
    Power_Init                               0x080041f5   Thumb Code    54  bsp.o(i.Power_Init)
    RefreshDeviceOutLineTime                 0x08004231   Thumb Code    20  systemstate.o(i.RefreshDeviceOutLineTime)
    RefreshSysTime                           0x08004249   Thumb Code    10  systemstate.o(i.RefreshSysTime)
    RefreshTaskOutLineTime                   0x08004259   Thumb Code    20  systemstate.o(i.RefreshTaskOutLineTime)
    StartDefaultTask                         0x08004325   Thumb Code    12  freertos.o(i.StartDefaultTask)
    SysTick_Handler                          0x08004331   Thumb Code     4  stm32f4xx_it.o(i.SysTick_Handler)
    SystemClock_Config                       0x08004335   Thumb Code   158  main.o(i.SystemClock_Config)
    SystemInit                               0x080043dd   Thumb Code    66  system_stm32f4xx.o(i.SystemInit)
    SystemState_Inite                        0x08004431   Thumb Code    18  systemstate.o(i.SystemState_Inite)
    TIM1_UP_TIM10_IRQHandler                 0x0800444d   Thumb Code     6  stm32f4xx_it.o(i.TIM1_UP_TIM10_IRQHandler)
    TIM3_IRQHandler                          0x08004459   Thumb Code     6  stm32f4xx_it.o(i.TIM3_IRQHandler)
    TIM5_PWM_Init                            0x08004465   Thumb Code    14  motor_use_tim.o(i.TIM5_PWM_Init)
    TIM6_DAC_IRQHandler                      0x08004479   Thumb Code     6  stm32f4xx_it.o(i.TIM6_DAC_IRQHandler)
    TIM8_BRK_TIM12_IRQHandler                0x08004485   Thumb Code     6  stm32f4xx_it.o(i.TIM8_BRK_TIM12_IRQHandler)
    TIM_Base_SetConfig                       0x08004491   Thumb Code   156  stm32f4xx_hal_tim.o(i.TIM_Base_SetConfig)
    TIM_CCxChannelCmd                        0x08004559   Thumb Code    26  stm32f4xx_hal_tim.o(i.TIM_CCxChannelCmd)
    TIM_ETR_SetConfig                        0x08004573   Thumb Code    20  stm32f4xx_hal_tim.o(i.TIM_ETR_SetConfig)
    TIM_OC2_SetConfig                        0x080045f9   Thumb Code    98  stm32f4xx_hal_tim.o(i.TIM_OC2_SetConfig)
    UART8_IRQHandler                         0x08004765   Thumb Code   240  stm32f4xx_it.o(i.UART8_IRQHandler)
    USART1_IRQHandler                        0x08004b19   Thumb Code   256  stm32f4xx_it.o(i.USART1_IRQHandler)
    USART6_IRQHandler                        0x08004c35   Thumb Code   250  stm32f4xx_it.o(i.USART6_IRQHandler)
    UsageFault_Handler                       0x08004d4d   Thumb Code     2  stm32f4xx_it.o(i.UsageFault_Handler)
    __scatterload_copy                       0x08004d6f   Thumb Code    14  handlers.o(i.__scatterload_copy)
    __scatterload_null                       0x08004d7d   Thumb Code     2  handlers.o(i.__scatterload_null)
    __scatterload_zeroinit                   0x08004d7f   Thumb Code    14  handlers.o(i.__scatterload_zeroinit)
    bopan_check                              0x08004d8d   Thumb Code   110  gun_control.o(i.bopan_check)
    get_moto_measure_6623                    0x08004e09   Thumb Code    62  motor_use_can.o(i.get_moto_measure_6623)
    get_moto_offset                          0x08004e47   Thumb Code    10  motor_use_can.o(i.get_moto_offset)
    main                                     0x08004e51   Thumb Code    30  main.o(i.main)
    osDelay                                  0x08004e7b   Thumb Code    14  cmsis_os.o(i.osDelay)
    osDelayUntil                             0x08004e89   Thumb Code    14  cmsis_os.o(i.osDelayUntil)
    osKernelStart                            0x08004e97   Thumb Code    10  cmsis_os.o(i.osKernelStart)
    osSystickHandler                         0x08004ea1   Thumb Code    20  cmsis_os.o(i.osSystickHandler)
    osThreadCreate                           0x08004eb5   Thumb Code    84  cmsis_os.o(i.osThreadCreate)
    pid_calc                                 0x08004f09   Thumb Code   472  pid.o(i.pid_calc)
    pvPortMalloc                             0x08005441   Thumb Code   210  heap_4.o(i.pvPortMalloc)
    pxPortInitialiseStack                    0x08005519   Thumb Code    40  port.o(i.pxPortInitialiseStack)
    ramp_calc                                0x08005545   Thumb Code    80  user_lib.o(i.ramp_calc)
    ramp_init                                0x08005595   Thumb Code    26  user_lib.o(i.ramp_init)
    testTask                                 0x080055b1   Thumb Code    38  other_tasks.o(i.testTask)
    uxListRemove                             0x080055dd   Thumb Code    38  list.o(i.uxListRemove)
    vApplicationGetIdleTaskMemory            0x08005605   Thumb Code    16  freertos.o(i.vApplicationGetIdleTaskMemory)
    vListInitialise                          0x08005619   Thumb Code    22  list.o(i.vListInitialise)
    vListInitialiseItem                      0x0800562f   Thumb Code     6  list.o(i.vListInitialiseItem)
    vListInsert                              0x08005635   Thumb Code    48  list.o(i.vListInsert)
    vListInsertEnd                           0x08005665   Thumb Code    24  list.o(i.vListInsertEnd)
    vPortEnterCritical                       0x0800567d   Thumb Code    54  port.o(i.vPortEnterCritical)
    vPortExitCritical                        0x080056bd   Thumb Code    34  port.o(i.vPortExitCritical)
    vPortFree                                0x080056e5   Thumb Code    88  heap_4.o(i.vPortFree)
    vPortSetupTimerInterrupt                 0x08005741   Thumb Code    32  port.o(i.vPortSetupTimerInterrupt)
    vPortValidateInterruptPriority           0x08005765   Thumb Code    74  port.o(i.vPortValidateInterruptPriority)
    vTaskDelay                               0x080057b9   Thumb Code    66  tasks.o(i.vTaskDelay)
    vTaskDelayUntil                          0x08005805   Thumb Code   132  tasks.o(i.vTaskDelayUntil)
    vTaskNotifyGiveFromISR                   0x08005891   Thumb Code   174  tasks.o(i.vTaskNotifyGiveFromISR)
    vTaskStartScheduler                      0x08005949   Thumb Code    90  tasks.o(i.vTaskStartScheduler)
    vTaskSuspendAll                          0x080059b5   Thumb Code    10  tasks.o(i.vTaskSuspendAll)
    vTaskSwitchContext                       0x080059c5   Thumb Code    82  tasks.o(i.vTaskSwitchContext)
    xPortStartScheduler                      0x08005a21   Thumb Code   222  port.o(i.xPortStartScheduler)
    xPortSysTickHandler                      0x08005b15   Thumb Code    38  port.o(i.xPortSysTickHandler)
    xTaskCreate                              0x08005b41   Thumb Code    90  tasks.o(i.xTaskCreate)
    xTaskCreateStatic                        0x08005b9b   Thumb Code    86  tasks.o(i.xTaskCreateStatic)
    xTaskGetSchedulerState                   0x08005bf1   Thumb Code    22  tasks.o(i.xTaskGetSchedulerState)
    xTaskGetTickCount                        0x08005c0d   Thumb Code     6  tasks.o(i.xTaskGetTickCount)
    xTaskIncrementTick                       0x08005c19   Thumb Code   192  tasks.o(i.xTaskIncrementTick)
    xTaskResumeAll                           0x08005ce1   Thumb Code   182  tasks.o(i.xTaskResumeAll)
    AHBPrescTable                            0x08005e1c   Data          16  system_stm32f4xx.o(.constdata)
    APBPrescTable                            0x08005e2c   Data           8  system_stm32f4xx.o(.constdata)
    Region$$Table$$Base                      0x08005e70   Number         0  anon$$obj.o(Region$$Table)
    Region$$Table$$Limit                     0x08005e90   Number         0  anon$$obj.o(Region$$Table)
    defaultTaskHandle                        0x20000004   Data           4  freertos.o(.data)
    testTaskHandle                           0x20000008   Data           4  freertos.o(.data)
    GunTaskHandle                            0x2000000c   Data           4  freertos.o(.data)
    MochaTaskHandle                          0x20000010   Data           4  freertos.o(.data)
    RemoteDataTaskHandle                     0x20000014   Data           4  freertos.o(.data)
    MiniPCDataTaskHandle                     0x20000018   Data           4  freertos.o(.data)
    xianwei_flg                              0x2000001c   Data           1  stm32f4xx_it.o(.data)
    DMA_FLAGS                                0x20000028   Data           4  stm32f4xx_it.o(.data)
    CAN1_RX_date                             0x2000002c   Data           8  stm32f4xx_it.o(.data)
    CAN2_RX_date                             0x20000034   Data           8  stm32f4xx_it.o(.data)
    uwTickFreq                               0x2000003c   Data           1  stm32f4xx_hal.o(.data)
    uwTickPrio                               0x20000040   Data           4  stm32f4xx_hal.o(.data)
    uwTick                                   0x20000044   Data           4  stm32f4xx_hal.o(.data)
    SystemCoreClock                          0x20000048   Data           4  system_stm32f4xx.o(.data)
    pxCurrentTCB                             0x2000004c   Data           4  tasks.o(.data)
    MPU_id                                   0x200000ac   Data           1  communication.o(.data)
    stcAcc                                   0x200000c0   Data           8  communication.o(.data)
    stcGyro                                  0x200000c8   Data           8  communication.o(.data)
    stcAngle                                 0x200000d0   Data           8  communication.o(.data)
    UART8_RX_NUM                             0x200000e6   Data           2  communication.o(.data)
    Guodu_or_Stop_mode_flag                  0x200000e8   Data           1  gun_control.o(.data)
    Reverse_mode_flag                        0x200000e9   Data           1  gun_control.o(.data)
    test_i                                   0x200000f8   Data           4  other_tasks.o(.data)
    hadc1                                    0x200000fc   Data          72  adc.o(.bss)
    hdma_adc1                                0x20000144   Data          96  adc.o(.bss)
    hcan1                                    0x200001a4   Data          40  can.o(.bss)
    hcan2                                    0x200001cc   Data          40  can.o(.bss)
    hspi5                                    0x20000448   Data          88  spi.o(.bss)
    htim3                                    0x200004a0   Data          64  tim.o(.bss)
    htim5                                    0x200004e0   Data          64  tim.o(.bss)
    htim6                                    0x20000520   Data          64  tim.o(.bss)
    htim12                                   0x20000560   Data          64  tim.o(.bss)
    huart7                                   0x200005a0   Data          64  usart.o(.bss)
    huart8                                   0x200005e0   Data          64  usart.o(.bss)
    huart1                                   0x20000620   Data          64  usart.o(.bss)
    huart2                                   0x20000660   Data          64  usart.o(.bss)
    huart3                                   0x200006a0   Data          64  usart.o(.bss)
    huart6                                   0x200006e0   Data          64  usart.o(.bss)
    hdma_uart7_rx                            0x20000720   Data          96  usart.o(.bss)
    hdma_uart8_rx                            0x20000780   Data          96  usart.o(.bss)
    hdma_usart1_rx                           0x200007e0   Data          96  usart.o(.bss)
    hdma_usart2_rx                           0x20000840   Data          96  usart.o(.bss)
    hdma_usart6_rx                           0x200008a0   Data          96  usart.o(.bss)
    CAN1_Rx_Header                           0x20000900   Data          28  stm32f4xx_it.o(.bss)
    CAN2_Rx_Header                           0x2000091c   Data          28  stm32f4xx_it.o(.bss)
    htim1                                    0x20000938   Data          64  stm32f4xx_hal_timebase_tim.o(.bss)
    moto_dial_get                            0x20004668   Data          60  motor_use_can.o(.bss)
    pit_get                                  0x200046a4   Data          60  motor_use_can.o(.bss)
    yaw_get                                  0x200046e0   Data          60  motor_use_can.o(.bss)
    uhADCxConvertedValue                     0x200047c8   Data          40  power_restriction.o(.bss)
    current_get                              0x200047f0   Data          68  power_restriction.o(.bss)
    time_for_RP                              0x20004838   Data          24  power_restriction.o(.bss)
    SystemState                              0x20004850   Data          20  systemstate.o(.bss)
    g_Time_DeviceOutLine                     0x20004864   Data          24  systemstate.o(.bss)
    g_Time_TASKOutLine                       0x2000487c   Data          24  systemstate.o(.bss)
    ptr_jy901_t_yaw                          0x20004894   Data          56  communication.o(.bss)
    ptr_jy901_t_pit                          0x200048cc   Data          56  communication.o(.bss)
    ptr_jy901_t_angular_velocity             0x20004904   Data          56  communication.o(.bss)
    imu_data                                 0x2000493c   Data          26  communication.o(.bss)
    imu_data_offest                          0x20004956   Data          26  communication.o(.bss)
    USART1_RX_DATA                           0x200049a0   Data          18  communication.o(.bss)
    UART8_RX_DATA                            0x200049b2   Data          11  communication.o(.bss)
    tly                                      0x200049c0   Data          28  communication.o(.bss)
    gy_data_filter                           0x200049dc   Data          10  communication.o(.bss)
    gz_data_filter                           0x200049e6   Data          10  communication.o(.bss)
    RC_Ctl                                   0x200049f0   Data          20  communication.o(.bss)
    USART6_RX_DATA                           0x20004a04   Data           9  communication.o(.bss)
    Shoot                                    0x20004a10   Data          24  gimbal_control.o(.bss)
    pid_dial_pos                             0x20004a28   Data         128  gun_control.o(.bss)
    pid_dial_spd                             0x20004aa8   Data         128  gun_control.o(.bss)
    bopan                                    0x20004b28   Data          24  gun_control.o(.bss)
    Shoot_heat                               0x20004b40   Data          24  gun_control.o(.bss)
    shoot                                    0x20004b58   Data          20  gun_control.o(.bss)
    __initial_sp                             0x20004f70   Data           0  startup_stm32f427xx.o(STACK)



==============================================================================

Memory Map of the image

  Image Entry point : 0x080001ad

  Load Region LR_IROM1 (Base: 0x08000000, Size: 0x00005f8c, Max: 0x00200000, ABSOLUTE)

    Execution Region ER_IROM1 (Base: 0x08000000, Size: 0x00005e90, Max: 0x00200000, ABSOLUTE)

    Base Addr    Size         Type   Attr      Idx    E Section Name        Object

    0x08000000   0x000001ac   Data   RO            3    RESET               startup_stm32f427xx.o
    0x080001ac   0x00000000   Code   RO         7206  * .ARM.Collect$$$$00000000  mc_w.l(entry.o)
    0x080001ac   0x00000004   Code   RO         7538    .ARM.Collect$$$$00000001  mc_w.l(entry2.o)
    0x080001b0   0x00000004   Code   RO         7541    .ARM.Collect$$$$00000004  mc_w.l(entry5.o)
    0x080001b4   0x00000000   Code   RO         7543    .ARM.Collect$$$$00000008  mc_w.l(entry7b.o)
    0x080001b4   0x00000000   Code   RO         7545    .ARM.Collect$$$$0000000A  mc_w.l(entry8b.o)
    0x080001b4   0x00000008   Code   RO         7546    .ARM.Collect$$$$0000000B  mc_w.l(entry9a.o)
    0x080001bc   0x00000000   Code   RO         7548    .ARM.Collect$$$$0000000D  mc_w.l(entry10a.o)
    0x080001bc   0x00000000   Code   RO         7550    .ARM.Collect$$$$0000000F  mc_w.l(entry11a.o)
    0x080001bc   0x00000004   Code   RO         7539    .ARM.Collect$$$$00002712  mc_w.l(entry2.o)
    0x080001c0   0x000000be   Code   RO         5712    .emb_text           port.o
    0x0800027e   0x00000002   PAD
    0x08000280   0x00000024   Code   RO            4    .text               startup_stm32f427xx.o
    0x080002a4   0x00000062   Code   RO         7209    .text               mc_w.l(uldiv.o)
    0x08000306   0x00000024   Code   RO         7211    .text               mc_w.l(memcpya.o)
    0x0800032a   0x00000024   Code   RO         7215    .text               mc_w.l(memseta.o)
    0x0800034e   0x0000014e   Code   RO         7510    .text               mf_w.l(dadd.o)
    0x0800049c   0x000000de   Code   RO         7512    .text               mf_w.l(ddiv.o)
    0x0800057a   0x00000022   Code   RO         7514    .text               mf_w.l(dflti.o)
    0x0800059c   0x0000001a   Code   RO         7516    .text               mf_w.l(dfltui.o)
    0x080005b6   0x00000038   Code   RO         7520    .text               mf_w.l(d2f.o)
    0x080005ee   0x0000001e   Code   RO         7555    .text               mc_w.l(llshl.o)
    0x0800060c   0x00000020   Code   RO         7557    .text               mc_w.l(llushr.o)
    0x0800062c   0x00000024   Code   RO         7559    .text               mc_w.l(llsshr.o)
    0x08000650   0x00000000   Code   RO         7570    .text               mc_w.l(iusefp.o)
    0x08000650   0x0000006e   Code   RO         7571    .text               mf_w.l(fepilogue.o)
    0x080006be   0x000000ba   Code   RO         7573    .text               mf_w.l(depilogue.o)
    0x08000778   0x00000024   Code   RO         7583    .text               mc_w.l(init.o)
    0x0800079c   0x0000002a   Code   RO         6064    i.ABS_limit         pid.o
    0x080007c6   0x0000006e   Code   RO         1091    i.ADC_DMAConvCplt   stm32f4xx_hal_adc.o
    0x08000834   0x00000016   Code   RO         1092    i.ADC_DMAError      stm32f4xx_hal_adc.o
    0x0800084a   0x0000000a   Code   RO         1093    i.ADC_DMAHalfConvCplt  stm32f4xx_hal_adc.o
    0x08000854   0x00000128   Code   RO         1094    i.ADC_Init          stm32f4xx_hal_adc.o
    0x0800097c   0x00000038   Code   RO         5840    i.Allocate_Motor    motor_use_can.o
    0x080009b4   0x000000d4   Code   RO         1032    i.BSP_Init          bsp.o
    0x08000a88   0x00000068   Code   RO          649    i.Bsp_UART_Receive_DMA  usart.o
    0x08000af0   0x00000016   Code   RO          650    i.Bsp_UART_Receive_IT  usart.o
    0x08000b06   0x00000002   Code   RO          756    i.BusFault_Handler  stm32f4xx_it.o
    0x08000b08   0x0000000c   Code   RO          757    i.CAN1_RX0_IRQHandler  stm32f4xx_it.o
    0x08000b14   0x0000000c   Code   RO          758    i.CAN2_RX0_IRQHandler  stm32f4xx_it.o
    0x08000b20   0x00000002   Code   RO         5841    i.CAN_GET_CP        motor_use_can.o
    0x08000b22   0x00000002   Code   RO         5842    i.CAN_GET_ERROR     motor_use_can.o
    0x08000b24   0x0000003c   Code   RO          372    i.CanFilter_Init    can.o
    0x08000b60   0x0000000c   Code   RO          759    i.DMA1_Stream3_IRQHandler  stm32f4xx_it.o
    0x08000b6c   0x0000000c   Code   RO          760    i.DMA1_Stream5_IRQHandler  stm32f4xx_it.o
    0x08000b78   0x0000000c   Code   RO          761    i.DMA1_Stream6_IRQHandler  stm32f4xx_it.o
    0x08000b84   0x0000000c   Code   RO          762    i.DMA2_Stream1_IRQHandler  stm32f4xx_it.o
    0x08000b90   0x0000000c   Code   RO          763    i.DMA2_Stream2_IRQHandler  stm32f4xx_it.o
    0x08000b9c   0x0000000c   Code   RO          764    i.DMA2_Stream4_IRQHandler  stm32f4xx_it.o
    0x08000ba8   0x00000028   Code   RO         3687    i.DMA_CalcBaseAndBitshift  stm32f4xx_hal_dma.o
    0x08000bd0   0x00000054   Code   RO         3688    i.DMA_CheckFifoParam  stm32f4xx_hal_dma.o
    0x08000c24   0x00000028   Code   RO         3689    i.DMA_SetConfig     stm32f4xx_hal_dma.o
    0x08000c4c   0x00000002   Code   RO          765    i.DebugMon_Handler  stm32f4xx_it.o
    0x08000c4e   0x00000006   Code   RO          766    i.EXTI2_IRQHandler  stm32f4xx_it.o
    0x08000c54   0x00000006   Code   RO          767    i.EXTI4_IRQHandler  stm32f4xx_it.o
    0x08000c5a   0x00000006   Code   RO          768    i.EXTI9_5_IRQHandler  stm32f4xx_it.o
    0x08000c60   0x00000002   Code   RO           13    i.Error_Handler     main.o
    0x08000c62   0x00000004   Code   RO         5972    i.Friction_Wheel_Motor  motor_use_tim.o
    0x08000c66   0x00000002   PAD
    0x08000c68   0x00000080   Code   RO         5974    i.GUN_Init          motor_use_tim.o
    0x08000ce8   0x0000004c   Code   RO         6381    i.GetSystemTimer    systemstate.o
    0x08000d34   0x0000005c   Code   RO         7037    i.Gun_Pid_Init      gun_control.o
    0x08000d90   0x00000228   Code   RO         7038    i.Gun_Task          gun_control.o
    0x08000fb8   0x00000164   Code   RO         1096    i.HAL_ADC_ConfigChannel  stm32f4xx_hal_adc.o
    0x0800111c   0x00000002   Code   RO         1097    i.HAL_ADC_ConvCpltCallback  stm32f4xx_hal_adc.o
    0x0800111e   0x00000002   Code   RO         1098    i.HAL_ADC_ConvHalfCpltCallback  stm32f4xx_hal_adc.o
    0x08001120   0x00000002   Code   RO         1100    i.HAL_ADC_ErrorCallback  stm32f4xx_hal_adc.o
    0x08001122   0x00000054   Code   RO         1105    i.HAL_ADC_Init      stm32f4xx_hal_adc.o
    0x08001176   0x00000002   PAD
    0x08001178   0x00000098   Code   RO          331    i.HAL_ADC_MspInit   adc.o
    0x08001210   0x000000ec   Code   RO         1111    i.HAL_ADC_Start     stm32f4xx_hal_adc.o
    0x080012fc   0x00000130   Code   RO         1112    i.HAL_ADC_Start_DMA  stm32f4xx_hal_adc.o
    0x0800142c   0x00000024   Code   RO         1367    i.HAL_CAN_ActivateNotification  stm32f4xx_hal_can.o
    0x08001450   0x000000c8   Code   RO         1368    i.HAL_CAN_AddTxMessage  stm32f4xx_hal_can.o
    0x08001518   0x0000010c   Code   RO         1369    i.HAL_CAN_ConfigFilter  stm32f4xx_hal_can.o
    0x08001624   0x00000002   Code   RO         1372    i.HAL_CAN_ErrorCallback  stm32f4xx_hal_can.o
    0x08001626   0x000000e8   Code   RO         1375    i.HAL_CAN_GetRxMessage  stm32f4xx_hal_can.o
    0x0800170e   0x000001fc   Code   RO         1379    i.HAL_CAN_IRQHandler  stm32f4xx_hal_can.o
    0x0800190a   0x0000011a   Code   RO         1380    i.HAL_CAN_Init      stm32f4xx_hal_can.o
    0x08001a24   0x000000fc   Code   RO          374    i.HAL_CAN_MspInit   can.o
    0x08001b20   0x00000002   Code   RO         1387    i.HAL_CAN_RxFifo0FullCallback  stm32f4xx_hal_can.o
    0x08001b22   0x00000002   PAD
    0x08001b24   0x000000ec   Code   RO          769    i.HAL_CAN_RxFifo0MsgPendingCallback  stm32f4xx_it.o
    0x08001c10   0x00000002   Code   RO         1389    i.HAL_CAN_RxFifo1FullCallback  stm32f4xx_hal_can.o
    0x08001c12   0x00000002   Code   RO         1390    i.HAL_CAN_RxFifo1MsgPendingCallback  stm32f4xx_hal_can.o
    0x08001c14   0x00000002   Code   RO         1391    i.HAL_CAN_SleepCallback  stm32f4xx_hal_can.o
    0x08001c16   0x00000002   PAD
    0x08001c18   0x00000058   Code   RO         1392    i.HAL_CAN_Start     stm32f4xx_hal_can.o
    0x08001c70   0x00000002   Code   RO         1394    i.HAL_CAN_TxMailbox0AbortCallback  stm32f4xx_hal_can.o
    0x08001c72   0x00000002   Code   RO         1395    i.HAL_CAN_TxMailbox0CompleteCallback  stm32f4xx_hal_can.o
    0x08001c74   0x00000002   Code   RO         1396    i.HAL_CAN_TxMailbox1AbortCallback  stm32f4xx_hal_can.o
    0x08001c76   0x00000002   Code   RO         1397    i.HAL_CAN_TxMailbox1CompleteCallback  stm32f4xx_hal_can.o
    0x08001c78   0x00000002   Code   RO         1398    i.HAL_CAN_TxMailbox2AbortCallback  stm32f4xx_hal_can.o
    0x08001c7a   0x00000002   Code   RO         1399    i.HAL_CAN_TxMailbox2CompleteCallback  stm32f4xx_hal_can.o
    0x08001c7c   0x00000002   Code   RO         1401    i.HAL_CAN_WakeUpFromRxMsgCallback  stm32f4xx_hal_can.o
    0x08001c7e   0x00000002   PAD
    0x08001c80   0x000001a0   Code   RO         3695    i.HAL_DMA_IRQHandler  stm32f4xx_hal_dma.o
    0x08001e20   0x000000d4   Code   RO         3696    i.HAL_DMA_Init      stm32f4xx_hal_dma.o
    0x08001ef4   0x00000046   Code   RO         3699    i.HAL_DMA_Start     stm32f4xx_hal_dma.o
    0x08001f3a   0x00000078   Code   RO         3700    i.HAL_DMA_Start_IT  stm32f4xx_hal_dma.o
    0x08001fb2   0x00000002   PAD
    0x08001fb4   0x00000024   Code   RO         4127    i.HAL_Delay         stm32f4xx_hal.o
    0x08001fd8   0x00000002   Code   RO          770    i.HAL_GPIO_EXTI_Callback  stm32f4xx_it.o
    0x08001fda   0x00000002   PAD
    0x08001fdc   0x00000018   Code   RO         3582    i.HAL_GPIO_EXTI_IRQHandler  stm32f4xx_hal_gpio.o
    0x08001ff4   0x000001cc   Code   RO         3583    i.HAL_GPIO_Init     stm32f4xx_hal_gpio.o
    0x080021c0   0x0000000a   Code   RO         3585    i.HAL_GPIO_ReadPin  stm32f4xx_hal_gpio.o
    0x080021ca   0x0000000a   Code   RO         3587    i.HAL_GPIO_WritePin  stm32f4xx_hal_gpio.o
    0x080021d4   0x0000000c   Code   RO         4135    i.HAL_GetTick       stm32f4xx_hal.o
    0x080021e0   0x00000010   Code   RO         4141    i.HAL_IncTick       stm32f4xx_hal.o
    0x080021f0   0x00000034   Code   RO         4142    i.HAL_Init          stm32f4xx_hal.o
    0x08002224   0x00000074   Code   RO          993    i.HAL_InitTick      stm32f4xx_hal_timebase_tim.o
    0x08002298   0x00000038   Code   RO          969    i.HAL_MspInit       stm32f4xx_hal_msp.o
    0x080022d0   0x0000001a   Code   RO         3990    i.HAL_NVIC_EnableIRQ  stm32f4xx_hal_cortex.o
    0x080022ea   0x00000002   PAD
    0x080022ec   0x00000040   Code   RO         3996    i.HAL_NVIC_SetPriority  stm32f4xx_hal_cortex.o
    0x0800232c   0x00000024   Code   RO         3997    i.HAL_NVIC_SetPriorityGrouping  stm32f4xx_hal_cortex.o
    0x08002350   0x00000130   Code   RO         3177    i.HAL_RCC_ClockConfig  stm32f4xx_hal_rcc.o
    0x08002480   0x00000040   Code   RO         3181    i.HAL_RCC_GetClockConfig  stm32f4xx_hal_rcc.o
    0x080024c0   0x0000000c   Code   RO         3182    i.HAL_RCC_GetHCLKFreq  stm32f4xx_hal_rcc.o
    0x080024cc   0x00000020   Code   RO         3184    i.HAL_RCC_GetPCLK1Freq  stm32f4xx_hal_rcc.o
    0x080024ec   0x00000020   Code   RO         3185    i.HAL_RCC_GetPCLK2Freq  stm32f4xx_hal_rcc.o
    0x0800250c   0x00000064   Code   RO         3186    i.HAL_RCC_GetSysClockFreq  stm32f4xx_hal_rcc.o
    0x08002570   0x0000031c   Code   RO         3189    i.HAL_RCC_OscConfig  stm32f4xx_hal_rcc.o
    0x0800288c   0x00000080   Code   RO         1611    i.HAL_SPI_Init      stm32f4xx_hal_spi.o
    0x0800290c   0x0000006c   Code   RO          542    i.HAL_SPI_MspInit   spi.o
    0x08002978   0x000001e2   Code   RO         1620    i.HAL_SPI_TransmitReceive  stm32f4xx_hal_spi.o
    0x08002b5a   0x00000018   Code   RO         3999    i.HAL_SYSTICK_CLKSourceConfig  stm32f4xx_hal_cortex.o
    0x08002b72   0x00000028   Code   RO         4001    i.HAL_SYSTICK_Config  stm32f4xx_hal_cortex.o
    0x08002b9a   0x00000002   Code   RO         2599    i.HAL_TIMEx_BreakCallback  stm32f4xx_hal_tim_ex.o
    0x08002b9c   0x00000002   Code   RO         2600    i.HAL_TIMEx_CommutCallback  stm32f4xx_hal_tim_ex.o
    0x08002b9e   0x00000042   Code   RO         2617    i.HAL_TIMEx_MasterConfigSynchronization  stm32f4xx_hal_tim_ex.o
    0x08002be0   0x00000036   Code   RO         1924    i.HAL_TIM_Base_Init  stm32f4xx_hal_tim.o
    0x08002c16   0x00000002   PAD
    0x08002c18   0x000000a4   Code   RO          584    i.HAL_TIM_Base_MspInit  tim.o
    0x08002cbc   0x00000022   Code   RO         1929    i.HAL_TIM_Base_Start_IT  stm32f4xx_hal_tim.o
    0x08002cde   0x000000d6   Code   RO         1933    i.HAL_TIM_ConfigClockSource  stm32f4xx_hal_tim.o
    0x08002db4   0x00000002   Code   RO          771    i.HAL_TIM_IC_CaptureCallback  stm32f4xx_it.o
    0x08002db6   0x00000166   Code   RO         1967    i.HAL_TIM_IRQHandler  stm32f4xx_hal_tim.o
    0x08002f1c   0x00000054   Code   RO          585    i.HAL_TIM_MspPostInit  tim.o
    0x08002f70   0x00000002   Code   RO         1970    i.HAL_TIM_OC_DelayElapsedCallback  stm32f4xx_hal_tim.o
    0x08002f72   0x000000d0   Code   RO         1991    i.HAL_TIM_PWM_ConfigChannel  stm32f4xx_hal_tim.o
    0x08003042   0x00000036   Code   RO         1994    i.HAL_TIM_PWM_Init  stm32f4xx_hal_tim.o
    0x08003078   0x00000002   Code   RO         1996    i.HAL_TIM_PWM_MspInit  stm32f4xx_hal_tim.o
    0x0800307a   0x00000002   Code   RO         1997    i.HAL_TIM_PWM_PulseFinishedCallback  stm32f4xx_hal_tim.o
    0x0800307c   0x00000044   Code   RO         1999    i.HAL_TIM_PWM_Start  stm32f4xx_hal_tim.o
    0x080030c0   0x00000084   Code   RO          772    i.HAL_TIM_PeriodElapsedCallback  stm32f4xx_it.o
    0x08003144   0x00000002   Code   RO         2010    i.HAL_TIM_TriggerCallback  stm32f4xx_hal_tim.o
    0x08003146   0x00000062   Code   RO         2875    i.HAL_UART_Init     stm32f4xx_hal_uart.o
    0x080031a8   0x00000380   Code   RO          652    i.HAL_UART_MspInit  usart.o
    0x08003528   0x00000002   Code   RO          774    i.HardFault_Handler  stm32f4xx_it.o
    0x0800352a   0x00000002   PAD
    0x0800352c   0x000000b8   Code   RO         6614    i.IMU_Get_Data      communication.o
    0x080035e4   0x00000230   Code   RO         6618    i.JY901_Data_Pro    communication.o
    0x08003814   0x00000012   Code   RO         6135    i.LPF_1st           power_restriction.o
    0x08003826   0x00000034   Code   RO         6136    i.Limit_filter      power_restriction.o
    0x0800385a   0x00000002   PAD
    0x0800385c   0x000000e4   Code   RO         6619    i.MPU6500_Init      communication.o
    0x08003940   0x00000050   Code   RO         6620    i.MPU6500_Read_Reg  communication.o
    0x08003990   0x0000005c   Code   RO         6621    i.MPU6500_Read_Regs  communication.o
    0x080039ec   0x00000054   Code   RO         6624    i.MPU6500_Write_Reg  communication.o
    0x08003a40   0x00000064   Code   RO          332    i.MX_ADC1_Init      adc.o
    0x08003aa4   0x00000044   Code   RO          375    i.MX_CAN1_Init      can.o
    0x08003ae8   0x00000044   Code   RO          376    i.MX_CAN2_Init      can.o
    0x08003b2c   0x0000008c   Code   RO          427    i.MX_DMA_Init       dma.o
    0x08003bb8   0x00000068   Code   RO          451    i.MX_FREERTOS_Init  freertos.o
    0x08003c20   0x000001cc   Code   RO          306    i.MX_GPIO_Init      gpio.o
    0x08003dec   0x00000048   Code   RO          543    i.MX_SPI5_Init      spi.o
    0x08003e34   0x00000050   Code   RO          586    i.MX_TIM12_Init     tim.o
    0x08003e84   0x0000006c   Code   RO          587    i.MX_TIM3_Init      tim.o
    0x08003ef0   0x000000c0   Code   RO          588    i.MX_TIM5_Init      tim.o
    0x08003fb0   0x0000004c   Code   RO          589    i.MX_TIM6_Init      tim.o
    0x08003ffc   0x00000038   Code   RO          653    i.MX_UART7_Init     usart.o
    0x08004034   0x00000038   Code   RO          654    i.MX_UART8_Init     usart.o
    0x0800406c   0x0000003c   Code   RO          655    i.MX_USART1_UART_Init  usart.o
    0x080040a8   0x00000038   Code   RO          656    i.MX_USART2_UART_Init  usart.o
    0x080040e0   0x00000038   Code   RO          657    i.MX_USART3_UART_Init  usart.o
    0x08004118   0x00000038   Code   RO          658    i.MX_USART6_UART_Init  usart.o
    0x08004150   0x00000002   Code   RO          775    i.MemManage_Handler  stm32f4xx_it.o
    0x08004152   0x00000002   PAD
    0x08004154   0x00000070   Code   RO         7039    i.Mocha_Task        gun_control.o
    0x080041c4   0x00000014   Code   RO         7040    i.Moto_dial_Angle_Reset  gun_control.o
    0x080041d8   0x00000002   Code   RO          776    i.NMI_Handler       stm32f4xx_it.o
    0x080041da   0x00000002   PAD
    0x080041dc   0x00000018   Code   RO         6065    i.PID_struct_init   pid.o
    0x080041f4   0x0000003c   Code   RO         1036    i.Power_Init        bsp.o
    0x08004230   0x00000018   Code   RO         6323    i.RefreshDeviceOutLineTime  systemstate.o
    0x08004248   0x00000010   Code   RO         6324    i.RefreshSysTime    systemstate.o
    0x08004258   0x00000018   Code   RO         6325    i.RefreshTaskOutLineTime  systemstate.o
    0x08004270   0x00000020   Code   RO         1649    i.SPI_EndRxTxTransaction  stm32f4xx_hal_spi.o
    0x08004290   0x00000094   Code   RO         1654    i.SPI_WaitFlagStateUntilTimeout  stm32f4xx_hal_spi.o
    0x08004324   0x0000000c   Code   RO          452    i.StartDefaultTask  freertos.o
    0x08004330   0x00000004   Code   RO          777    i.SysTick_Handler   stm32f4xx_it.o
    0x08004334   0x000000a8   Code   RO           14    i.SystemClock_Config  main.o
    0x080043dc   0x00000054   Code   RO         4388    i.SystemInit        system_stm32f4xx.o
    0x08004430   0x0000001c   Code   RO         6326    i.SystemState_Inite  systemstate.o
    0x0800444c   0x0000000c   Code   RO          778    i.TIM1_UP_TIM10_IRQHandler  stm32f4xx_it.o
    0x08004458   0x0000000c   Code   RO          779    i.TIM3_IRQHandler   stm32f4xx_it.o
    0x08004464   0x00000014   Code   RO         5976    i.TIM5_PWM_Init     motor_use_tim.o
    0x08004478   0x0000000c   Code   RO          780    i.TIM6_DAC_IRQHandler  stm32f4xx_it.o
    0x08004484   0x0000000c   Code   RO          781    i.TIM8_BRK_TIM12_IRQHandler  stm32f4xx_it.o
    0x08004490   0x000000c8   Code   RO         2012    i.TIM_Base_SetConfig  stm32f4xx_hal_tim.o
    0x08004558   0x0000001a   Code   RO         2013    i.TIM_CCxChannelCmd  stm32f4xx_hal_tim.o
    0x08004572   0x00000014   Code   RO         2023    i.TIM_ETR_SetConfig  stm32f4xx_hal_tim.o
    0x08004586   0x00000010   Code   RO         2024    i.TIM_ITRx_SetConfig  stm32f4xx_hal_tim.o
    0x08004596   0x00000002   PAD
    0x08004598   0x00000060   Code   RO         2025    i.TIM_OC1_SetConfig  stm32f4xx_hal_tim.o
    0x080045f8   0x0000006c   Code   RO         2026    i.TIM_OC2_SetConfig  stm32f4xx_hal_tim.o
    0x08004664   0x00000068   Code   RO         2027    i.TIM_OC3_SetConfig  stm32f4xx_hal_tim.o
    0x080046cc   0x00000050   Code   RO         2028    i.TIM_OC4_SetConfig  stm32f4xx_hal_tim.o
    0x0800471c   0x00000022   Code   RO         2030    i.TIM_TI1_ConfigInputStage  stm32f4xx_hal_tim.o
    0x0800473e   0x00000024   Code   RO         2032    i.TIM_TI2_ConfigInputStage  stm32f4xx_hal_tim.o
    0x08004762   0x00000002   PAD
    0x08004764   0x00000108   Code   RO          782    i.UART8_IRQHandler  stm32f4xx_it.o
    0x0800486c   0x000002ac   Code   RO         2901    i.UART_SetConfig    stm32f4xx_hal_uart.o
    0x08004b18   0x0000011c   Code   RO          783    i.USART1_IRQHandler  stm32f4xx_it.o
    0x08004c34   0x00000118   Code   RO          784    i.USART6_IRQHandler  stm32f4xx_it.o
    0x08004d4c   0x00000002   Code   RO          785    i.UsageFault_Handler  stm32f4xx_it.o
    0x08004d4e   0x00000020   Code   RO         4003    i.__NVIC_SetPriority  stm32f4xx_hal_cortex.o
    0x08004d6e   0x0000000e   Code   RO         7587    i.__scatterload_copy  mc_w.l(handlers.o)
    0x08004d7c   0x00000002   Code   RO         7588    i.__scatterload_null  mc_w.l(handlers.o)
    0x08004d7e   0x0000000e   Code   RO         7589    i.__scatterload_zeroinit  mc_w.l(handlers.o)
    0x08004d8c   0x0000007c   Code   RO         7042    i.bopan_check       gun_control.o
    0x08004e08   0x0000003e   Code   RO         5853    i.get_moto_measure_6623  motor_use_can.o
    0x08004e46   0x0000000a   Code   RO         5854    i.get_moto_offset   motor_use_can.o
    0x08004e50   0x0000001e   Code   RO           15    i.main              main.o
    0x08004e6e   0x0000000c   Code   RO         5269    i.makeFreeRtosPriority  cmsis_os.o
    0x08004e7a   0x0000000e   Code   RO         5271    i.osDelay           cmsis_os.o
    0x08004e88   0x0000000e   Code   RO         5272    i.osDelayUntil      cmsis_os.o
    0x08004e96   0x0000000a   Code   RO         5274    i.osKernelStart     cmsis_os.o
    0x08004ea0   0x00000014   Code   RO         5307    i.osSystickHandler  cmsis_os.o
    0x08004eb4   0x00000054   Code   RO         5308    i.osThreadCreate    cmsis_os.o
    0x08004f08   0x000001e0   Code   RO         6066    i.pid_calc          pid.o
    0x080050e8   0x0000000e   Code   RO         6067    i.pid_param_init    pid.o
    0x080050f6   0x00000006   Code   RO         6068    i.pid_reset         pid.o
    0x080050fc   0x00000070   Code   RO         4939    i.prvAddCurrentTaskToDelayedList  tasks.o
    0x0800516c   0x000000d0   Code   RO         4940    i.prvAddNewTaskToReadyList  tasks.o
    0x0800523c   0x00000034   Code   RO         4941    i.prvDeleteTCB      tasks.o
    0x08005270   0x0000004c   Code   RO         5639    i.prvHeapInit       heap_4.o
    0x080052bc   0x00000060   Code   RO         4942    i.prvIdleTask       tasks.o
    0x0800531c   0x0000008e   Code   RO         4943    i.prvInitialiseNewTask  tasks.o
    0x080053aa   0x00000002   PAD
    0x080053ac   0x0000004c   Code   RO         5640    i.prvInsertBlockIntoFreeList  heap_4.o
    0x080053f8   0x00000020   Code   RO         4944    i.prvResetNextTaskUnblockTime  tasks.o
    0x08005418   0x00000028   Code   RO         5713    i.prvTaskExitError  port.o
    0x08005440   0x000000d8   Code   RO         5641    i.pvPortMalloc      heap_4.o
    0x08005518   0x0000002c   Code   RO         5714    i.pxPortInitialiseStack  port.o
    0x08005544   0x00000050   Code   RO         6409    i.ramp_calc         user_lib.o
    0x08005594   0x0000001a   Code   RO         6410    i.ramp_init         user_lib.o
    0x080055ae   0x00000002   PAD
    0x080055b0   0x0000002c   Code   RO         7165    i.testTask          other_tasks.o
    0x080055dc   0x00000026   Code   RO         4560    i.uxListRemove      list.o
    0x08005602   0x00000002   PAD
    0x08005604   0x00000014   Code   RO          453    i.vApplicationGetIdleTaskMemory  freertos.o
    0x08005618   0x00000016   Code   RO         4561    i.vListInitialise   list.o
    0x0800562e   0x00000006   Code   RO         4562    i.vListInitialiseItem  list.o
    0x08005634   0x00000030   Code   RO         4563    i.vListInsert       list.o
    0x08005664   0x00000018   Code   RO         4564    i.vListInsertEnd    list.o
    0x0800567c   0x00000040   Code   RO         5716    i.vPortEnterCritical  port.o
    0x080056bc   0x00000028   Code   RO         5717    i.vPortExitCritical  port.o
    0x080056e4   0x0000005c   Code   RO         5642    i.vPortFree         heap_4.o
    0x08005740   0x00000024   Code   RO         5718    i.vPortSetupTimerInterrupt  port.o
    0x08005764   0x00000054   Code   RO         5719    i.vPortValidateInterruptPriority  port.o
    0x080057b8   0x0000004c   Code   RO         4952    i.vTaskDelay        tasks.o
    0x08005804   0x0000008c   Code   RO         4953    i.vTaskDelayUntil   tasks.o
    0x08005890   0x000000b8   Code   RO         4958    i.vTaskNotifyGiveFromISR  tasks.o
    0x08005948   0x0000006c   Code   RO         4966    i.vTaskStartScheduler  tasks.o
    0x080059b4   0x00000010   Code   RO         4968    i.vTaskSuspendAll   tasks.o
    0x080059c4   0x0000005c   Code   RO         4969    i.vTaskSwitchContext  tasks.o
    0x08005a20   0x000000f4   Code   RO         5720    i.xPortStartScheduler  port.o
    0x08005b14   0x0000002c   Code   RO         5721    i.xPortSysTickHandler  port.o
    0x08005b40   0x0000005a   Code   RO         4971    i.xTaskCreate       tasks.o
    0x08005b9a   0x00000056   Code   RO         4972    i.xTaskCreateStatic  tasks.o
    0x08005bf0   0x0000001c   Code   RO         4976    i.xTaskGetSchedulerState  tasks.o
    0x08005c0c   0x0000000c   Code   RO         4977    i.xTaskGetTickCount  tasks.o
    0x08005c18   0x000000c8   Code   RO         4979    i.xTaskIncrementTick  tasks.o
    0x08005ce0   0x000000c4   Code   RO         4985    i.xTaskResumeAll    tasks.o
    0x08005da4   0x00000070   Data   RO          455    .constdata          freertos.o
    0x08005e14   0x00000008   Data   RO         3702    .constdata          stm32f4xx_hal_dma.o
    0x08005e1c   0x00000010   Data   RO         4389    .constdata          system_stm32f4xx.o
    0x08005e2c   0x00000008   Data   RO         4390    .constdata          system_stm32f4xx.o
    0x08005e34   0x00000014   Data   RO         6632    .constdata          communication.o
    0x08005e48   0x00000028   Data   RO          456    .conststring        freertos.o
    0x08005e70   0x00000020   Data   RO         7585    Region$$Table       anon$$obj.o


    Execution Region RW_IRAM1 (Base: 0x20000000, Size: 0x00004f70, Max: 0x00030000, ABSOLUTE)

    Base Addr    Size         Type   Attr      Idx    E Section Name        Object

    0x20000000   0x00000004   Data   RW          378    .data               can.o
    0x20000004   0x00000010   Data   RW          457    .data               freertos.o
    0x20000014   0x00000004   Data   RW          458    .data               freertos.o
    0x20000018   0x00000004   Data   RW          461    .data               freertos.o
    0x2000001c   0x00000020   Data   RW          787    .data               stm32f4xx_it.o
    0x2000003c   0x0000000c   Data   RW         4149    .data               stm32f4xx_hal.o
    0x20000048   0x00000004   Data   RW         4391    .data               system_stm32f4xx.o
    0x2000004c   0x0000003c   Data   RW         4988    .data               tasks.o
    0x20000088   0x00000018   Data   RW         5647    .data               heap_4.o
    0x200000a0   0x0000000c   Data   RW         5722    .data               port.o
    0x200000ac   0x0000003a   Data   RW         6633    .data               communication.o
    0x200000e6   0x00000002   Data   RW         6636    .data               communication.o
    0x200000e8   0x00000010   Data   RW         7046    .data               gun_control.o
    0x200000f8   0x00000004   Data   RW         7166    .data               other_tasks.o
    0x200000fc   0x000000a8   Zero   RW          333    .bss                adc.o
    0x200001a4   0x00000050   Zero   RW          377    .bss                can.o
    0x200001f4   0x00000254   Zero   RW          454    .bss                freertos.o
    0x20000448   0x00000058   Zero   RW          544    .bss                spi.o
    0x200004a0   0x00000100   Zero   RW          590    .bss                tim.o
    0x200005a0   0x00000360   Zero   RW          663    .bss                usart.o
    0x20000900   0x00000038   Zero   RW          786    .bss                stm32f4xx_it.o
    0x20000938   0x00000040   Zero   RW          996    .bss                stm32f4xx_hal_timebase_tim.o
    0x20000978   0x000000f0   Zero   RW         4987    .bss                tasks.o
    0x20000a68   0x00003c00   Zero   RW         5646    .bss                heap_4.o
    0x20004668   0x0000003c   Zero   RW         5857    .bss                motor_use_can.o
    0x200046a4   0x0000003c   Zero   RW         5858    .bss                motor_use_can.o
    0x200046e0   0x0000003c   Zero   RW         5859    .bss                motor_use_can.o
    0x2000471c   0x000000a8   Zero   RW         5860    .bss                motor_use_can.o
    0x200047c4   0x00000004   PAD
    0x200047c8   0x00000088   Zero   RW         6147    .bss                power_restriction.o
    0x20004850   0x00000044   Zero   RW         6329    .bss                systemstate.o
    0x20004894   0x00000170   Zero   RW         6630    .bss                communication.o
    0x20004a04   0x00000009   Zero   RW         6631    .bss                communication.o
    0x20004a0d   0x00000003   PAD
    0x20004a10   0x00000018   Zero   RW         6991    .bss                gimbal_control.o
    0x20004a28   0x00000144   Zero   RW         7043    .bss                gun_control.o
    0x20004b6c   0x00000004   PAD
    0x20004b70   0x00000400   Zero   RW            1    STACK               startup_stm32f427xx.o


==============================================================================

Image component sizes


      Code (inc. data)   RO Data    RW Data    ZI Data      Debug   Object Name

       252         32          0          0        168       1799   adc.o
       272         46          0          0          0       1108   bsp.o
       448         44          0          4         80       3123   can.o
       154          0          0          0          0      23935   cmsis_os.o
      1228         94         20         60        377      14039   communication.o
       140          4          0          0          0        862   dma.o
         0          0          0          0          0      18200   event_groups.o
       136         12        152         24        596      17202   freertos.o
         0          0          0          0         24       3909   gimbal_control.o
       460         36          0          0          0       1223   gpio.o
       900        126          0         16        324      10103   gun_control.o
       460         24          0         24      15360       7431   heap_4.o
       138          0          0          0          0       3642   list.o
       200         10          0          0          0     804320   main.o
       132          4          0          0        348       4871   motor_use_can.o
       152         16          0          0          0       2118   motor_use_tim.o
        44          6          0          4          0        828   other_tasks.o
       566         16          0          0          0       5778   pid.o
       786         82          0         12          0      12129   port.o
        70          0          0          0        136       3522   power_restriction.o
       180         24          0          0         88       1713   spi.o
        36          8        428          0       1024        840   startup_stm32f427xx.o
       116         18          0         12          0       3978   stm32f4xx_hal.o
      1424         96          0          0          0       8449   stm32f4xx_hal_adc.o
      1638          6          0          0          0      14579   stm32f4xx_hal_can.o
       222         14          0          0          0      34693   stm32f4xx_hal_cortex.o
       982         16          8          0          0       6799   stm32f4xx_hal_dma.o
       504         58          0          0          0       3802   stm32f4xx_hal_gpio.o
        56          4          0          0          0        870   stm32f4xx_hal_msp.o
      1340         96          0          0          0       6409   stm32f4xx_hal_rcc.o
       790          0          0          0          0       4717   stm32f4xx_hal_spi.o
      1718         90          0          0          0      16297   stm32f4xx_hal_tim.o
        70          0          0          0          0       2497   stm32f4xx_hal_tim_ex.o
       116         16          0          0         64       1443   stm32f4xx_hal_timebase_tim.o
       782          8          0          0          0       2080   stm32f4xx_hal_uart.o
      1378        214          0         32         56      16973   stm32f4xx_it.o
        84         18         24          4          0       1207   system_stm32f4xx.o
       168         38          0          0         68       4817   systemstate.o
      1870        140          0         60        240      20526   tasks.o
       704         72          0          0        256       4449   tim.o
      1362        116          0          0        864       7406   usart.o
       106          0          0          0          0       2568   user_lib.o

    ----------------------------------------------------------------------
     22222       1604        664        252      20084    1107254   Object Totals
         0          0         32          0          0          0   (incl. Generated)
        38          0          0          0         11          0   (incl. Padding)

    ----------------------------------------------------------------------

      Code (inc. data)   RO Data    RW Data    ZI Data      Debug   Library Member Name

         0          0          0          0          0          0   entry.o
         0          0          0          0          0          0   entry10a.o
         0          0          0          0          0          0   entry11a.o
         8          4          0          0          0          0   entry2.o
         4          0          0          0          0          0   entry5.o
         0          0          0          0          0          0   entry7b.o
         0          0          0          0          0          0   entry8b.o
         8          4          0          0          0          0   entry9a.o
        30          0          0          0          0          0   handlers.o
        36          8          0          0          0         68   init.o
         0          0          0          0          0          0   iusefp.o
        30          0          0          0          0         68   llshl.o
        36          0          0          0          0         68   llsshr.o
        32          0          0          0          0         68   llushr.o
        36          0          0          0          0         68   memcpya.o
        36          0          0          0          0        108   memseta.o
        98          0          0          0          0         92   uldiv.o
        56          0          0          0          0         88   d2f.o
       334          0          0          0          0        148   dadd.o
       222          0          0          0          0        100   ddiv.o
       186          0          0          0          0        176   depilogue.o
        34          0          0          0          0         76   dflti.o
        26          0          0          0          0         76   dfltui.o
       110          0          0          0          0        168   fepilogue.o

    ----------------------------------------------------------------------
      1322         16          0          0          0       1372   Library Totals
         0          0          0          0          0          0   (incl. Padding)

    ----------------------------------------------------------------------

      Code (inc. data)   RO Data    RW Data    ZI Data      Debug   Library Name

       354         16          0          0          0        540   mc_w.l
       968          0          0          0          0        832   mf_w.l

    ----------------------------------------------------------------------
      1322         16          0          0          0       1372   Library Totals

    ----------------------------------------------------------------------

==============================================================================


      Code (inc. data)   RO Data    RW Data    ZI Data      Debug   

     23544       1620        664        252      20084    1086706   Grand Totals
     23544       1620        664        252      20084    1086706   ELF Image Totals
     23544       1620        664        252          0          0   ROM Totals

==============================================================================

    Total RO  Size (Code + RO Data)                24208 (  23.64kB)
    Total RW  Size (RW Data + ZI Data)             20336 (  19.86kB)
    Total ROM Size (Code + RO Data + RW Data)      24460 (  23.89kB)

==============================================================================

