Component: ARM Compiler 5.05 update 1 (build 106) Tool: armlink [4d0efa]

==============================================================================

Section Cross References

    startup_stm32f427xx.o(RESET) refers to startup_stm32f427xx.o(STACK) for __initial_sp
    startup_stm32f427xx.o(RESET) refers to startup_stm32f427xx.o(.text) for Reset_Handler
    startup_stm32f427xx.o(RESET) refers to stm32f4xx_it.o(i.NMI_Handler) for NMI_Handler
    startup_stm32f427xx.o(RESET) refers to stm32f4xx_it.o(i.HardFault_Handler) for HardFault_Handler
    startup_stm32f427xx.o(RESET) refers to stm32f4xx_it.o(i.MemManage_Handler) for MemManage_Handler
    startup_stm32f427xx.o(RESET) refers to stm32f4xx_it.o(i.BusFault_Handler) for BusFault_Handler
    startup_stm32f427xx.o(RESET) refers to stm32f4xx_it.o(i.UsageFault_Handler) for UsageFault_Handler
    startup_stm32f427xx.o(RESET) refers to port.o(.emb_text) for SVC_Handler
    startup_stm32f427xx.o(RESET) refers to stm32f4xx_it.o(i.DebugMon_Handler) for DebugMon_Handler
    startup_stm32f427xx.o(RESET) refers to stm32f4xx_it.o(i.SysTick_Handler) for SysTick_Handler
    startup_stm32f427xx.o(RESET) refers to stm32f4xx_it.o(i.EXTI2_IRQHandler) for EXTI2_IRQHandler
    startup_stm32f427xx.o(RESET) refers to stm32f4xx_it.o(i.DMA1_Stream5_IRQHandler) for DMA1_Stream5_IRQHandler
    startup_stm32f427xx.o(RESET) refers to stm32f4xx_it.o(i.DMA1_Stream6_IRQHandler) for DMA1_Stream6_IRQHandler
    startup_stm32f427xx.o(RESET) refers to stm32f4xx_it.o(i.CAN1_RX0_IRQHandler) for CAN1_RX0_IRQHandler
    startup_stm32f427xx.o(RESET) refers to stm32f4xx_it.o(i.EXTI9_5_IRQHandler) for EXTI9_5_IRQHandler
    startup_stm32f427xx.o(RESET) refers to stm32f4xx_it.o(i.TIM1_UP_TIM10_IRQHandler) for TIM1_UP_TIM10_IRQHandler
    startup_stm32f427xx.o(RESET) refers to stm32f4xx_it.o(i.TIM2_IRQHandler) for TIM2_IRQHandler
    startup_stm32f427xx.o(RESET) refers to stm32f4xx_it.o(i.TIM3_IRQHandler) for TIM3_IRQHandler
    startup_stm32f427xx.o(RESET) refers to stm32f4xx_it.o(i.TIM4_IRQHandler) for TIM4_IRQHandler
    startup_stm32f427xx.o(RESET) refers to stm32f4xx_it.o(i.USART1_IRQHandler) for USART1_IRQHandler
    startup_stm32f427xx.o(RESET) refers to stm32f4xx_it.o(i.USART2_IRQHandler) for USART2_IRQHandler
    startup_stm32f427xx.o(RESET) refers to stm32f4xx_it.o(i.USART3_IRQHandler) for USART3_IRQHandler
    startup_stm32f427xx.o(RESET) refers to stm32f4xx_it.o(i.TIM8_BRK_TIM12_IRQHandler) for TIM8_BRK_TIM12_IRQHandler
    startup_stm32f427xx.o(RESET) refers to stm32f4xx_it.o(i.TIM6_DAC_IRQHandler) for TIM6_DAC_IRQHandler
    startup_stm32f427xx.o(RESET) refers to stm32f4xx_it.o(i.DMA2_Stream1_IRQHandler) for DMA2_Stream1_IRQHandler
    startup_stm32f427xx.o(RESET) refers to stm32f4xx_it.o(i.DMA2_Stream2_IRQHandler) for DMA2_Stream2_IRQHandler
    startup_stm32f427xx.o(RESET) refers to stm32f4xx_it.o(i.DMA2_Stream4_IRQHandler) for DMA2_Stream4_IRQHandler
    startup_stm32f427xx.o(RESET) refers to stm32f4xx_it.o(i.CAN2_RX0_IRQHandler) for CAN2_RX0_IRQHandler
    startup_stm32f427xx.o(RESET) refers to stm32f4xx_it.o(i.USART6_IRQHandler) for USART6_IRQHandler
    startup_stm32f427xx.o(RESET) refers to stm32f4xx_it.o(i.UART8_IRQHandler) for UART8_IRQHandler
    startup_stm32f427xx.o(.text) refers to system_stm32f4xx.o(i.SystemInit) for SystemInit
    startup_stm32f427xx.o(.text) refers to entry.o(.ARM.Collect$$$$00000000) for __main
    system_stm32f4xx.o(i.SystemCoreClockUpdate) refers to system_stm32f4xx.o(.data) for .data
    system_stm32f4xx.o(i.SystemCoreClockUpdate) refers to system_stm32f4xx.o(.constdata) for .constdata
    cmsis_os.o(i.osDelay) refers to tasks.o(i.vTaskDelay) for vTaskDelay
    cmsis_os.o(i.osDelayUntil) refers to tasks.o(i.vTaskDelayUntil) for vTaskDelayUntil
    cmsis_os.o(i.osKernelRunning) refers to tasks.o(i.xTaskGetSchedulerState) for xTaskGetSchedulerState
    cmsis_os.o(i.osKernelStart) refers to tasks.o(i.vTaskStartScheduler) for vTaskStartScheduler
    cmsis_os.o(i.osKernelSysTick) refers to cmsis_os.o(i.inHandlerMode) for inHandlerMode
    cmsis_os.o(i.osKernelSysTick) refers to tasks.o(i.xTaskGetTickCountFromISR) for xTaskGetTickCountFromISR
    cmsis_os.o(i.osKernelSysTick) refers to tasks.o(i.xTaskGetTickCount) for xTaskGetTickCount
    cmsis_os.o(i.osMailAlloc) refers to cmsis_os.o(i.osPoolAlloc) for osPoolAlloc
    cmsis_os.o(i.osMailCAlloc) refers to cmsis_os.o(i.osMailAlloc) for osMailAlloc
    cmsis_os.o(i.osMailCreate) refers to heap_4.o(i.pvPortMalloc) for pvPortMalloc
    cmsis_os.o(i.osMailCreate) refers to queue.o(i.xQueueGenericCreate) for xQueueGenericCreate
    cmsis_os.o(i.osMailCreate) refers to cmsis_os.o(i.osPoolCreate) for osPoolCreate
    cmsis_os.o(i.osMailCreate) refers to heap_4.o(i.vPortFree) for vPortFree
    cmsis_os.o(i.osMailFree) refers to cmsis_os.o(i.osPoolFree) for osPoolFree
    cmsis_os.o(i.osMailGet) refers to cmsis_os.o(i.inHandlerMode) for inHandlerMode
[...]
    i.sendata                                0x08005248   Section        0  protocol.o(i.sendata)
    i.testTask                               0x080052a4   Section        0  main.o(i.testTask)
    i.ulTaskNotifyTake                       0x080052d8   Section        0  tasks.o(i.ulTaskNotifyTake)
    i.uxListRemove                           0x08005374   Section        0  list.o(i.uxListRemove)
    i.vListInitialise                        0x08005398   Section        0  list.o(i.vListInitialise)
    i.vListInitialiseItem                    0x080053ae   Section        0  list.o(i.vListInitialiseItem)
    i.vListInsert                            0x080053b4   Section        0  list.o(i.vListInsert)
    i.vListInsertEnd                         0x080053e4   Section        0  list.o(i.vListInsertEnd)
    i.vPortEnterCritical                     0x080053fc   Section        0  port.o(i.vPortEnterCritical)
    i.vPortExitCritical                      0x0800543c   Section        0  port.o(i.vPortExitCritical)
    i.vPortFree                              0x08005464   Section        0  heap_4.o(i.vPortFree)
    i.vPortSetupTimerInterrupt               0x080054c0   Section        0  port.o(i.vPortSetupTimerInterrupt)
    i.vPortValidateInterruptPriority         0x080054e0   Section        0  port.o(i.vPortValidateInterruptPriority)
    i.vTaskDelay                             0x08005534   Section        0  tasks.o(i.vTaskDelay)
    i.vTaskDelayUntil                        0x0800559c   Section        0  tasks.o(i.vTaskDelayUntil)
    i.vTaskNotifyGiveFromISR                 0x08005644   Section        0  tasks.o(i.vTaskNotifyGiveFromISR)
    i.vTaskStartScheduler                    0x080056f8   Section        0  tasks.o(i.vTaskStartScheduler)
    i.vTaskSuspendAll                        0x08005764   Section        0  tasks.o(i.vTaskSuspendAll)
    i.vTaskSwitchContext                     0x08005774   Section        0  tasks.o(i.vTaskSwitchContext)
    i.verify_crc16_check_sum                 0x080057f0   Section        0  protocol.o(i.verify_crc16_check_sum)
    i.verify_crc8_check_sum                  0x0800582c   Section        0  protocol.o(i.verify_crc8_check_sum)
    i.xPortStartScheduler                    0x08005858   Section        0  port.o(i.xPortStartScheduler)
    i.xPortSysTickHandler                    0x08005938   Section        0  port.o(i.xPortSysTickHandler)
    i.xTaskGenericCreate                     0x08005964   Section        0  tasks.o(i.xTaskGenericCreate)
    i.xTaskGetSchedulerState                 0x08005b24   Section        0  tasks.o(i.xTaskGetSchedulerState)
    i.xTaskGetTickCount                      0x08005b40   Section        0  tasks.o(i.xTaskGetTickCount)
    i.xTaskIncrementTick                     0x08005b4c   Section        0  tasks.o(i.xTaskIncrementTick)
    i.xTaskResumeAll                         0x08005c18   Section        0  tasks.o(i.xTaskResumeAll)
    .constdata                               0x08005cdc   Section       16  stm32f4xx_hal_rcc.o(.constdata)
    .constdata                               0x08005cec   Section        8  stm32f4xx_hal_dma.o(.constdata)
    flagBitshiftOffset                       0x08005cec   Data           8  stm32f4xx_hal_dma.o(.constdata)
    .constdata                               0x08005cf4   Section       80  freertos.o(.constdata)
    .constdata                               0x08005d44   Section      796  protocol.o(.constdata)
    .constdata                               0x08006060   Section       20  communication.o(.constdata)
    .conststring                             0x08006074   Section       48  freertos.o(.conststring)
    .data                                    0x20000000   Section        4  system_stm32f4xx.o(.data)
    .data                                    0x20000004   Section       64  tasks.o(.data)
    uxTasksDeleted                           0x20000008   Data           4  tasks.o(.data)
    uxCurrentNumberOfTasks                   0x2000000c   Data           4  tasks.o(.data)
    xTickCount                               0x20000010   Data           4  tasks.o(.data)
    uxTopReadyPriority                       0x20000014   Data           4  tasks.o(.data)
    xSchedulerRunning                        0x20000018   Data           4  tasks.o(.data)
    uxPendedTicks                            0x2000001c   Data           4  tasks.o(.data)
    xYieldPending                            0x20000020   Data           4  tasks.o(.data)
    xNumOfOverflows                          0x20000024   Data           4  tasks.o(.data)
    uxTaskNumber                             0x20000028   Data           4  tasks.o(.data)
    xNextTaskUnblockTime                     0x2000002c   Data           4  tasks.o(.data)
    uxSchedulerSuspended                     0x20000030   Data           4  tasks.o(.data)
    ulTaskSwitchedInTime                     0x20000034   Data           4  tasks.o(.data)
    ulTotalRunTime                           0x20000038   Data           4  tasks.o(.data)
    pxDelayedTaskList                        0x2000003c   Data           4  tasks.o(.data)
    pxOverflowDelayedTaskList                0x20000040   Data           4  tasks.o(.data)
    .data                                    0x20000044   Section       24  heap_4.o(.data)
    pxEnd                                    0x20000044   Data           4  heap_4.o(.data)
    xFreeBytesRemaining                      0x20000048   Data           4  heap_4.o(.data)
    xMinimumEverFreeBytesRemaining           0x2000004c   Data           4  heap_4.o(.data)
    xBlockAllocatedBit                       0x20000050   Data           4  heap_4.o(.data)
    xStart                                   0x20000054   Data           8  heap_4.o(.data)
    .data                                    0x2000005c   Section       12  port.o(.data)
    ucMaxSysCallPriority                     0x2000005c   Data           1  port.o(.data)
    uxCriticalNesting                        0x20000060   Data           4  port.o(.data)
    ulMaxPRIGROUPValue                       0x20000064   Data           4  port.o(.data)
    .data                                    0x20000068   Section        4  stm32f4xx_hal.o(.data)
    .data                                    0x2000006c   Section       16  freertos.o(.data)
    .data                                    0x2000007c   Section        8  stm32f4xx_it.o(.data)
    pxHigherPriorityTaskWoken                0x2000007c   Data           4  stm32f4xx_it.o(.data)
    .data                                    0x20000088   Section        8  bsp.o(.data)
    .data                                    0x20000090   Section        4  can.o(.data)
    HAL_RCC_CAN1_CLK_ENABLED                 0x20000090   Data           4  can.o(.data)
    .data                                    0x20000094   Section        4  motor_use_tim.o(.data)
    .data                                    0x20000098   Section        8  protocol.o(.data)
    Frame                                    0x2000009c   Data           4  protocol.o(.data)
    .data                                    0x200000a0   Section       58  communication.o(.data)
    MPU_Rx                                   0x200000a1   Data           1  communication.o(.data)
    MPU_Tx                                   0x200000a2   Data           1  communication.o(.data)
    MPU_Rx                                   0x200000a3   Data           1  communication.o(.data)
    MPU_Tx                                   0x200000a4   Data           1  communication.o(.data)
    MPU_Rx                                   0x200000a5   Data           1  communication.o(.data)
    MPU_Tx                                   0x200000a6   Data           1  communication.o(.data)
    i                                        0x200000a8   Data           2  communication.o(.data)
    sum_gz                                   0x200000ac   Data           4  communication.o(.data)
    sum_gy                                   0x200000b0   Data           4  communication.o(.data)
    MPU_Tx_buff                              0x200000cc   Data          14  communication.o(.data)
    .data                                    0x200000da   Section        2  communication.o(.data)
    .data                                    0x200000dc   Section        2  chassis_task.o(.data)
    .data                                    0x200000de   Section       10  data_pro_task.o(.data)
    .bss                                     0x200000e8   Section      240  tasks.o(.bss)
    pxReadyTasksLists                        0x200000e8   Data         140  tasks.o(.bss)
    xDelayedTaskList1                        0x20000174   Data          20  tasks.o(.bss)
    xDelayedTaskList2                        0x20000188   Data          20  tasks.o(.bss)
    xPendingReadyList                        0x2000019c   Data          20  tasks.o(.bss)
    xTasksWaitingTermination                 0x200001b0   Data          20  tasks.o(.bss)
    xSuspendedTaskList                       0x200001c4   Data          20  tasks.o(.bss)
    .bss                                     0x200001d8   Section    15360  heap_4.o(.bss)
    ucHeap                                   0x200001d8   Data       15360  heap_4.o(.bss)
    .bss                                     0x20003dd8   Section       60  stm32f4xx_hal.o(.bss)
    .bss                                     0x20003e14   Section       88  spi.o(.bss)
    .bss                                     0x20003e6c   Section      504  adc.o(.bss)
    .bss                                     0x20004064   Section      360  tim.o(.bss)
    .bss                                     0x200041cc   Section      256  can.o(.bss)
    Tx1Message                               0x200041cc   Data          28  can.o(.bss)
    Rx1Message                               0x200041e8   Data          36  can.o(.bss)
    Tx2Message                               0x2000420c   Data          28  can.o(.bss)
    Rx2Message                               0x20004228   Data          36  can.o(.bss)
    .bss                                     0x200042cc   Section      704  usart.o(.bss)
    .bss                                     0x2000458c   Section      240  motor_use_can.o(.bss)
    .bss                                     0x2000467c   Section       60  motor_use_can.o(.bss)
    .bss                                     0x200046b8   Section       84  motor_use_can.o(.bss)
    Chassis_Motor_Data                       0x200046b8   Data          28  motor_use_can.o(.bss)
    CANSend_Error                            0x200046d4   Data          28  motor_use_can.o(.bss)
    CANSend_Cp                               0x200046f0   Data          28  motor_use_can.o(.bss)
    .bss                                     0x2000470c   Section       40  power_restriction.o(.bss)
    .bss                                     0x20004734   Section       40  power_restriction.o(.bss)
    .bss                                     0x2000475c   Section       40  power_restriction.o(.bss)
    .bss                                     0x20004784   Section       48  power_restriction.o(.bss)
    buff                                     0x2000479c   Data          24  power_restriction.o(.bss)
    .bss                                     0x200047b4   Section       80  protocol.o(.bss)
    .bss                                     0x20004804   Section       64  systemstate.o(.bss)
    .bss                                     0x20004844   Section       20  systemstate.o(.bss)
    .bss                                     0x20004858   Section      360  communication.o(.bss)
    raw_gz                                   0x20004934   Data          24  communication.o(.bss)
    raw_gy                                   0x2000494c   Data          24  communication.o(.bss)
    .bss                                     0x200049c0   Section      100  communication.o(.bss)
    .bss                                     0x20004a24   Section     1440  chassis_task.o(.bss)
    wheel                                    0x20004b34   Data          16  chassis_task.o(.bss)
    .bss                                     0x20004fc4   Section       20  led_task.o(.bss)
    STACK                                    0x20004fd8   Section     1024  startup_stm32f427xx.o(STACK)

    Global Symbols

    Symbol Name                              Value     Ov Type        Size  Object(Section)

    BuildAttributes$$THM_ISAv4$E$P$D$K$B$S$7EM$VFPi3$EXTD16$VFPS$VFMA$PE$A:L22UL41UL21$X:L11$S22US41US21$IEEE1$IW$USESV6$~STKCKD$USESV7$~SHL$OTIME$ROPI$IEEEX$EBA8$MICROLIB$REQ8$PRES8$EABIv2 0x00000000   Number         0  anon$$obj.o ABSOLUTE
    __ARM_use_no_argv                        0x00000000   Number         0  main.o ABSOLUTE
    _printf_a                                0x00000000   Number         0  stubs.o ABSOLUTE
    _printf_c                                0x00000000   Number         0  stubs.o ABSOLUTE
    _printf_charcount                        0x00000000   Number         0  stubs.o ABSOLUTE
    _printf_d                                0x00000000   Number         0  stubs.o ABSOLUTE
    _printf_e                                0x00000000   Number         0  stubs.o ABSOLUTE
    _printf_f                                0x00000000   Number         0  stubs.o ABSOLUTE
    _printf_flags                            0x00000000   Number         0  stubs.o ABSOLUTE
    _printf_fp_dec                           0x00000000   Number         0  stubs.o ABSOLUTE
    _printf_fp_hex                           0x00000000   Number         0  stubs.o ABSOLUTE
    _printf_g                                0x00000000   Number         0  stubs.o ABSOLUTE
    _printf_i                                0x00000000   Number         0  stubs.o ABSOLUTE
    _printf_int_dec                          0x00000000   Number         0  stubs.o ABSOLUTE
    _printf_l                                0x00000000   Number         0  stubs.o ABSOLUTE
    _printf_lc                               0x00000000   Number         0  stubs.o ABSOLUTE
    _printf_ll                               0x00000000   Number         0  stubs.o ABSOLUTE
    _printf_lld                              0x00000000   Number         0  stubs.o ABSOLUTE
    _printf_lli                              0x00000000   Number         0  stubs.o ABSOLUTE
    _printf_llo                              0x00000000   Number         0  stubs.o ABSOLUTE
    _printf_llu                              0x00000000   Number         0  stubs.o ABSOLUTE
    _printf_llx                              0x00000000   Number         0  stubs.o ABSOLUTE
    _printf_longlong_dec                     0x00000000   Number         0  stubs.o ABSOLUTE
    _printf_longlong_hex                     0x00000000   Number         0  stubs.o ABSOLUTE
    _printf_longlong_oct                     0x00000000   Number         0  stubs.o ABSOLUTE
    _printf_ls                               0x00000000   Number         0  stubs.o ABSOLUTE
    _printf_mbtowc                           0x00000000   Number         0  stubs.o ABSOLUTE
    _printf_n                                0x00000000   Number         0  stubs.o ABSOLUTE
    _printf_o                                0x00000000   Number         0  stubs.o ABSOLUTE
    _printf_p                                0x00000000   Number         0  stubs.o ABSOLUTE
    _printf_percent                          0x00000000   Number         0  stubs.o ABSOLUTE
    _printf_pre_padding                      0x00000000   Number         0  stubs.o ABSOLUTE
    _printf_return_value                     0x00000000   Number         0  stubs.o ABSOLUTE
    _printf_s                                0x00000000   Number         0  stubs.o ABSOLUTE
    _printf_sizespec                         0x00000000   Number         0  stubs.o ABSOLUTE
    _printf_str                              0x00000000   Number         0  stubs.o ABSOLUTE
    _printf_truncate_signed                  0x00000000   Number         0  stubs.o ABSOLUTE
    _printf_truncate_unsigned                0x00000000   Number         0  stubs.o ABSOLUTE
    _printf_u                                0x00000000   Number         0  stubs.o ABSOLUTE
    _printf_wc                               0x00000000   Number         0  stubs.o ABSOLUTE
    _printf_wctomb                           0x00000000   Number         0  stubs.o ABSOLUTE
    _printf_widthprec                        0x00000000   Number         0  stubs.o ABSOLUTE
    _printf_x                                0x00000000   Number         0  stubs.o ABSOLUTE
    __cpp_initialize__aeabi_                  - Undefined Weak Reference
    __cxa_finalize                            - Undefined Weak Reference
    __decompress                              - Undefined Weak Reference
    _clock_init                               - Undefined Weak Reference
    _microlib_exit                            - Undefined Weak Reference
    __Vectors_Size                           0x000001ac   Number         0  startup_stm32f427xx.o ABSOLUTE
    __Vectors                                0x08000000   Data           4  startup_stm32f427xx.o(RESET)
    __Vectors_End                            0x080001ac   Data           0  startup_stm32f427xx.o(RESET)
    __main                                   0x080001ad   Thumb Code     0  entry.o(.ARM.Collect$$$$00000000)
    _main_stk                                0x080001ad   Thumb Code     0  entry2.o(.ARM.Collect$$$$00000001)
    _main_scatterload                        0x080001b1   Thumb Code     0  entry5.o(.ARM.Collect$$$$00000004)
    __main_after_scatterload                 0x080001b5   Thumb Code     0  entry5.o(.ARM.Collect$$$$00000004)
    _main_clock                              0x080001b5   Thumb Code     0  entry7b.o(.ARM.Collect$$$$00000008)
    _main_cpp_init                           0x080001b5   Thumb Code     0  entry8b.o(.ARM.Collect$$$$0000000A)
    _main_init                               0x080001b5   Thumb Code     0  entry9a.o(.ARM.Collect$$$$0000000B)
    __rt_final_cpp                           0x080001bd   Thumb Code     0  entry10a.o(.ARM.Collect$$$$0000000D)
    __rt_final_exit                          0x080001bd   Thumb Code     0  entry11a.o(.ARM.Collect$$$$0000000F)
    SVC_Handler                              0x080001c1   Thumb Code    28  port.o(.emb_text)
    __asm___6_port_c_39a90d8d__prvStartFirstTask 0x080001e1   Thumb Code    28  port.o(.emb_text)
    __asm___6_port_c_39a90d8d__prvEnableVFP  0x08000201   Thumb Code    16  port.o(.emb_text)
    PendSV_Handler                           0x08000215   Thumb Code    92  port.o(.emb_text)
    vPortGetIPSR                             0x08000275   Thumb Code     6  port.o(.emb_text)
    Reset_Handler                            0x0800027d   Thumb Code     8  startup_stm32f427xx.o(.text)
    ADC_IRQHandler                           0x08000297   Thumb Code     0  startup_stm32f427xx.o(.text)
    CAN1_RX1_IRQHandler                      0x08000297   Thumb Code     0  startup_stm32f427xx.o(.text)
    CAN1_SCE_IRQHandler                      0x08000297   Thumb Code     0  startup_stm32f427xx.o(.text)
    CAN1_TX_IRQHandler                       0x08000297   Thumb Code     0  startup_stm32f427xx.o(.text)
    CAN2_RX1_IRQHandler                      0x08000297   Thumb Code     0  startup_stm32f427xx.o(.text)
    CAN2_SCE_IRQHandler                      0x08000297   Thumb Code     0  startup_stm32f427xx.o(.text)
    CAN2_TX_IRQHandler                       0x08000297   Thumb Code     0  startup_stm32f427xx.o(.text)
    DCMI_IRQHandler                          0x08000297   Thumb Code     0  startup_stm32f427xx.o(.text)
    DMA1_Stream0_IRQHandler                  0x08000297   Thumb Code     0  startup_stm32f427xx.o(.text)
    DMA1_Stream1_IRQHandler                  0x08000297   Thumb Code     0  startup_stm32f427xx.o(.text)
    DMA1_Stream2_IRQHandler                  0x08000297   Thumb Code     0  startup_stm32f427xx.o(.text)
    DMA1_Stream3_IRQHandler                  0x08000297   Thumb Code     0  startup_stm32f427xx.o(.text)
    DMA1_Stream4_IRQHandler                  0x08000297   Thumb Code     0  startup_stm32f427xx.o(.text)
    DMA1_Stream7_IRQHandler                  0x08000297   Thumb Code     0  startup_stm32f427xx.o(.text)
    DMA2D_IRQHandler                         0x08000297   Thumb Code     0  startup_stm32f427xx.o(.text)
    DMA2_Stream0_IRQHandler                  0x08000297   Thumb Code     0  startup_stm32f427xx.o(.text)
    DMA2_Stream3_IRQHandler                  0x08000297   Thumb Code     0  startup_stm32f427xx.o(.text)
    DMA2_Stream5_IRQHandler                  0x08000297   Thumb Code     0  startup_stm32f427xx.o(.text)
    DMA2_Stream6_IRQHandler                  0x08000297   Thumb Code     0  startup_stm32f427xx.o(.text)
    DMA2_Stream7_IRQHandler                  0x08000297   Thumb Code     0  startup_stm32f427xx.o(.text)
    ETH_IRQHandler                           0x08000297   Thumb Code     0  startup_stm32f427xx.o(.text)
    ETH_WKUP_IRQHandler                      0x08000297   Thumb Code     0  startup_stm32f427xx.o(.text)
    EXTI0_IRQHandler                         0x08000297   Thumb Code     0  startup_stm32f427xx.o(.text)
    EXTI15_10_IRQHandler                     0x08000297   Thumb Code     0  startup_stm32f427xx.o(.text)
    EXTI1_IRQHandler                         0x08000297   Thumb Code     0  startup_stm32f427xx.o(.text)
    EXTI3_IRQHandler                         0x08000297   Thumb Code     0  startup_stm32f427xx.o(.text)
    EXTI4_IRQHandler                         0x08000297   Thumb Code     0  startup_stm32f427xx.o(.text)
    FLASH_IRQHandler                         0x08000297   Thumb Code     0  startup_stm32f427xx.o(.text)
    FMC_IRQHandler                           0x08000297   Thumb Code     0  startup_stm32f427xx.o(.text)
    FPU_IRQHandler                           0x08000297   Thumb Code     0  startup_stm32f427xx.o(.text)
    HASH_RNG_IRQHandler                      0x08000297   Thumb Code     0  startup_stm32f427xx.o(.text)
    I2C1_ER_IRQHandler                       0x08000297   Thumb Code     0  startup_stm32f427xx.o(.text)
    I2C1_EV_IRQHandler                       0x08000297   Thumb Code     0  startup_stm32f427xx.o(.text)
    I2C2_ER_IRQHandler                       0x08000297   Thumb Code     0  startup_stm32f427xx.o(.text)
    I2C2_EV_IRQHandler                       0x08000297   Thumb Code     0  startup_stm32f427xx.o(.text)
    I2C3_ER_IRQHandler                       0x08000297   Thumb Code     0  startup_stm32f427xx.o(.text)
    I2C3_EV_IRQHandler                       0x08000297   Thumb Code     0  startup_stm32f427xx.o(.text)
    OTG_FS_IRQHandler                        0x08000297   Thumb Code     0  startup_stm32f427xx.o(.text)
    OTG_FS_WKUP_IRQHandler                   0x08000297   Thumb Code     0  startup_stm32f427xx.o(.text)
    OTG_HS_EP1_IN_IRQHandler                 0x08000297   Thumb Code     0  startup_stm32f427xx.o(.text)
    OTG_HS_EP1_OUT_IRQHandler                0x08000297   Thumb Code     0  startup_stm32f427xx.o(.text)
    OTG_HS_IRQHandler                        0x08000297   Thumb Code     0  startup_stm32f427xx.o(.text)
    OTG_HS_WKUP_IRQHandler                   0x08000297   Thumb Code     0  startup_stm32f427xx.o(.text)
    PVD_IRQHandler                           0x08000297   Thumb Code     0  startup_stm32f427xx.o(.text)
    RCC_IRQHandler                           0x08000297   Thumb Code     0  startup_stm32f427xx.o(.text)
    RTC_Alarm_IRQHandler                     0x08000297   Thumb Code     0  startup_stm32f427xx.o(.text)
    RTC_WKUP_IRQHandler                      0x08000297   Thumb Code     0  startup_stm32f427xx.o(.text)
    SAI1_IRQHandler                          0x08000297   Thumb Code     0  startup_stm32f427xx.o(.text)
    SDIO_IRQHandler                          0x08000297   Thumb Code     0  startup_stm32f427xx.o(.text)
    SPI1_IRQHandler                          0x08000297   Thumb Code     0  startup_stm32f427xx.o(.text)
    SPI2_IRQHandler                          0x08000297   Thumb Code     0  startup_stm32f427xx.o(.text)
    SPI3_IRQHandler                          0x08000297   Thumb Code     0  startup_stm32f427xx.o(.text)
    SPI4_IRQHandler                          0x08000297   Thumb Code     0  startup_stm32f427xx.o(.text)
    SPI5_IRQHandler                          0x08000297   Thumb Code     0  startup_stm32f427xx.o(.text)
    SPI6_IRQHandler                          0x08000297   Thumb Code     0  startup_stm32f427xx.o(.text)
    TAMP_STAMP_IRQHandler                    0x08000297   Thumb Code     0  startup_stm32f427xx.o(.text)
    TIM1_BRK_TIM9_IRQHandler                 0x08000297   Thumb Code     0  startup_stm32f427xx.o(.text)
    TIM1_CC_IRQHandler                       0x08000297   Thumb Code     0  startup_stm32f427xx.o(.text)
    TIM1_TRG_COM_TIM11_IRQHandler            0x08000297   Thumb Code     0  startup_stm32f427xx.o(.text)
    TIM5_IRQHandler                          0x08000297   Thumb Code     0  startup_stm32f427xx.o(.text)
    TIM7_IRQHandler                          0x08000297   Thumb Code     0  startup_stm32f427xx.o(.text)
    TIM8_CC_IRQHandler                       0x08000297   Thumb Code     0  startup_stm32f427xx.o(.text)
    TIM8_TRG_COM_TIM14_IRQHandler            0x08000297   Thumb Code     0  startup_stm32f427xx.o(.text)
    TIM8_UP_TIM13_IRQHandler                 0x08000297   Thumb Code     0  startup_stm32f427xx.o(.text)
    UART4_IRQHandler                         0x08000297   Thumb Code     0  startup_stm32f427xx.o(.text)
    UART5_IRQHandler                         0x08000297   Thumb Code     0  startup_stm32f427xx.o(.text)
    UART7_IRQHandler                         0x08000297   Thumb Code     0  startup_stm32f427xx.o(.text)
    WWDG_IRQHandler                          0x08000297   Thumb Code     0  startup_stm32f427xx.o(.text)
    __aeabi_memcpy                           0x080002a1   Thumb Code    36  memcpya.o(.text)
    __aeabi_memcpy4                          0x080002a1   Thumb Code     0  memcpya.o(.text)
    __aeabi_memcpy8                          0x080002a1   Thumb Code     0  memcpya.o(.text)
    __aeabi_memset                           0x080002c5   Thumb Code    14  memseta.o(.text)
    __aeabi_memset4                          0x080002c5   Thumb Code     0  memseta.o(.text)
    __aeabi_memset8                          0x080002c5   Thumb Code     0  memseta.o(.text)
    __aeabi_memclr                           0x080002d3   Thumb Code     4  memseta.o(.text)
    __aeabi_memclr4                          0x080002d3   Thumb Code     0  memseta.o(.text)
    __aeabi_memclr8                          0x080002d3   Thumb Code     0  memseta.o(.text)
    _memset$wrapper                          0x080002d7   Thumb Code    18  memseta.o(.text)
    __aeabi_dadd                             0x080002e9   Thumb Code   322  dadd.o(.text)
    __aeabi_dsub                             0x0800042b   Thumb Code     6  dadd.o(.text)
    __aeabi_drsub                            0x08000431   Thumb Code     6  dadd.o(.text)
    __aeabi_ddiv                             0x08000437   Thumb Code   222  ddiv.o(.text)
    __aeabi_i2d                              0x08000515   Thumb Code    34  dflti.o(.text)
    __aeabi_ui2d                             0x08000537   Thumb Code    26  dfltui.o(.text)
    __aeabi_d2f                              0x08000551   Thumb Code    56  d2f.o(.text)
    __aeabi_llsl                             0x08000589   Thumb Code    30  llshl.o(.text)
    _ll_shift_l                              0x08000589   Thumb Code     0  llshl.o(.text)
    __aeabi_llsr                             0x080005a7   Thumb Code    32  llushr.o(.text)
    _ll_ushift_r                             0x080005a7   Thumb Code     0  llushr.o(.text)
    __aeabi_lasr                             0x080005c7   Thumb Code    36  llsshr.o(.text)
    _ll_sshift_r                             0x080005c7   Thumb Code     0  llsshr.o(.text)
    __I$use$fp                               0x080005eb   Thumb Code     0  iusefp.o(.text)
    _float_round                             0x080005eb   Thumb Code    18  fepilogue.o(.text)
    _float_epilogue                          0x080005fd   Thumb Code    92  fepilogue.o(.text)
    _double_round                            0x08000659   Thumb Code    30  depilogue.o(.text)
    _double_epilogue                         0x08000677   Thumb Code   156  depilogue.o(.text)
    __scatterload                            0x08000715   Thumb Code    28  init.o(.text)
    __scatterload_rt2                        0x08000715   Thumb Code     0  init.o(.text)
    ABS_limit                                0x08000739   Thumb Code    42  pid.o(i.ABS_limit)
    BSP_Init                                 0x08000919   Thumb Code   208  bsp.o(i.BSP_Init)
    Bsp_UART_Receive_DMA                     0x08000a25   Thumb Code   104  usart.o(i.Bsp_UART_Receive_DMA)
    Bsp_UART_Receive_IT                      0x08000a8d   Thumb Code    22  usart.o(i.Bsp_UART_Receive_IT)
    BusFault_Handler                         0x08000aa3   Thumb Code     2  stm32f4xx_it.o(i.BusFault_Handler)
    CAN1_RX0_IRQHandler                      0x08000aa5   Thumb Code     6  stm32f4xx_it.o(i.CAN1_RX0_IRQHandler)
    CAN2_RX0_IRQHandler                      0x08000ab1   Thumb Code     6  stm32f4xx_it.o(i.CAN2_RX0_IRQHandler)
    CAN_GET_Cilent                           0x08000abd   Thumb Code    10  motor_use_can.o(i.CAN_GET_Cilent)
    CAN_GET_Error                            0x08000acd   Thumb Code    18  motor_use_can.o(i.CAN_GET_Error)
    CAN_GET_YK                               0x08000adf   Thumb Code    38  motor_use_can.o(i.CAN_GET_YK)
    CAN_GET_YT                               0x08000b05   Thumb Code    50  motor_use_can.o(i.CAN_GET_YT)
    CanFilter_Init                           0x08000c69   Thumb Code    74  can.o(i.CanFilter_Init)
    Chassis_Contrl_Task                      0x08000cb9   Thumb Code   196  chassis_task.o(i.Chassis_Contrl_Task)
    Chassis_Motor                            0x08000d91   Thumb Code    56  motor_use_can.o(i.Chassis_Motor)
    Chassis_Motor_Disable                    0x08000dcd   Thumb Code    42  motor_use_can.o(i.Chassis_Motor_Disable)
    Chassis_pid_init                         0x08000dfd   Thumb Code   276  chassis_task.o(i.Chassis_pid_init)
    ConfigureTimerForRunTimeStats            0x08000f31   Thumb Code    12  bsp.o(i.ConfigureTimerForRunTimeStats)
    DMA1_Stream5_IRQHandler                  0x08000f41   Thumb Code     6  stm32f4xx_it.o(i.DMA1_Stream5_IRQHandler)
    DMA1_Stream6_IRQHandler                  0x08000f4d   Thumb Code     6  stm32f4xx_it.o(i.DMA1_Stream6_IRQHandler)
    DMA2_Stream1_IRQHandler                  0x08000f59   Thumb Code     6  stm32f4xx_it.o(i.DMA2_Stream1_IRQHandler)
    DMA2_Stream2_IRQHandler                  0x08000f65   Thumb Code     6  stm32f4xx_it.o(i.DMA2_Stream2_IRQHandler)
    DMA2_Stream4_IRQHandler                  0x08000f71   Thumb Code     6  stm32f4xx_it.o(i.DMA2_Stream4_IRQHandler)
    DebugMon_Handler                         0x08001021   Thumb Code     2  stm32f4xx_it.o(i.DebugMon_Handler)
    EXTI2_IRQHandler                         0x08001023   Thumb Code     6  stm32f4xx_it.o(i.EXTI2_IRQHandler)
    EXTI9_5_IRQHandler                       0x08001029   Thumb Code     6  stm32f4xx_it.o(i.EXTI9_5_IRQHandler)
    Error_Handler                            0x0800102f   Thumb Code     2  main.o(i.Error_Handler)
    GetSystemTimer                           0x08001031   Thumb Code    62  systemstate.o(i.GetSystemTimer)
    HAL_ADC_ConfigChannel                    0x0800107d   Thumb Code   324  stm32f4xx_hal_adc.o(i.HAL_ADC_ConfigChannel)
    HAL_ADC_ConvCpltCallback                 0x080011d1   Thumb Code     2  stm32f4xx_hal_adc.o(i.HAL_ADC_ConvCpltCallback)
    HAL_ADC_ConvHalfCpltCallback             0x080011d3   Thumb Code     2  stm32f4xx_hal_adc.o(i.HAL_ADC_ConvHalfCpltCallback)
    HAL_ADC_ErrorCallback                    0x080011d5   Thumb Code     2  stm32f4xx_hal_adc.o(i.HAL_ADC_ErrorCallback)
    HAL_ADC_Init                             0x080011d7   Thumb Code    84  stm32f4xx_hal_adc.o(i.HAL_ADC_Init)
    HAL_ADC_MspInit                          0x0800122d   Thumb Code   292  adc.o(i.HAL_ADC_MspInit)
    HAL_ADC_Start_DMA                        0x08001375   Thumb Code   228  stm32f4xx_hal_adc.o(i.HAL_ADC_Start_DMA)
    HAL_CAN_ConfigFilter                     0x08001471   Thumb Code   218  stm32f4xx_hal_can.o(i.HAL_CAN_ConfigFilter)
    HAL_CAN_IRQHandler                       0x08001555   Thumb Code    64  stm32f4xx_hal_can.o(i.HAL_CAN_IRQHandler)
    HAL_CAN_Init                             0x08001595   Thumb Code   328  stm32f4xx_hal_can.o(i.HAL_CAN_Init)
    HAL_CAN_MspInit                          0x080016dd   Thumb Code   168  can.o(i.HAL_CAN_MspInit)
    HAL_CAN_Receive_IT                       0x0800179d   Thumb Code   134  stm32f4xx_hal_can.o(i.HAL_CAN_Receive_IT)
    HAL_CAN_RxCpltCallback                   0x08001825   Thumb Code   276  stm32f4xx_it.o(i.HAL_CAN_RxCpltCallback)
    HAL_CAN_Transmit                         0x08001951   Thumb Code   390  stm32f4xx_hal_can.o(i.HAL_CAN_Transmit)
    HAL_DMA_Abort_IT                         0x08001ae5   Thumb Code    36  stm32f4xx_hal_dma.o(i.HAL_DMA_Abort_IT)
    HAL_DMA_IRQHandler                       0x08001b09   Thumb Code   414  stm32f4xx_hal_dma.o(i.HAL_DMA_IRQHandler)
    HAL_DMA_Init                             0x08001cb1   Thumb Code   202  stm32f4xx_hal_dma.o(i.HAL_DMA_Init)
    HAL_DMA_Start                            0x08001d81   Thumb Code    70  stm32f4xx_hal_dma.o(i.HAL_DMA_Start)
    HAL_Delay                                0x08001dc7   Thumb Code    22  stm32f4xx_hal.o(i.HAL_Delay)
    HAL_GPIO_EXTI_Callback                   0x08001ddd   Thumb Code     2  stm32f4xx_it.o(i.HAL_GPIO_EXTI_Callback)
    HAL_GPIO_EXTI_IRQHandler                 0x08001de1   Thumb Code    18  stm32f4xx_hal_gpio.o(i.HAL_GPIO_EXTI_IRQHandler)
    HAL_GPIO_Init                            0x08001df9   Thumb Code   408  stm32f4xx_hal_gpio.o(i.HAL_GPIO_Init)
    HAL_GPIO_TogglePin                       0x08001fc5   Thumb Code     8  stm32f4xx_hal_gpio.o(i.HAL_GPIO_TogglePin)
    HAL_GPIO_WritePin                        0x08001fcd   Thumb Code    10  stm32f4xx_hal_gpio.o(i.HAL_GPIO_WritePin)
    HAL_GetTick                              0x08001fd9   Thumb Code     6  stm32f4xx_hal.o(i.HAL_GetTick)
    HAL_IncTick                              0x08001fe5   Thumb Code    10  stm32f4xx_hal.o(i.HAL_IncTick)
    HAL_Init                                 0x08001ff5   Thumb Code    48  stm32f4xx_hal.o(i.HAL_Init)
    HAL_InitTick                             0x08002029   Thumb Code   100  stm32f4xx_hal.o(i.HAL_InitTick)
    HAL_MspInit                              0x0800209d   Thumb Code    88  stm32f4xx_hal_msp.o(i.HAL_MspInit)
    HAL_NVIC_EnableIRQ                       0x080020f5   Thumb Code    22  stm32f4xx_hal_cortex.o(i.HAL_NVIC_EnableIRQ)
    HAL_NVIC_SetPriority                     0x0800210d   Thumb Code    60  stm32f4xx_hal_cortex.o(i.HAL_NVIC_SetPriority)
    HAL_NVIC_SetPriorityGrouping             0x0800214d   Thumb Code    26  stm32f4xx_hal_cortex.o(i.HAL_NVIC_SetPriorityGrouping)
    HAL_RCC_ClockConfig                      0x08002171   Thumb Code   364  stm32f4xx_hal_rcc.o(i.HAL_RCC_ClockConfig)
    HAL_RCC_GetClockConfig                   0x080022ed   Thumb Code    54  stm32f4xx_hal_rcc.o(i.HAL_RCC_GetClockConfig)
    HAL_RCC_GetHCLKFreq                      0x0800232d   Thumb Code     6  stm32f4xx_hal_rcc.o(i.HAL_RCC_GetHCLKFreq)
    HAL_RCC_GetPCLK1Freq                     0x08002339   Thumb Code    34  stm32f4xx_hal_rcc.o(i.HAL_RCC_GetPCLK1Freq)
    HAL_RCC_GetPCLK2Freq                     0x08002369   Thumb Code    34  stm32f4xx_hal_rcc.o(i.HAL_RCC_GetPCLK2Freq)
    HAL_RCC_GetSysClockFreq                  0x08002399   Thumb Code   104  stm32f4xx_hal_rcc.o(i.HAL_RCC_GetSysClockFreq)
    HAL_RCC_OscConfig                        0x0800240d   Thumb Code   722  stm32f4xx_hal_rcc.o(i.HAL_RCC_OscConfig)
    HAL_SPI_Init                             0x080026f1   Thumb Code   128  stm32f4xx_hal_spi.o(i.HAL_SPI_Init)
    HAL_SPI_MspInit                          0x08002771   Thumb Code    64  spi.o(i.HAL_SPI_MspInit)
    HAL_SPI_TransmitReceive                  0x080027bd   Thumb Code   472  stm32f4xx_hal_spi.o(i.HAL_SPI_TransmitReceive)
    HAL_SYSTICK_CLKSourceConfig              0x08002995   Thumb Code    24  stm32f4xx_hal_cortex.o(i.HAL_SYSTICK_CLKSourceConfig)
    HAL_SYSTICK_Config                       0x080029ad   Thumb Code    40  stm32f4xx_hal_cortex.o(i.HAL_SYSTICK_Config)
    HAL_TIMEx_BreakCallback                  0x080029d5   Thumb Code     2  stm32f4xx_hal_tim_ex.o(i.HAL_TIMEx_BreakCallback)
    HAL_TIMEx_CommutationCallback            0x080029d7   Thumb Code     2  stm32f4xx_hal_tim_ex.o(i.HAL_TIMEx_CommutationCallback)
    HAL_TIMEx_MasterConfigSynchronization    0x080029d9   Thumb Code    80  stm32f4xx_hal_tim_ex.o(i.HAL_TIMEx_MasterConfigSynchronization)
    HAL_TIM_Base_Init                        0x08002a29   Thumb Code    54  stm32f4xx_hal_tim.o(i.HAL_TIM_Base_Init)
    HAL_TIM_Base_MspInit                     0x08002a61   Thumb Code   144  tim.o(i.HAL_TIM_Base_MspInit)
    HAL_TIM_Base_Start_IT                    0x08002b05   Thumb Code    24  stm32f4xx_hal_tim.o(i.HAL_TIM_Base_Start_IT)
    HAL_TIM_ConfigClockSource                0x08002b1d   Thumb Code   242  stm32f4xx_hal_tim.o(i.HAL_TIM_ConfigClockSource)
    HAL_TIM_IC_CaptureCallback               0x08002c11   Thumb Code    26  stm32f4xx_it.o(i.HAL_TIM_IC_CaptureCallback)
    HAL_TIM_IRQHandler                       0x08002c31   Thumb Code   358  stm32f4xx_hal_tim.o(i.HAL_TIM_IRQHandler)
    HAL_TIM_MspPostInit                      0x08002d99   Thumb Code    62  tim.o(i.HAL_TIM_MspPostInit)
    HAL_TIM_OC_DelayElapsedCallback          0x08002de5   Thumb Code     2  stm32f4xx_hal_tim.o(i.HAL_TIM_OC_DelayElapsedCallback)
    HAL_TIM_PWM_ConfigChannel                0x08002de7   Thumb Code   208  stm32f4xx_hal_tim.o(i.HAL_TIM_PWM_ConfigChannel)
    HAL_TIM_PWM_Init                         0x08002eb7   Thumb Code    54  stm32f4xx_hal_tim.o(i.HAL_TIM_PWM_Init)
    HAL_TIM_PWM_MspInit                      0x08002eed   Thumb Code     2  stm32f4xx_hal_tim.o(i.HAL_TIM_PWM_MspInit)
    HAL_TIM_PWM_PulseFinishedCallback        0x08002eef   Thumb Code     2  stm32f4xx_hal_tim.o(i.HAL_TIM_PWM_PulseFinishedCallback)
    HAL_TIM_PeriodElapsedCallback            0x08002ef1   Thumb Code    82  stm32f4xx_it.o(i.HAL_TIM_PeriodElapsedCallback)
    HAL_TIM_TriggerCallback                  0x08002f61   Thumb Code     2  stm32f4xx_hal_tim.o(i.HAL_TIM_TriggerCallback)
    HAL_UART_ErrorCallback                   0x08002f63   Thumb Code     2  stm32f4xx_hal_uart.o(i.HAL_UART_ErrorCallback)
    HAL_UART_IRQHandler                      0x08002f65   Thumb Code   266  stm32f4xx_hal_uart.o(i.HAL_UART_IRQHandler)
    HAL_UART_Init                            0x08003075   Thumb Code    98  stm32f4xx_hal_uart.o(i.HAL_UART_Init)
    HAL_UART_MspInit                         0x080030d9   Thumb Code   610  usart.o(i.HAL_UART_MspInit)
    HAL_UART_RxCpltCallback                  0x08003375   Thumb Code     2  stm32f4xx_it.o(i.HAL_UART_RxCpltCallback)
    HAL_UART_Transmit                        0x08003377   Thumb Code   186  stm32f4xx_hal_uart.o(i.HAL_UART_Transmit)
    HAL_UART_TxCpltCallback                  0x08003431   Thumb Code     2  stm32f4xx_hal_uart.o(i.HAL_UART_TxCpltCallback)
    HardFault_Handler                        0x08003433   Thumb Code     2  stm32f4xx_it.o(i.HardFault_Handler)
    IMU_Get_Data                             0x08003435   Thumb Code   218  communication.o(i.IMU_Get_Data)
    LPF_1st                                  0x08003519   Thumb Code    18  power_restriction.o(i.LPF_1st)
    MPU6500_Init                             0x0800352d   Thumb Code   212  communication.o(i.MPU6500_Init)
    MPU6500_Read_Reg                         0x08003611   Thumb Code    68  communication.o(i.MPU6500_Read_Reg)
    MPU6500_Read_Regs                        0x08003661   Thumb Code    80  communication.o(i.MPU6500_Read_Regs)
    MPU6500_Write_Reg                        0x080036bd   Thumb Code    72  communication.o(i.MPU6500_Write_Reg)
    MX_ADC1_Init                             0x08003711   Thumb Code    74  adc.o(i.MX_ADC1_Init)
    MX_ADC2_Init                             0x08003769   Thumb Code    74  adc.o(i.MX_ADC2_Init)
    MX_ADC3_Init                             0x080037c1   Thumb Code    74  adc.o(i.MX_ADC3_Init)
    MX_CAN1_Init                             0x08003819   Thumb Code    60  can.o(i.MX_CAN1_Init)
    MX_CAN2_Init                             0x0800385d   Thumb Code    60  can.o(i.MX_CAN2_Init)
    MX_DMA_Init                              0x080038a1   Thumb Code   120  dma.o(i.MX_DMA_Init)
    MX_FREERTOS_Init                         0x0800391d   Thumb Code    96  freertos.o(i.MX_FREERTOS_Init)
    MX_GPIO_Init                             0x08003985   Thumb Code   434  gpio.o(i.MX_GPIO_Init)
    MX_SPI5_Init                             0x08003b61   Thumb Code    62  spi.o(i.MX_SPI5_Init)
    MX_TIM3_Init                             0x08003ba9   Thumb Code    36  tim.o(i.MX_TIM3_Init)
    MX_TIM5_Init                             0x08003bd5   Thumb Code   140  tim.o(i.MX_TIM5_Init)
    MX_TIM6_Init                             0x08003c69   Thumb Code    38  tim.o(i.MX_TIM6_Init)
    MX_USART2_UART_Init                      0x08003c99   Thumb Code    48  usart.o(i.MX_USART2_UART_Init)
    MX_USART3_UART_Init                      0x08003cd1   Thumb Code    48  usart.o(i.MX_USART3_UART_Init)
    MX_USART6_UART_Init                      0x08003d09   Thumb Code    48  usart.o(i.MX_USART6_UART_Init)
    Maichong_Count                           0x08003d41   Thumb Code    24  motor_use_tim.o(i.Maichong_Count)
    MemManage_Handler                        0x08003d5d   Thumb Code     2  stm32f4xx_it.o(i.MemManage_Handler)
    NMI_Handler                              0x08003d5f   Thumb Code     2  stm32f4xx_it.o(i.NMI_Handler)
    PID_struct_init                          0x08003d81   Thumb Code    16  pid.o(i.PID_struct_init)
    Referee_Data_Handler                     0x08003d99   Thumb Code   350  protocol.o(i.Referee_Data_Handler)
    RefreshDeviceOutLineTime                 0x08003f0d   Thumb Code    20  systemstate.o(i.RefreshDeviceOutLineTime)
    RefreshSysTime                           0x08003f25   Thumb Code    10  systemstate.o(i.RefreshSysTime)
    RefreshTaskOutLineTime                   0x08003f35   Thumb Code    20  systemstate.o(i.RefreshTaskOutLineTime)
    RemoteControlProcess                     0x08003f4d   Thumb Code    78  data_pro_task.o(i.RemoteControlProcess)
    Remote_Ctrl                              0x08003fa5   Thumb Code   100  communication.o(i.Remote_Ctrl)
    Remote_Data_Task                         0x0800400d   Thumb Code    70  data_pro_task.o(i.Remote_Data_Task)
    Send_FrameData                           0x08004115   Thumb Code   102  protocol.o(i.Send_FrameData)
    StartDefaultTask                         0x08004185   Thumb Code     8  freertos.o(i.StartDefaultTask)
    SysTick_Handler                          0x0800418d   Thumb Code     4  stm32f4xx_it.o(i.SysTick_Handler)
    SystemClock_Config                       0x08004191   Thumb Code   150  main.o(i.SystemClock_Config)
    SystemInit                               0x08004231   Thumb Code    66  system_stm32f4xx.o(i.SystemInit)
    SystemState_Inite                        0x08004285   Thumb Code    18  systemstate.o(i.SystemState_Inite)
    TIM1_UP_TIM10_IRQHandler                 0x080042a1   Thumb Code     6  stm32f4xx_it.o(i.TIM1_UP_TIM10_IRQHandler)
    TIM2_IRQHandler                          0x080042ad   Thumb Code     6  stm32f4xx_it.o(i.TIM2_IRQHandler)
    TIM3_IRQHandler                          0x080042b9   Thumb Code     6  stm32f4xx_it.o(i.TIM3_IRQHandler)
    TIM4_IRQHandler                          0x080042c5   Thumb Code     6  stm32f4xx_it.o(i.TIM4_IRQHandler)
    TIM6_DAC_IRQHandler                      0x080042d1   Thumb Code     6  stm32f4xx_it.o(i.TIM6_DAC_IRQHandler)
    TIM8_BRK_TIM12_IRQHandler                0x080042dd   Thumb Code     6  stm32f4xx_it.o(i.TIM8_BRK_TIM12_IRQHandler)
    TIM_Base_SetConfig                       0x080042e9   Thumb Code   148  stm32f4xx_hal_tim.o(i.TIM_Base_SetConfig)
    TIM_OC2_SetConfig                        0x08004425   Thumb Code    90  stm32f4xx_hal_tim.o(i.TIM_OC2_SetConfig)
    UART8_IRQHandler                         0x08004581   Thumb Code     6  stm32f4xx_it.o(i.UART8_IRQHandler)
    USART1_IRQHandler                        0x080049b9   Thumb Code   248  stm32f4xx_it.o(i.USART1_IRQHandler)
    USART2_IRQHandler                        0x08004acd   Thumb Code     6  stm32f4xx_it.o(i.USART2_IRQHandler)
    USART3_IRQHandler                        0x08004ad9   Thumb Code     2  stm32f4xx_it.o(i.USART3_IRQHandler)
    USART6_IRQHandler                        0x08004add   Thumb Code   244  stm32f4xx_it.o(i.USART6_IRQHandler)
    UsageFault_Handler                       0x08004be9   Thumb Code     2  stm32f4xx_it.o(i.UsageFault_Handler)
    __scatterload_copy                       0x08004beb   Thumb Code    14  handlers.o(i.__scatterload_copy)
    __scatterload_null                       0x08004bf9   Thumb Code     2  handlers.o(i.__scatterload_null)
    __scatterload_zeroinit                   0x08004bfb   Thumb Code    14  handlers.o(i.__scatterload_zeroinit)
    append_crc16_check_sum                   0x08004c09   Thumb Code    40  protocol.o(i.append_crc16_check_sum)
    append_crc8_check_sum                    0x08004c35   Thumb Code    36  protocol.o(i.append_crc8_check_sum)
    get_crc16_check_sum                      0x08004c59   Thumb Code    38  protocol.o(i.get_crc16_check_sum)
    get_crc8_check_sum                       0x08004c85   Thumb Code    26  protocol.o(i.get_crc8_check_sum)
    get_moto_measure_3508                    0x08004ca5   Thumb Code    72  motor_use_can.o(i.get_moto_measure_3508)
    get_moto_offset                          0x08004ced   Thumb Code    12  motor_use_can.o(i.get_moto_offset)
    main                                     0x08004cf9   Thumb Code    30  main.o(i.main)
    motor_move_setvmmps                      0x08004d23   Thumb Code    46  mecanum_calc.o(i.motor_move_setvmmps)
    osDelay                                  0x08004d51   Thumb Code    14  cmsis_os.o(i.osDelay)
    osDelayUntil                             0x08004d5f   Thumb Code    14  cmsis_os.o(i.osDelayUntil)
    osKernelStart                            0x08004d6d   Thumb Code    10  cmsis_os.o(i.osKernelStart)
    osSystickHandler                         0x08004d77   Thumb Code    20  cmsis_os.o(i.osSystickHandler)
    osThreadCreate                           0x08004d8b   Thumb Code    56  cmsis_os.o(i.osThreadCreate)
    pid_calc                                 0x08004dc5   Thumb Code   472  pid.o(i.pid_calc)
    pvPortMalloc                             0x08005149   Thumb Code   210  heap_4.o(i.pvPortMalloc)
    pxPortInitialiseStack                    0x08005221   Thumb Code    36  port.o(i.pxPortInitialiseStack)
    sendata                                  0x08005249   Thumb Code    80  protocol.o(i.sendata)
    testTask                                 0x080052a5   Thumb Code    48  main.o(i.testTask)
    ulTaskNotifyTake                         0x080052d9   Thumb Code   142  tasks.o(i.ulTaskNotifyTake)
    uxListRemove                             0x08005375   Thumb Code    36  list.o(i.uxListRemove)
    vListInitialise                          0x08005399   Thumb Code    22  list.o(i.vListInitialise)
    vListInitialiseItem                      0x080053af   Thumb Code     6  list.o(i.vListInitialiseItem)
    vListInsert                              0x080053b5   Thumb Code    48  list.o(i.vListInsert)
    vListInsertEnd                           0x080053e5   Thumb Code    24  list.o(i.vListInsertEnd)
    vPortEnterCritical                       0x080053fd   Thumb Code    54  port.o(i.vPortEnterCritical)
    vPortExitCritical                        0x0800543d   Thumb Code    34  port.o(i.vPortExitCritical)
    vPortFree                                0x08005465   Thumb Code    88  heap_4.o(i.vPortFree)
    vPortSetupTimerInterrupt                 0x080054c1   Thumb Code    26  port.o(i.vPortSetupTimerInterrupt)
    vPortValidateInterruptPriority           0x080054e1   Thumb Code    74  port.o(i.vPortValidateInterruptPriority)
    vTaskDelay                               0x08005535   Thumb Code    94  tasks.o(i.vTaskDelay)
    vTaskDelayUntil                          0x0800559d   Thumb Code   158  tasks.o(i.vTaskDelayUntil)
    vTaskNotifyGiveFromISR                   0x08005645   Thumb Code   170  tasks.o(i.vTaskNotifyGiveFromISR)
    vTaskStartScheduler                      0x080056f9   Thumb Code    90  tasks.o(i.vTaskStartScheduler)
    vTaskSuspendAll                          0x08005765   Thumb Code    10  tasks.o(i.vTaskSuspendAll)
    vTaskSwitchContext                       0x08005775   Thumb Code   110  tasks.o(i.vTaskSwitchContext)
    verify_crc16_check_sum                   0x080057f1   Thumb Code    54  protocol.o(i.verify_crc16_check_sum)
    verify_crc8_check_sum                    0x0800582d   Thumb Code    42  protocol.o(i.verify_crc8_check_sum)
    xPortStartScheduler                      0x08005859   Thumb Code   202  port.o(i.xPortStartScheduler)
    xPortSysTickHandler                      0x08005939   Thumb Code    38  port.o(i.xPortSysTickHandler)
    xTaskGenericCreate                       0x08005965   Thumb Code   434  tasks.o(i.xTaskGenericCreate)
    xTaskGetSchedulerState                   0x08005b25   Thumb Code    22  tasks.o(i.xTaskGetSchedulerState)
    xTaskGetTickCount                        0x08005b41   Thumb Code     6  tasks.o(i.xTaskGetTickCount)
    xTaskIncrementTick                       0x08005b4d   Thumb Code   194  tasks.o(i.xTaskIncrementTick)
    xTaskResumeAll                           0x08005c19   Thumb Code   182  tasks.o(i.xTaskResumeAll)
    APBAHBPrescTable                         0x08005cdc   Data          16  stm32f4xx_hal_rcc.o(.constdata)
    CRC8_TAB                                 0x08005d44   Data         256  protocol.o(.constdata)
    wCRC_Table                               0x08005e44   Data         512  protocol.o(.constdata)
    Region$$Table$$Base                      0x080060a4   Number         0  anon$$obj.o(Region$$Table)
    Region$$Table$$Limit                     0x080060c4   Number         0  anon$$obj.o(Region$$Table)
    SystemCoreClock                          0x20000000   Data           4  system_stm32f4xx.o(.data)
    pxCurrentTCB                             0x20000004   Data           4  tasks.o(.data)
    uwTick                                   0x20000068   Data           4  stm32f4xx_hal.o(.data)
    defaultTaskHandle                        0x2000006c   Data           4  freertos.o(.data)
    testTaskHandle                           0x20000070   Data           4  freertos.o(.data)
    ChassisTaskHandle                        0x20000074   Data           4  freertos.o(.data)
    RemoteDataTaskHandle                     0x20000078   Data           4  freertos.o(.data)
    DMA_FLAGS                                0x20000080   Data           4  stm32f4xx_it.o(.data)
    FreeRTOSRunTimeTicks                     0x20000088   Data           8  bsp.o(.data)
    mc_count                                 0x20000094   Data           4  motor_use_tim.o(.data)
    CRC_INIT                                 0x20000098   Data           2  protocol.o(.data)
    MPU_id                                   0x200000a0   Data           1  communication.o(.data)
    stcAcc                                   0x200000b4   Data           8  communication.o(.data)
    stcGyro                                  0x200000bc   Data           8  communication.o(.data)
    stcAngle                                 0x200000c4   Data           8  communication.o(.data)
    USART6_RX_NUM                            0x200000da   Data           2  communication.o(.data)
    Shoot_mouse                              0x200000dc   Data           2  chassis_task.o(.data)
    press_counter                            0x200000de   Data           1  data_pro_task.o(.data)
    XY_speed_max                             0x200000e0   Data           2  data_pro_task.o(.data)
    XY_speed_min                             0x200000e2   Data           2  data_pro_task.o(.data)
    W_speed_max                              0x200000e4   Data           2  data_pro_task.o(.data)
    W_speed_min                              0x200000e6   Data           2  data_pro_task.o(.data)
    htim1                                    0x20003dd8   Data          60  stm32f4xx_hal.o(.bss)
    hspi5                                    0x20003e14   Data          88  spi.o(.bss)
    hadc1                                    0x20003e6c   Data          72  adc.o(.bss)
    hadc2                                    0x20003eb4   Data          72  adc.o(.bss)
    hadc3                                    0x20003efc   Data          72  adc.o(.bss)
    hdma_adc1                                0x20003f44   Data          96  adc.o(.bss)
    hdma_adc2                                0x20003fa4   Data          96  adc.o(.bss)
    hdma_adc3                                0x20004004   Data          96  adc.o(.bss)
    htim5                                    0x20004064   Data          60  tim.o(.bss)
    htim12                                   0x200040a0   Data          60  tim.o(.bss)
    htim3                                    0x200040dc   Data          60  tim.o(.bss)
    htim6                                    0x20004118   Data          60  tim.o(.bss)
    htim2                                    0x20004154   Data          60  tim.o(.bss)
    htim4                                    0x20004190   Data          60  tim.o(.bss)
    hcan1                                    0x2000424c   Data          64  can.o(.bss)
    hcan2                                    0x2000428c   Data          64  can.o(.bss)
    huart8                                   0x200042cc   Data          64  usart.o(.bss)
    huart1                                   0x2000430c   Data          64  usart.o(.bss)
    huart2                                   0x2000434c   Data          64  usart.o(.bss)
    huart3                                   0x2000438c   Data          64  usart.o(.bss)
    huart6                                   0x200043cc   Data          64  usart.o(.bss)
    hdma_uart8_rx                            0x2000440c   Data          96  usart.o(.bss)
    hdma_usart1_rx                           0x2000446c   Data          96  usart.o(.bss)
    hdma_usart2_rx                           0x200044cc   Data          96  usart.o(.bss)
    hdma_usart6_rx                           0x2000452c   Data          96  usart.o(.bss)
    moto_chassis_get                         0x2000458c   Data         240  motor_use_can.o(.bss)
    yaw_get                                  0x2000467c   Data          60  motor_use_can.o(.bss)
    uhADC1ConvertedValue                     0x2000470c   Data          40  power_restriction.o(.bss)
    uhADC2ConvertedValue                     0x20004734   Data          40  power_restriction.o(.bss)
    uhADC3ConvertedValue                     0x2000475c   Data          40  power_restriction.o(.bss)
    current_get                              0x20004784   Data          24  power_restriction.o(.bss)
    custom_data_t                            0x200047b4   Data          19  protocol.o(.bss)
    Robot                                    0x200047c8   Data          60  protocol.o(.bss)
    SystemState                              0x20004804   Data          20  systemstate.o(.bss)
    g_Time_DeviceOutLine                     0x20004818   Data          24  systemstate.o(.bss)
    g_Time_TASKOutLine                       0x20004830   Data          20  systemstate.o(.bss)
    SystemState_can                          0x20004844   Data          20  systemstate.o(.bss)
    ptr_jy901_t_yaw                          0x20004858   Data          56  communication.o(.bss)
    ptr_jy901_t_pit                          0x20004890   Data          56  communication.o(.bss)
    ptr_jy901_t_angular_velocity             0x200048c8   Data          56  communication.o(.bss)
    imu_data                                 0x20004900   Data          26  communication.o(.bss)
    imu_data_offest                          0x2000491a   Data          26  communication.o(.bss)
    USART1_RX_DATA                           0x20004964   Data          18  communication.o(.bss)
    UART8_RX_DATA                            0x20004976   Data          33  communication.o(.bss)
    gy_data_filter                           0x20004998   Data          10  communication.o(.bss)
    gz_data_filter                           0x200049a2   Data          10  communication.o(.bss)
    RC_Ctl                                   0x200049ac   Data          20  communication.o(.bss)
    USART6_RX_DATA                           0x200049c0   Data         100  communication.o(.bss)
    moto_3508_set                            0x20004a24   Data          16  chassis_task.o(.bss)
    pid_chassis_follow                       0x20004a34   Data         128  chassis_task.o(.bss)
    pid_chassis_follow_spd                   0x20004ab4   Data         128  chassis_task.o(.bss)
    pid_3508_pos                             0x20004b44   Data         128  chassis_task.o(.bss)
    pid_3508_spd                             0x20004bc4   Data         512  chassis_task.o(.bss)
    pid_3508_current                         0x20004dc4   Data         512  chassis_task.o(.bss)
    Remote                                   0x20004fc4   Data          20  led_task.o(.bss)
    __initial_sp                             0x200053d8   Data           0  startup_stm32f427xx.o(STACK)



==============================================================================

Memory Map of the image

  Image Entry point : 0x080001ad

  Load Region LR_IROM1 (Base: 0x08000000, Size: 0x000061ac, Max: 0x00200000, ABSOLUTE)

    Execution Region ER_IROM1 (Base: 0x08000000, Size: 0x000060c4, Max: 0x00200000, ABSOLUTE)

    Base Addr    Size         Type   Attr      Idx    E Section Name        Object

    0x08000000   0x000001ac   Data   RO            3    RESET               startup_stm32f427xx.o
    0x080001ac   0x00000000   Code   RO         6189  * .ARM.Collect$$$$00000000  mc_w.l(entry.o)
    0x080001ac   0x00000004   Code   RO         6525    .ARM.Collect$$$$00000001  mc_w.l(entry2.o)
    0x080001b0   0x00000004   Code   RO         6528    .ARM.Collect$$$$00000004  mc_w.l(entry5.o)
    0x080001b4   0x00000000   Code   RO         6530    .ARM.Collect$$$$00000008  mc_w.l(entry7b.o)
    0x080001b4   0x00000000   Code   RO         6532    .ARM.Collect$$$$0000000A  mc_w.l(entry8b.o)
    0x080001b4   0x00000008   Code   RO         6533    .ARM.Collect$$$$0000000B  mc_w.l(entry9a.o)
    0x080001bc   0x00000000   Code   RO         6535    .ARM.Collect$$$$0000000D  mc_w.l(entry10a.o)
    0x080001bc   0x00000000   Code   RO         6537    .ARM.Collect$$$$0000000F  mc_w.l(entry11a.o)
    0x080001bc   0x00000004   Code   RO         6526    .ARM.Collect$$$$00002712  mc_w.l(entry2.o)
    0x080001c0   0x000000ba   Code   RO         1197    .emb_text           port.o
    0x0800027a   0x00000002   PAD
    0x0800027c   0x00000024   Code   RO            4    .text               startup_stm32f427xx.o
    0x080002a0   0x00000024   Code   RO         6192    .text               mc_w.l(memcpya.o)
    0x080002c4   0x00000024   Code   RO         6194    .text               mc_w.l(memseta.o)
    0x080002e8   0x0000014e   Code   RO         6491    .text               mf_w.l(dadd.o)
    0x08000436   0x000000de   Code   RO         6495    .text               mf_w.l(ddiv.o)
    0x08000514   0x00000022   Code   RO         6497    .text               mf_w.l(dflti.o)
    0x08000536   0x0000001a   Code   RO         6499    .text               mf_w.l(dfltui.o)
    0x08000550   0x00000038   Code   RO         6507    .text               mf_w.l(d2f.o)
    0x08000588   0x0000001e   Code   RO         6544    .text               mc_w.l(llshl.o)
    0x080005a6   0x00000020   Code   RO         6546    .text               mc_w.l(llushr.o)
    0x080005c6   0x00000024   Code   RO         6548    .text               mc_w.l(llsshr.o)
    0x080005ea   0x00000000   Code   RO         6559    .text               mc_w.l(iusefp.o)
    0x080005ea   0x0000006e   Code   RO         6560    .text               mf_w.l(fepilogue.o)
    0x08000658   0x000000ba   Code   RO         6562    .text               mf_w.l(depilogue.o)
    0x08000712   0x00000002   PAD
    0x08000714   0x00000024   Code   RO         6570    .text               mc_w.l(init.o)
    0x08000738   0x0000002a   Code   RO         5181    i.ABS_limit         pid.o
    0x08000762   0x00000062   Code   RO         3856    i.ADC_DMAConvCplt   stm32f4xx_hal_adc.o
    0x080007c4   0x00000016   Code   RO         3857    i.ADC_DMAError      stm32f4xx_hal_adc.o
    0x080007da   0x0000000a   Code   RO         3858    i.ADC_DMAHalfConvCplt  stm32f4xx_hal_adc.o
    0x080007e4   0x00000134   Code   RO         3859    i.ADC_Init          stm32f4xx_hal_adc.o
    0x08000918   0x0000010c   Code   RO         4581    i.BSP_Init          bsp.o
    0x08000a24   0x00000068   Code   RO         4913    i.Bsp_UART_Receive_DMA  usart.o
    0x08000a8c   0x00000016   Code   RO         4914    i.Bsp_UART_Receive_IT  usart.o
    0x08000aa2   0x00000002   Code   RO         4336    i.BusFault_Handler  stm32f4xx_it.o
    0x08000aa4   0x0000000c   Code   RO         4337    i.CAN1_RX0_IRQHandler  stm32f4xx_it.o
    0x08000ab0   0x0000000c   Code   RO         4338    i.CAN2_RX0_IRQHandler  stm32f4xx_it.o
    0x08000abc   0x00000010   Code   RO         5075    i.CAN_GET_Cilent    motor_use_can.o
    0x08000acc   0x00000012   Code   RO         5076    i.CAN_GET_Error     motor_use_can.o
    0x08000ade   0x00000026   Code   RO         5077    i.CAN_GET_YK        motor_use_can.o
    0x08000b04   0x00000038   Code   RO         5078    i.CAN_GET_YT        motor_use_can.o
    0x08000b3c   0x0000012c   Code   RO         2020    i.CAN_Receive_IT    stm32f4xx_hal_can.o
    0x08000c68   0x00000050   Code   RO         4810    i.CanFilter_Init    can.o
    0x08000cb8   0x000000d8   Code   RO         6036    i.Chassis_Contrl_Task  chassis_task.o
    0x08000d90   0x0000003c   Code   RO         5081    i.Chassis_Motor     motor_use_can.o
    0x08000dcc   0x00000030   Code   RO         5082    i.Chassis_Motor_Disable  motor_use_can.o
    0x08000dfc   0x00000134   Code   RO         6037    i.Chassis_pid_init  chassis_task.o
    0x08000f30   0x00000010   Code   RO         4582    i.ConfigureTimerForRunTimeStats  bsp.o
    0x08000f40   0x0000000c   Code   RO         4339    i.DMA1_Stream5_IRQHandler  stm32f4xx_it.o
    0x08000f4c   0x0000000c   Code   RO         4340    i.DMA1_Stream6_IRQHandler  stm32f4xx_it.o
    0x08000f58   0x0000000c   Code   RO         4341    i.DMA2_Stream1_IRQHandler  stm32f4xx_it.o
    0x08000f64   0x0000000c   Code   RO         4342    i.DMA2_Stream2_IRQHandler  stm32f4xx_it.o
    0x08000f70   0x0000000c   Code   RO         4343    i.DMA2_Stream4_IRQHandler  stm32f4xx_it.o
    0x08000f7c   0x00000028   Code   RO         3471    i.DMA_CalcBaseAndBitshift  stm32f4xx_hal_dma.o
    0x08000fa4   0x00000054   Code   RO         3472    i.DMA_CheckFifoParam  stm32f4xx_hal_dma.o
    0x08000ff8   0x00000028   Code   RO         3473    i.DMA_SetConfig     stm32f4xx_hal_dma.o
    0x08001020   0x00000002   Code   RO         4344    i.DebugMon_Handler  stm32f4xx_it.o
    0x08001022   0x00000006   Code   RO         4345    i.EXTI2_IRQHandler  stm32f4xx_it.o
    0x08001028   0x00000006   Code   RO         4346    i.EXTI9_5_IRQHandler  stm32f4xx_it.o
    0x0800102e   0x00000002   Code   RO         4131    i.Error_Handler     main.o
    0x08001030   0x0000004c   Code   RO         5599    i.GetSystemTimer    systemstate.o
    0x0800107c   0x00000154   Code   RO         3861    i.HAL_ADC_ConfigChannel  stm32f4xx_hal_adc.o
    0x080011d0   0x00000002   Code   RO         3862    i.HAL_ADC_ConvCpltCallback  stm32f4xx_hal_adc.o
    0x080011d2   0x00000002   Code   RO         3863    i.HAL_ADC_ConvHalfCpltCallback  stm32f4xx_hal_adc.o
    0x080011d4   0x00000002   Code   RO         3865    i.HAL_ADC_ErrorCallback  stm32f4xx_hal_adc.o
    0x080011d6   0x00000054   Code   RO         3870    i.HAL_ADC_Init      stm32f4xx_hal_adc.o
    0x0800122a   0x00000002   PAD
    0x0800122c   0x00000148   Code   RO         4673    i.HAL_ADC_MspInit   adc.o
    0x08001374   0x000000fc   Code   RO         3877    i.HAL_ADC_Start_DMA  stm32f4xx_hal_adc.o
    0x08001470   0x000000e4   Code   RO         2021    i.HAL_CAN_ConfigFilter  stm32f4xx_hal_can.o
    0x08001554   0x00000040   Code   RO         2026    i.HAL_CAN_IRQHandler  stm32f4xx_hal_can.o
    0x08001594   0x00000148   Code   RO         2027    i.HAL_CAN_Init      stm32f4xx_hal_can.o
    0x080016dc   0x000000c0   Code   RO         4812    i.HAL_CAN_MspInit   can.o
    0x0800179c   0x00000086   Code   RO         2031    i.HAL_CAN_Receive_IT  stm32f4xx_hal_can.o
    0x08001822   0x00000002   PAD
    0x08001824   0x0000012c   Code   RO         4347    i.HAL_CAN_RxCpltCallback  stm32f4xx_it.o
    0x08001950   0x00000194   Code   RO         2034    i.HAL_CAN_Transmit  stm32f4xx_hal_can.o
    0x08001ae4   0x00000024   Code   RO         3475    i.HAL_DMA_Abort_IT  stm32f4xx_hal_dma.o
    0x08001b08   0x000001a8   Code   RO         3479    i.HAL_DMA_IRQHandler  stm32f4xx_hal_dma.o
    0x08001cb0   0x000000d0   Code   RO         3480    i.HAL_DMA_Init      stm32f4xx_hal_dma.o
    0x08001d80   0x00000046   Code   RO         3483    i.HAL_DMA_Start     stm32f4xx_hal_dma.o
    0x08001dc6   0x00000016   Code   RO         2735    i.HAL_Delay         stm32f4xx_hal.o
    0x08001ddc   0x00000002   Code   RO         4348    i.HAL_GPIO_EXTI_Callback  stm32f4xx_it.o
    0x08001dde   0x00000002   PAD
    0x08001de0   0x00000018   Code   RO         1956    i.HAL_GPIO_EXTI_IRQHandler  stm32f4xx_hal_gpio.o
    0x08001df8   0x000001cc   Code   RO         1957    i.HAL_GPIO_Init     stm32f4xx_hal_gpio.o
    0x08001fc4   0x00000008   Code   RO         1960    i.HAL_GPIO_TogglePin  stm32f4xx_hal_gpio.o
    0x08001fcc   0x0000000a   Code   RO         1961    i.HAL_GPIO_WritePin  stm32f4xx_hal_gpio.o
    0x08001fd6   0x00000002   PAD
    0x08001fd8   0x0000000c   Code   RO         2743    i.HAL_GetTick       stm32f4xx_hal.o
    0x08001fe4   0x00000010   Code   RO         2744    i.HAL_IncTick       stm32f4xx_hal.o
    0x08001ff4   0x00000034   Code   RO         2745    i.HAL_Init          stm32f4xx_hal.o
    0x08002028   0x00000074   Code   RO         2746    i.HAL_InitTick      stm32f4xx_hal.o
    0x0800209c   0x00000058   Code   RO         4557    i.HAL_MspInit       stm32f4xx_hal_msp.o
    0x080020f4   0x00000016   Code   RO         2508    i.HAL_NVIC_EnableIRQ  stm32f4xx_hal_cortex.o
    0x0800210a   0x00000002   PAD
    0x0800210c   0x00000040   Code   RO         2514    i.HAL_NVIC_SetPriority  stm32f4xx_hal_cortex.o
    0x0800214c   0x00000024   Code   RO         2515    i.HAL_NVIC_SetPriorityGrouping  stm32f4xx_hal_cortex.o
    0x08002170   0x0000017c   Code   RO         3128    i.HAL_RCC_ClockConfig  stm32f4xx_hal_rcc.o
    0x080022ec   0x00000040   Code   RO         3132    i.HAL_RCC_GetClockConfig  stm32f4xx_hal_rcc.o
    0x0800232c   0x0000000c   Code   RO         3133    i.HAL_RCC_GetHCLKFreq  stm32f4xx_hal_rcc.o
    0x08002338   0x00000030   Code   RO         3135    i.HAL_RCC_GetPCLK1Freq  stm32f4xx_hal_rcc.o
    0x08002368   0x00000030   Code   RO         3136    i.HAL_RCC_GetPCLK2Freq  stm32f4xx_hal_rcc.o
    0x08002398   0x00000074   Code   RO         3137    i.HAL_RCC_GetSysClockFreq  stm32f4xx_hal_rcc.o
    0x0800240c   0x000002e4   Code   RO         3140    i.HAL_RCC_OscConfig  stm32f4xx_hal_rcc.o
    0x080026f0   0x00000080   Code   RO         3585    i.HAL_SPI_Init      stm32f4xx_hal_spi.o
    0x08002770   0x0000004c   Code   RO         4631    i.HAL_SPI_MspInit   spi.o
    0x080027bc   0x000001d8   Code   RO         3594    i.HAL_SPI_TransmitReceive  stm32f4xx_hal_spi.o
    0x08002994   0x00000018   Code   RO         2517    i.HAL_SYSTICK_CLKSourceConfig  stm32f4xx_hal_cortex.o
    0x080029ac   0x00000028   Code   RO         2519    i.HAL_SYSTICK_Config  stm32f4xx_hal_cortex.o
    0x080029d4   0x00000002   Code   RO         3232    i.HAL_TIMEx_BreakCallback  stm32f4xx_hal_tim_ex.o
    0x080029d6   0x00000002   Code   RO         3233    i.HAL_TIMEx_CommutationCallback  stm32f4xx_hal_tim_ex.o
    0x080029d8   0x00000050   Code   RO         3249    i.HAL_TIMEx_MasterConfigSynchronization  stm32f4xx_hal_tim_ex.o
    0x08002a28   0x00000036   Code   RO         1307    i.HAL_TIM_Base_Init  stm32f4xx_hal_tim.o
    0x08002a5e   0x00000002   PAD
    0x08002a60   0x000000a4   Code   RO         4726    i.HAL_TIM_Base_MspInit  tim.o
    0x08002b04   0x00000018   Code   RO         1312    i.HAL_TIM_Base_Start_IT  stm32f4xx_hal_tim.o
    0x08002b1c   0x000000f2   Code   RO         1316    i.HAL_TIM_ConfigClockSource  stm32f4xx_hal_tim.o
    0x08002c0e   0x00000002   PAD
    0x08002c10   0x00000020   Code   RO         4349    i.HAL_TIM_IC_CaptureCallback  stm32f4xx_it.o
    0x08002c30   0x00000166   Code   RO         1349    i.HAL_TIM_IRQHandler  stm32f4xx_hal_tim.o
    0x08002d96   0x00000002   PAD
    0x08002d98   0x0000004c   Code   RO         4728    i.HAL_TIM_MspPostInit  tim.o
    0x08002de4   0x00000002   Code   RO         1352    i.HAL_TIM_OC_DelayElapsedCallback  stm32f4xx_hal_tim.o
    0x08002de6   0x000000d0   Code   RO         1373    i.HAL_TIM_PWM_ConfigChannel  stm32f4xx_hal_tim.o
    0x08002eb6   0x00000036   Code   RO         1376    i.HAL_TIM_PWM_Init  stm32f4xx_hal_tim.o
    0x08002eec   0x00000002   Code   RO         1378    i.HAL_TIM_PWM_MspInit  stm32f4xx_hal_tim.o
    0x08002eee   0x00000002   Code   RO         1379    i.HAL_TIM_PWM_PulseFinishedCallback  stm32f4xx_hal_tim.o
    0x08002ef0   0x00000070   Code   RO         4350    i.HAL_TIM_PeriodElapsedCallback  stm32f4xx_it.o
    0x08002f60   0x00000002   Code   RO         1390    i.HAL_TIM_TriggerCallback  stm32f4xx_hal_tim.o
    0x08002f62   0x00000002   Code   RO         2270    i.HAL_UART_ErrorCallback  stm32f4xx_hal_uart.o
    0x08002f64   0x00000110   Code   RO         2273    i.HAL_UART_IRQHandler  stm32f4xx_hal_uart.o
    0x08003074   0x00000062   Code   RO         2274    i.HAL_UART_Init     stm32f4xx_hal_uart.o
    0x080030d6   0x00000002   PAD
    0x080030d8   0x0000029c   Code   RO         4916    i.HAL_UART_MspInit  usart.o
    0x08003374   0x00000002   Code   RO         4351    i.HAL_UART_RxCpltCallback  stm32f4xx_it.o
    0x08003376   0x000000ba   Code   RO         2282    i.HAL_UART_Transmit  stm32f4xx_hal_uart.o
    0x08003430   0x00000002   Code   RO         2285    i.HAL_UART_TxCpltCallback  stm32f4xx_hal_uart.o
    0x08003432   0x00000002   Code   RO         4352    i.HardFault_Handler  stm32f4xx_it.o
    0x08003434   0x000000e4   Code   RO         5751    i.IMU_Get_Data      communication.o
    0x08003518   0x00000012   Code   RO         5298    i.LPF_1st           power_restriction.o
    0x0800352a   0x00000002   PAD
    0x0800352c   0x000000e4   Code   RO         5756    i.MPU6500_Init      communication.o
    0x08003610   0x00000050   Code   RO         5757    i.MPU6500_Read_Reg  communication.o
    0x08003660   0x0000005c   Code   RO         5758    i.MPU6500_Read_Regs  communication.o
    0x080036bc   0x00000054   Code   RO         5761    i.MPU6500_Write_Reg  communication.o
    0x08003710   0x00000058   Code   RO         4674    i.MX_ADC1_Init      adc.o
    0x08003768   0x00000058   Code   RO         4675    i.MX_ADC2_Init      adc.o
    0x080037c0   0x00000058   Code   RO         4676    i.MX_ADC3_Init      adc.o
    0x08003818   0x00000044   Code   RO         4813    i.MX_CAN1_Init      can.o
    0x0800385c   0x00000044   Code   RO         4814    i.MX_CAN2_Init      can.o
    0x080038a0   0x0000007c   Code   RO         4889    i.MX_DMA_Init       dma.o
    0x0800391c   0x00000068   Code   RO         4247    i.MX_FREERTOS_Init  freertos.o
    0x08003984   0x000001dc   Code   RO         4865    i.MX_GPIO_Init      gpio.o
    0x08003b60   0x00000048   Code   RO         4632    i.MX_SPI5_Init      spi.o
    0x08003ba8   0x0000002c   Code   RO         4732    i.MX_TIM3_Init      tim.o
    0x08003bd4   0x00000094   Code   RO         4734    i.MX_TIM5_Init      tim.o
    0x08003c68   0x00000030   Code   RO         4735    i.MX_TIM6_Init      tim.o
    0x08003c98   0x00000038   Code   RO         4919    i.MX_USART2_UART_Init  usart.o
    0x08003cd0   0x00000038   Code   RO         4920    i.MX_USART3_UART_Init  usart.o
    0x08003d08   0x00000038   Code   RO         4921    i.MX_USART6_UART_Init  usart.o
    0x08003d40   0x0000001c   Code   RO         5018    i.Maichong_Count    motor_use_tim.o
    0x08003d5c   0x00000002   Code   RO         4353    i.MemManage_Handler  stm32f4xx_it.o
    0x08003d5e   0x00000002   Code   RO         4354    i.NMI_Handler       stm32f4xx_it.o
    0x08003d60   0x00000020   Code   RO         2521    i.NVIC_SetPriority  stm32f4xx_hal_cortex.o
    0x08003d80   0x00000018   Code   RO         5182    i.PID_struct_init   pid.o
    0x08003d98   0x00000174   Code   RO         5445    i.Referee_Data_Handler  protocol.o
    0x08003f0c   0x00000018   Code   RO         5541    i.RefreshDeviceOutLineTime  systemstate.o
    0x08003f24   0x00000010   Code   RO         5542    i.RefreshSysTime    systemstate.o
    0x08003f34   0x00000018   Code   RO         5543    i.RefreshTaskOutLineTime  systemstate.o
    0x08003f4c   0x00000058   Code   RO         6090    i.RemoteControlProcess  data_pro_task.o
    0x08003fa4   0x00000068   Code   RO         5763    i.Remote_Ctrl       communication.o
    0x0800400c   0x00000050   Code   RO         6091    i.Remote_Data_Task  data_pro_task.o
    0x0800405c   0x00000020   Code   RO         3607    i.SPI_CheckFlag_BSY  stm32f4xx_hal_spi.o
    0x0800407c   0x00000096   Code   RO         3623    i.SPI_WaitFlagStateUntilTimeout  stm32f4xx_hal_spi.o
    0x08004112   0x00000002   PAD
    0x08004114   0x00000070   Code   RO         5446    i.Send_FrameData    protocol.o
    0x08004184   0x00000008   Code   RO         4248    i.StartDefaultTask  freertos.o
    0x0800418c   0x00000004   Code   RO         4355    i.SysTick_Handler   stm32f4xx_it.o
    0x08004190   0x000000a0   Code   RO         4132    i.SystemClock_Config  main.o
    0x08004230   0x00000054   Code   RO           14    i.SystemInit        system_stm32f4xx.o
    0x08004284   0x0000001c   Code   RO         5544    i.SystemState_Inite  systemstate.o
    0x080042a0   0x0000000c   Code   RO         4356    i.TIM1_UP_TIM10_IRQHandler  stm32f4xx_it.o
    0x080042ac   0x0000000c   Code   RO         4357    i.TIM2_IRQHandler   stm32f4xx_it.o
    0x080042b8   0x0000000c   Code   RO         4358    i.TIM3_IRQHandler   stm32f4xx_it.o
    0x080042c4   0x0000000c   Code   RO         4359    i.TIM4_IRQHandler   stm32f4xx_it.o
    0x080042d0   0x0000000c   Code   RO         4360    i.TIM6_DAC_IRQHandler  stm32f4xx_it.o
    0x080042dc   0x0000000c   Code   RO         4361    i.TIM8_BRK_TIM12_IRQHandler  stm32f4xx_it.o
    0x080042e8   0x000000c0   Code   RO         1391    i.TIM_Base_SetConfig  stm32f4xx_hal_tim.o
    0x080043a8   0x00000014   Code   RO         1398    i.TIM_ETR_SetConfig  stm32f4xx_hal_tim.o
    0x080043bc   0x00000010   Code   RO         1399    i.TIM_ITRx_SetConfig  stm32f4xx_hal_tim.o
    0x080043cc   0x00000058   Code   RO         1400    i.TIM_OC1_SetConfig  stm32f4xx_hal_tim.o
    0x08004424   0x00000064   Code   RO         1401    i.TIM_OC2_SetConfig  stm32f4xx_hal_tim.o
    0x08004488   0x00000060   Code   RO         1402    i.TIM_OC3_SetConfig  stm32f4xx_hal_tim.o
    0x080044e8   0x00000050   Code   RO         1403    i.TIM_OC4_SetConfig  stm32f4xx_hal_tim.o
    0x08004538   0x00000022   Code   RO         1405    i.TIM_TI1_ConfigInputStage  stm32f4xx_hal_tim.o
    0x0800455a   0x00000024   Code   RO         1407    i.TIM_TI2_ConfigInputStage  stm32f4xx_hal_tim.o
    0x0800457e   0x00000002   PAD
    0x08004580   0x0000000c   Code   RO         4362    i.UART8_IRQHandler  stm32f4xx_it.o
    0x0800458c   0x00000010   Code   RO         2287    i.UART_DMAAbortOnError  stm32f4xx_hal_uart.o
    0x0800459c   0x0000001c   Code   RO         2292    i.UART_EndRxTransfer  stm32f4xx_hal_uart.o
    0x080045b8   0x0000008c   Code   RO         2294    i.UART_Receive_IT   stm32f4xx_hal_uart.o
    0x08004644   0x000002ac   Code   RO         2295    i.UART_SetConfig    stm32f4xx_hal_uart.o
    0x080048f0   0x00000062   Code   RO         2296    i.UART_Transmit_IT  stm32f4xx_hal_uart.o
    0x08004952   0x00000064   Code   RO         2297    i.UART_WaitOnFlagUntilTimeout  stm32f4xx_hal_uart.o
    0x080049b6   0x00000002   PAD
    0x080049b8   0x00000114   Code   RO         4363    i.USART1_IRQHandler  stm32f4xx_it.o
    0x08004acc   0x0000000c   Code   RO         4364    i.USART2_IRQHandler  stm32f4xx_it.o
    0x08004ad8   0x00000002   Code   RO         4365    i.USART3_IRQHandler  stm32f4xx_it.o
    0x08004ada   0x00000002   PAD
    0x08004adc   0x0000010c   Code   RO         4366    i.USART6_IRQHandler  stm32f4xx_it.o
    0x08004be8   0x00000002   Code   RO         4367    i.UsageFault_Handler  stm32f4xx_it.o
    0x08004bea   0x0000000e   Code   RO         6574    i.__scatterload_copy  mc_w.l(handlers.o)
    0x08004bf8   0x00000002   Code   RO         6575    i.__scatterload_null  mc_w.l(handlers.o)
    0x08004bfa   0x0000000e   Code   RO         6576    i.__scatterload_zeroinit  mc_w.l(handlers.o)
    0x08004c08   0x0000002c   Code   RO         5447    i.append_crc16_check_sum  protocol.o
    0x08004c34   0x00000024   Code   RO         5448    i.append_crc8_check_sum  protocol.o
    0x08004c58   0x0000002c   Code   RO         5449    i.get_crc16_check_sum  protocol.o
    0x08004c84   0x00000020   Code   RO         5450    i.get_crc8_check_sum  protocol.o
    0x08004ca4   0x00000048   Code   RO         5083    i.get_moto_measure_3508  motor_use_can.o
    0x08004cec   0x0000000c   Code   RO         5085    i.get_moto_offset   motor_use_can.o
    0x08004cf8   0x0000001e   Code   RO         4133    i.main              main.o
    0x08004d16   0x0000000c   Code   RO          163    i.makeFreeRtosPriority  cmsis_os.o
    0x08004d22   0x0000002e   Code   RO         5255    i.motor_move_setvmmps  mecanum_calc.o
    0x08004d50   0x0000000e   Code   RO          164    i.osDelay           cmsis_os.o
    0x08004d5e   0x0000000e   Code   RO          165    i.osDelayUntil      cmsis_os.o
    0x08004d6c   0x0000000a   Code   RO          167    i.osKernelStart     cmsis_os.o
    0x08004d76   0x00000014   Code   RO          196    i.osSystickHandler  cmsis_os.o
    0x08004d8a   0x00000038   Code   RO          197    i.osThreadCreate    cmsis_os.o
    0x08004dc2   0x00000002   PAD
    0x08004dc4   0x000001e0   Code   RO         5183    i.pid_calc          pid.o
    0x08004fa4   0x0000000e   Code   RO         5184    i.pid_param_init    pid.o
    0x08004fb2   0x00000006   Code   RO         5185    i.pid_reset         pid.o
    0x08004fb8   0x00000034   Code   RO          525    i.prvAddCurrentTaskToDelayedList  tasks.o
    0x08004fec   0x00000054   Code   RO          526    i.prvCheckTasksWaitingTermination  tasks.o
    0x08005040   0x0000004c   Code   RO         1014    i.prvHeapInit       heap_4.o
    0x0800508c   0x00000028   Code   RO          527    i.prvIdleTask       tasks.o
    0x080050b4   0x0000004c   Code   RO         1015    i.prvInsertBlockIntoFreeList  heap_4.o
    0x08005100   0x00000020   Code   RO          529    i.prvResetNextTaskUnblockTime  tasks.o
    0x08005120   0x00000028   Code   RO         1198    i.prvTaskExitError  port.o
    0x08005148   0x000000d8   Code   RO         1016    i.pvPortMalloc      heap_4.o
    0x08005220   0x00000028   Code   RO         1199    i.pxPortInitialiseStack  port.o
    0x08005248   0x0000005c   Code   RO         5451    i.sendata           protocol.o
    0x080052a4   0x00000034   Code   RO         4134    i.testTask          main.o
    0x080052d8   0x0000009c   Code   RO          533    i.ulTaskNotifyTake  tasks.o
    0x08005374   0x00000024   Code   RO         1161    i.uxListRemove      list.o
    0x08005398   0x00000016   Code   RO         1162    i.vListInitialise   list.o
    0x080053ae   0x00000006   Code   RO         1163    i.vListInitialiseItem  list.o
    0x080053b4   0x00000030   Code   RO         1164    i.vListInsert       list.o
    0x080053e4   0x00000018   Code   RO         1165    i.vListInsertEnd    list.o
    0x080053fc   0x00000040   Code   RO         1201    i.vPortEnterCritical  port.o
    0x0800543c   0x00000028   Code   RO         1202    i.vPortExitCritical  port.o
    0x08005464   0x0000005c   Code   RO         1017    i.vPortFree         heap_4.o
    0x080054c0   0x00000020   Code   RO         1203    i.vPortSetupTimerInterrupt  port.o
    0x080054e0   0x00000054   Code   RO         1204    i.vPortValidateInterruptPriority  port.o
    0x08005534   0x00000068   Code   RO          540    i.vTaskDelay        tasks.o
    0x0800559c   0x000000a8   Code   RO          541    i.vTaskDelayUntil   tasks.o
    0x08005644   0x000000b4   Code   RO          547    i.vTaskNotifyGiveFromISR  tasks.o
    0x080056f8   0x0000006c   Code   RO          555    i.vTaskStartScheduler  tasks.o
    0x08005764   0x00000010   Code   RO          557    i.vTaskSuspendAll   tasks.o
    0x08005774   0x0000007c   Code   RO          558    i.vTaskSwitchContext  tasks.o
    0x080057f0   0x0000003c   Code   RO         5452    i.verify_crc16_check_sum  protocol.o
    0x0800582c   0x0000002a   Code   RO         5453    i.verify_crc8_check_sum  protocol.o
    0x08005856   0x00000002   PAD
    0x08005858   0x000000e0   Code   RO         1205    i.xPortStartScheduler  port.o
    0x08005938   0x0000002c   Code   RO         1206    i.xPortSysTickHandler  port.o
    0x08005964   0x000001c0   Code   RO          560    i.xTaskGenericCreate  tasks.o
    0x08005b24   0x0000001c   Code   RO          564    i.xTaskGetSchedulerState  tasks.o
    0x08005b40   0x0000000c   Code   RO          565    i.xTaskGetTickCount  tasks.o
    0x08005b4c   0x000000cc   Code   RO          567    i.xTaskIncrementTick  tasks.o
    0x08005c18   0x000000c4   Code   RO          573    i.xTaskResumeAll    tasks.o
    0x08005cdc   0x00000010   Data   RO         3141    .constdata          stm32f4xx_hal_rcc.o
    0x08005cec   0x00000008   Data   RO         3486    .constdata          stm32f4xx_hal_dma.o
    0x08005cf4   0x00000050   Data   RO         4249    .constdata          freertos.o
    0x08005d44   0x0000031c   Data   RO         5456    .constdata          protocol.o
    0x08006060   0x00000014   Data   RO         5768    .constdata          communication.o
    0x08006074   0x00000030   Data   RO         4250    .conststring        freertos.o
    0x080060a4   0x00000020   Data   RO         6572    Region$$Table       anon$$obj.o


    Execution Region RW_IRAM1 (Base: 0x20000000, Size: 0x000053d8, Max: 0x00030000, ABSOLUTE)

    Base Addr    Size         Type   Attr      Idx    E Section Name        Object

    0x20000000   0x00000004   Data   RW           16    .data               system_stm32f4xx.o
    0x20000004   0x00000040   Data   RW          576    .data               tasks.o
    0x20000044   0x00000018   Data   RW         1022    .data               heap_4.o
    0x2000005c   0x0000000c   Data   RW         1207    .data               port.o
    0x20000068   0x00000004   Data   RW         2753    .data               stm32f4xx_hal.o
    0x2000006c   0x00000010   Data   RW         4251    .data               freertos.o
    0x2000007c   0x00000008   Data   RW         4368    .data               stm32f4xx_it.o
    0x20000084   0x00000004   PAD
    0x20000088   0x00000008   Data   RW         4584    .data               bsp.o
    0x20000090   0x00000004   Data   RW         4816    .data               can.o
    0x20000094   0x00000004   Data   RW         5021    .data               motor_use_tim.o
    0x20000098   0x00000008   Data   RW         5457    .data               protocol.o
    0x200000a0   0x0000003a   Data   RW         5769    .data               communication.o
    0x200000da   0x00000002   Data   RW         5771    .data               communication.o
    0x200000dc   0x00000002   Data   RW         6041    .data               chassis_task.o
    0x200000de   0x0000000a   Data   RW         6092    .data               data_pro_task.o
    0x200000e8   0x000000f0   Zero   RW          575    .bss                tasks.o
    0x200001d8   0x00003c00   Zero   RW         1021    .bss                heap_4.o
    0x20003dd8   0x0000003c   Zero   RW         2751    .bss                stm32f4xx_hal.o
    0x20003e14   0x00000058   Zero   RW         4633    .bss                spi.o
    0x20003e6c   0x000001f8   Zero   RW         4677    .bss                adc.o
    0x20004064   0x00000168   Zero   RW         4736    .bss                tim.o
    0x200041cc   0x00000100   Zero   RW         4815    .bss                can.o
    0x200042cc   0x000002c0   Zero   RW         4926    .bss                usart.o
    0x2000458c   0x000000f0   Zero   RW         5087    .bss                motor_use_can.o
    0x2000467c   0x0000003c   Zero   RW         5090    .bss                motor_use_can.o
    0x200046b8   0x00000054   Zero   RW         5091    .bss                motor_use_can.o
    0x2000470c   0x00000028   Zero   RW         5315    .bss                power_restriction.o
    0x20004734   0x00000028   Zero   RW         5316    .bss                power_restriction.o
    0x2000475c   0x00000028   Zero   RW         5317    .bss                power_restriction.o
    0x20004784   0x00000030   Zero   RW         5318    .bss                power_restriction.o
    0x200047b4   0x00000050   Zero   RW         5454    .bss                protocol.o
    0x20004804   0x00000040   Zero   RW         5547    .bss                systemstate.o
    0x20004844   0x00000014   Zero   RW         5548    .bss                systemstate.o
    0x20004858   0x00000168   Zero   RW         5766    .bss                communication.o
    0x200049c0   0x00000064   Zero   RW         5767    .bss                communication.o
    0x20004a24   0x000005a0   Zero   RW         6039    .bss                chassis_task.o
    0x20004fc4   0x00000014   Zero   RW         6140    .bss                led_task.o
    0x20004fd8   0x00000400   Zero   RW            1    STACK               startup_stm32f427xx.o


==============================================================================

Image component sizes


      Code (inc. data)   RO Data    RW Data    ZI Data      Debug   Object Name

       592         78          0          0        504       3057   adc.o
       284         64          0          8          0       1887   bsp.o
       408         46          0          4        256       3027   can.o
       524         52          0          2       1440       4530   chassis_task.o
       126          0          0          0          0      24243   cmsis_os.o
       816         66         20         60        460      13215   communication.o
       168         20          0         10          0       1683   data_pro_task.o
       124          4          0          0          0        826   dma.o
       112          8        128         16          0       6730   freertos.o
       476         42          0          0          0       1271   gpio.o
       460         24          0         24      15360       7011   heap_4.o
         0          0          0          0         20       1487   led_task.o
       136          0          0          0          0       3386   list.o
       244         14          0          0          0      14841   main.o
        46          0          0          0          0        566   mecanum_calc.o
       320         22          0          0        384       6198   motor_use_can.o
        28          4          0          4          0       2779   motor_use_tim.o
       566         16          0          0          0       4852   pid.o
       754         84          0         12          0       9241   port.o
        18          0          0          0        168       4764   power_restriction.o
       834         66        796          8         80      12294   protocol.o
       148         22          0          0         88       1585   spi.o
        36          8        428          0       1024        832   startup_stm32f427xx.o
       218         32          0          4         60       4510   stm32f4xx_hal.o
      1120         48          0          0          0       6861   stm32f4xx_hal_adc.o
      1458         24          0          0          0       5443   stm32f4xx_hal_can.o
       218         14          0          0          0      30681   stm32f4xx_hal_cortex.o
       902         22          8          0          0       5771   stm32f4xx_hal_dma.o
       502         58          0          0          0       3496   stm32f4xx_hal_gpio.o
        88          0          0          0          0        526   stm32f4xx_hal_msp.o
      1408         90         16          0          0       6364   stm32f4xx_hal_rcc.o
       782          0          0          0          0       3749   stm32f4xx_hal_spi.o
      1610         80          0          0          0      13591   stm32f4xx_hal_tim.o
        84          0          0          0          0       2370   stm32f4xx_hal_tim_ex.o
      1626         14          0          0          0       8261   stm32f4xx_hal_uart.o
      1202        202          0          8          0      17454   stm32f4xx_it.o
        84         18          0          4          0     372293   system_stm32f4xx.o
       168         38          0          0         84       4545   systemstate.o
      1952        160          0         64        240      27369   tasks.o
       480         60          0          0        360       3605   tim.o
         0          0          0          0          0       8352   timers.o
       962         82          0          0        704       5130   usart.o

    ----------------------------------------------------------------------
     22118       1582       1428        232      21232     660676   Object Totals
         0          0         32          0          0          0   (incl. Generated)
        34          0          0          4          0          0   (incl. Padding)

    ----------------------------------------------------------------------

      Code (inc. data)   RO Data    RW Data    ZI Data      Debug   Library Member Name

         0          0          0          0          0          0   entry.o
         0          0          0          0          0          0   entry10a.o
         0          0          0          0          0          0   entry11a.o
         8          4          0          0          0          0   entry2.o
         4          0          0          0          0          0   entry5.o
         0          0          0          0          0          0   entry7b.o
         0          0          0          0          0          0   entry8b.o
         8          4          0          0          0          0   entry9a.o
        30          0          0          0          0          0   handlers.o
        36          8          0          0          0         68   init.o
         0          0          0          0          0          0   iusefp.o
        30          0          0          0          0         68   llshl.o
        36          0          0          0          0         68   llsshr.o
        32          0          0          0          0         68   llushr.o
        36          0          0          0          0         68   memcpya.o
        36          0          0          0          0        108   memseta.o
        56          0          0          0          0         88   d2f.o
       334          0          0          0          0        148   dadd.o
       222          0          0          0          0        100   ddiv.o
       186          0          0          0          0        176   depilogue.o
        34          0          0          0          0         76   dflti.o
        26          0          0          0          0         76   dfltui.o
       110          0          0          0          0        168   fepilogue.o

    ----------------------------------------------------------------------
      1226         16          0          0          0       1280   Library Totals
         2          0          0          0          0          0   (incl. Padding)

    ----------------------------------------------------------------------

      Code (inc. data)   RO Data    RW Data    ZI Data      Debug   Library Name

       256         16          0          0          0        448   mc_w.l
       968          0          0          0          0        832   mf_w.l

    ----------------------------------------------------------------------
      1226         16          0          0          0       1280   Library Totals

    ----------------------------------------------------------------------

==============================================================================


      Code (inc. data)   RO Data    RW Data    ZI Data      Debug   

     23344       1598       1428        232      21232     640088   Grand Totals
     23344       1598       1428        232      21232     640088   ELF Image Totals
     23344       1598       1428        232          0          0   ROM Totals

==============================================================================

    Total RO  Size (Code + RO Data)                24772 (  24.19kB)
    Total RW  Size (RW Data + ZI Data)             21464 (  20.96kB)
    Total ROM Size (Code + RO Data + RW Data)      25004 (  24.42kB)

==============================================================================

