<html>
<body>
<pre>
<h1>µVision Build Log</h1>
<h2>Tool Versions:</h2>
IDE-Version: ¦ÌVision V5.21.1.0
Copyright (C) 2016 ARM Ltd and ARM Germany GmbH. All rights reserved.
License Information: fgg pc, fgg, LIC=HF8WF-6923W-KT03H-WUIJT-VPY1D-STZKB
 
Tool Versions:
Toolchain:       MDK-ARM Professional  Version: 5.21a
Toolchain Path:  D:\Users\MDK\ARM\ARMCC\Bin
C Compiler:      Armcc.exe V5.06 update 3 (build 300)
Assembler:       Armasm.exe V5.06 update 3 (build 300)
Linker/Locator:  ArmLink.exe V5.06 update 3 (build 300)
Library Manager: ArmAr.exe V5.06 update 3 (build 300)
Hex Converter:   FromElf.exe V5.06 update 3 (build 300)
CPU DLL:         SARMCM3.DLL V5.21a
Dialog DLL:      DCM.DLL V1.13.8.0
Target DLL:      Segger\JL2CM3.dll V2.99.23.0
Dialog DLL:      TCM.DLL V1.14.14.0
 
<h2>Project:</h2>
E:\Git¿â_È«²¿³ÌÐò\Other_test\ÐÂ²½±øµ×ÅÌ²âÊÔ\MDK-ARM\2018.07.12-infantry.uvprojx
Project File Date:  06/18/2019

<h2>Output:</h2>
*** Using Compiler 'V5.06 update 3 (build 300)', folder: 'D:\Users\MDK\ARM\ARMCC\Bin'
Build target '2018.07.12-infantry'
compiling data_pro_task.c...
compiling chassis_task.c...
APP_task\chassis_task.c(34): warning:  #177-D: variable "Current_set" was declared but never referenced
  static float Current_set[4] = {0};  //´«?Ý¸ø¹??????ÆµÄ»º´?
APP_task\chassis_task.c: 1 warning, 0 errors
linking...
Program Size: Code=23344 RO-data=1428 RW-data=232 ZI-data=21232  
"2018.07.12-infantry\2018.07.12-infantry" - 0 Error(s), 1 Warning(s).

<h2>Software Packages used:</h2>

Package Vendor: ARM
                http://www.keil.com/pack/ARM.CMSIS.4.5.0.pack
                ARM::CMSIS:CORE:4.3.0
                CMSIS (Cortex Microcontroller Software Interface Standard)
   * Component: CORE Version: 4.3.0

<h2>Collection of Component include folders:</h2>
  E:\Git¿â_È«²¿³ÌÐò\Other_test\ÐÂ²½±øµ×ÅÌ²âÊÔ\MDK-ARM\RTE
  D:\Users\MDK\ARM\PACK\ARM\CMSIS\4.5.0\CMSIS\Include
  D:\Users\MDK\ARM\PACK\Keil\STM32F4xx_DFP\2.9.0\Drivers\CMSIS\Device\ST\STM32F4xx\Include

<h2>Collection of Component Files used:</h2>

   * Component: ARM::CMSIS:CORE:4.3.0
Build Time Elapsed:  00:00:09
</pre>
</body>
</html>
